Archive member included to satisfy reference by file (symbol)

c:/users/wsanu/.silabs/slt/installs/conan/p/gcc-ab83b3403fdca6/p/bin/../lib/gcc/arm-none-eabi/12.2.1/thumb/v7e-m+fp/softfp\libgcc.a(_arm_muldf3.o)
                              CMakeFiles/slc.dir/base/d6b3b52407b950f02110f23c10333dbe/device/silabs/si91x/mcu/drivers/unified_api/src/sl_si91x_bjt_temperature_sensor.c.obj (__aeabi_dmul)
c:/users/wsanu/.silabs/slt/installs/conan/p/gcc-ab83b3403fdca6/p/bin/../lib/gcc/arm-none-eabi/12.2.1/thumb/v7e-m+fp/softfp\libgcc.a(_arm_addsubdf3.o)
                              CMakeFiles/slc.dir/base/58baa7af52fc6fdf087fd5e38b16feaa/components/device/silabs/si91x/mcu/drivers/peripheral_drivers/src/clock_update.c.obj (__aeabi_dadd)
c:/users/wsanu/.silabs/slt/installs/conan/p/gcc-ab83b3403fdca6/p/bin/../lib/gcc/arm-none-eabi/12.2.1/thumb/v7e-m+fp/softfp\libgcc.a(_arm_muldivdf3.o)
                              CMakeFiles/slc.dir/base/58baa7af52fc6fdf087fd5e38b16feaa/components/device/silabs/si91x/mcu/drivers/peripheral_drivers/src/clock_update.c.obj (__aeabi_ddiv)
c:/users/wsanu/.silabs/slt/installs/conan/p/gcc-ab83b3403fdca6/p/bin/../lib/gcc/arm-none-eabi/12.2.1/thumb/v7e-m+fp/softfp\libgcc.a(_arm_cmpdf2.o)
                              CMakeFiles/slc.dir/base/58baa7af52fc6fdf087fd5e38b16feaa/components/device/silabs/si91x/mcu/drivers/systemlevel/src/rsi_ipmu.c.obj (__aeabi_dcmple)
c:/users/wsanu/.silabs/slt/installs/conan/p/gcc-ab83b3403fdca6/p/bin/../lib/gcc/arm-none-eabi/12.2.1/thumb/v7e-m+fp/softfp\libgcc.a(_arm_fixunsdfsi.o)
                              CMakeFiles/slc.dir/base/58baa7af52fc6fdf087fd5e38b16feaa/components/device/silabs/si91x/mcu/drivers/peripheral_drivers/src/clock_update.c.obj (__aeabi_d2uiz)
c:/users/wsanu/.silabs/slt/installs/conan/p/gcc-ab83b3403fdca6/p/bin/../lib/gcc/arm-none-eabi/12.2.1/thumb/v7e-m+fp/softfp\libc_nano.a(libc_a-exit.o)
                              c:/users/wsanu/.silabs/slt/installs/conan/p/gcc-ab83b3403fdca6/p/bin/../lib/gcc/arm-none-eabi/12.2.1/thumb/v7e-m+fp/softfp/crt0.o (exit)
c:/users/wsanu/.silabs/slt/installs/conan/p/gcc-ab83b3403fdca6/p/bin/../lib/gcc/arm-none-eabi/12.2.1/thumb/v7e-m+fp/softfp\libc_nano.a(libc_a-nano-vfprintf_float.o)
                              (_printf_float)
c:/users/wsanu/.silabs/slt/installs/conan/p/gcc-ab83b3403fdca6/p/bin/../lib/gcc/arm-none-eabi/12.2.1/thumb/v7e-m+fp/softfp\libc_nano.a(libc_a-nano-vfprintf_i.o)
                              c:/users/wsanu/.silabs/slt/installs/conan/p/gcc-ab83b3403fdca6/p/bin/../lib/gcc/arm-none-eabi/12.2.1/thumb/v7e-m+fp/softfp\libc_nano.a(libc_a-nano-vfprintf_float.o) (_printf_common)
c:/users/wsanu/.silabs/slt/installs/conan/p/gcc-ab83b3403fdca6/p/bin/../lib/gcc/arm-none-eabi/12.2.1/thumb/v7e-m+fp/softfp\libc_nano.a(libc_a-findfp.o)
                              c:/users/wsanu/.silabs/slt/installs/conan/p/gcc-ab83b3403fdca6/p/bin/../lib/gcc/arm-none-eabi/12.2.1/thumb/v7e-m+fp/softfp\libc_nano.a(libc_a-exit.o) (__stdio_exit_handler)
c:/users/wsanu/.silabs/slt/installs/conan/p/gcc-ab83b3403fdca6/p/bin/../lib/gcc/arm-none-eabi/12.2.1/thumb/v7e-m+fp/softfp\libc_nano.a(libc_a-fwalk.o)
                              c:/users/wsanu/.silabs/slt/installs/conan/p/gcc-ab83b3403fdca6/p/bin/../lib/gcc/arm-none-eabi/12.2.1/thumb/v7e-m+fp/softfp\libc_nano.a(libc_a-findfp.o) (_fwalk_sglue)
c:/users/wsanu/.silabs/slt/installs/conan/p/gcc-ab83b3403fdca6/p/bin/../lib/gcc/arm-none-eabi/12.2.1/thumb/v7e-m+fp/softfp\libc_nano.a(libc_a-printf.o)
                              CMakeFiles/slc.dir/base/4f7f8d6a8f987815e6a4eab47a0fe4df/silabs/si91x/mcu/drivers/unified_peripheral_drivers/src/sl_si91x_peripheral_gpio.c.obj (printf)
c:/users/wsanu/.silabs/slt/installs/conan/p/gcc-ab83b3403fdca6/p/bin/../lib/gcc/arm-none-eabi/12.2.1/thumb/v7e-m+fp/softfp\libc_nano.a(libc_a-puts.o)
                              CMakeFiles/slc.dir/base/C_/Users/wsanu/SimplicityStudio/ESE5160-GGWP-Muscle_Master/MM_button_led_tst/button_baremetal.c.obj (puts)
c:/users/wsanu/.silabs/slt/installs/conan/p/gcc-ab83b3403fdca6/p/bin/../lib/gcc/arm-none-eabi/12.2.1/thumb/v7e-m+fp/softfp\libc_nano.a(libc_a-stdio.o)
                              c:/users/wsanu/.silabs/slt/installs/conan/p/gcc-ab83b3403fdca6/p/bin/../lib/gcc/arm-none-eabi/12.2.1/thumb/v7e-m+fp/softfp\libc_nano.a(libc_a-findfp.o) (__sread)
c:/users/wsanu/.silabs/slt/installs/conan/p/gcc-ab83b3403fdca6/p/bin/../lib/gcc/arm-none-eabi/12.2.1/thumb/v7e-m+fp/softfp\libc_nano.a(libc_a-wbuf.o)
                              c:/users/wsanu/.silabs/slt/installs/conan/p/gcc-ab83b3403fdca6/p/bin/../lib/gcc/arm-none-eabi/12.2.1/thumb/v7e-m+fp/softfp\libc_nano.a(libc_a-puts.o) (__swbuf_r)
c:/users/wsanu/.silabs/slt/installs/conan/p/gcc-ab83b3403fdca6/p/bin/../lib/gcc/arm-none-eabi/12.2.1/thumb/v7e-m+fp/softfp\libc_nano.a(libc_a-wsetup.o)
[...]
Memory Configuration

Name             Origin             Length             Attributes
rom              0x08202000         0x001fe000         xr
ram              0x0000000c         0x0002fbf4         xrw
udma0            0x0002fc00         0x00000400         xrw
udma1            0x24061c00         0x00000400         xrw
*default*        0x00000000         0xffffffff

Linker script and memory map

LOAD c:/users/wsanu/.silabs/slt/installs/conan/p/gcc-ab83b3403fdca6/p/bin/../lib/gcc/arm-none-eabi/12.2.1/thumb/v7e-m+fp/softfp/crti.o
LOAD c:/users/wsanu/.silabs/slt/installs/conan/p/gcc-ab83b3403fdca6/p/bin/../lib/gcc/arm-none-eabi/12.2.1/thumb/v7e-m+fp/softfp/crtbegin.o
LOAD c:/users/wsanu/.silabs/slt/installs/conan/p/gcc-ab83b3403fdca6/p/bin/../lib/gcc/arm-none-eabi/12.2.1/thumb/v7e-m+fp/softfp/crt0.o
LOAD CMakeFiles/slc.dir/base/bb1de96d2fd4ceb0a05355542543e755/MM_button_led_tst/simplicity_sdk_2025.6.3/platform/common/src/sl_assert.c.obj
LOAD CMakeFiles/slc.dir/base/bb1de96d2fd4ceb0a05355542543e755/MM_button_led_tst/simplicity_sdk_2025.6.3/platform/common/src/sl_syscalls.c.obj
LOAD CMakeFiles/slc.dir/base/6a6a86fed2bdf048463f542726e8a36f/simplicity_sdk_2025.6.3/platform/service/sl_main/src/sl_main_init.c.obj
LOAD CMakeFiles/slc.dir/base/6a6a86fed2bdf048463f542726e8a36f/simplicity_sdk_2025.6.3/platform/service/sl_main/src/sl_main_init_memory.c.obj
LOAD CMakeFiles/slc.dir/base/6a6a86fed2bdf048463f542726e8a36f/simplicity_sdk_2025.6.3/platform/service/sl_main/src/sl_main_process_action.c.obj
LOAD CMakeFiles/slc.dir/base/C_/Users/wsanu/SimplicityStudio/ESE5160-GGWP-Muscle_Master/MM_button_led_tst/app.c.obj
LOAD CMakeFiles/slc.dir/base/C_/Users/wsanu/SimplicityStudio/ESE5160-GGWP-Muscle_Master/MM_button_led_tst/autogen/sl_event_handler.c.obj
LOAD CMakeFiles/slc.dir/base/C_/Users/wsanu/SimplicityStudio/ESE5160-GGWP-Muscle_Master/MM_button_led_tst/autogen/sl_si91x_button_instances.c.obj
LOAD CMakeFiles/slc.dir/base/C_/Users/wsanu/SimplicityStudio/ESE5160-GGWP-Muscle_Master/MM_button_led_tst/autogen/sl_si91x_led_instances.c.obj
LOAD CMakeFiles/slc.dir/base/C_/Users/wsanu/SimplicityStudio/ESE5160-GGWP-Muscle_Master/MM_button_led_tst/button_baremetal.c.obj
LOAD CMakeFiles/slc.dir/base/C_/Users/wsanu/SimplicityStudio/ESE5160-GGWP-Muscle_Master/MM_button_led_tst/main.c.obj
LOAD CMakeFiles/slc.dir/base/58baa7af52fc6fdf087fd5e38b16feaa/components/device/silabs/si91x/mcu/core/chip/src/iPMU_prog/iPMU_dotc/ipmu_apis.c.obj
LOAD CMakeFiles/slc.dir/base/d6b3b52407b950f02110f23c10333dbe/device/silabs/si91x/mcu/core/chip/src/iPMU_prog/iPMU_dotc/rsi_system_config_917.c.obj
LOAD CMakeFiles/slc.dir/base/58baa7af52fc6fdf087fd5e38b16feaa/components/device/silabs/si91x/mcu/core/chip/src/rsi_deepsleep_soc.c.obj
LOAD CMakeFiles/slc.dir/base/58baa7af52fc6fdf087fd5e38b16feaa/components/device/silabs/si91x/mcu/core/chip/src/rsi_ps_ram_func.c.obj
LOAD CMakeFiles/slc.dir/base/58baa7af52fc6fdf087fd5e38b16feaa/components/device/silabs/si91x/mcu/core/chip/src/startup_si91x.c.obj
LOAD CMakeFiles/slc.dir/base/58baa7af52fc6fdf087fd5e38b16feaa/components/device/silabs/si91x/mcu/core/chip/src/system_si91x.c.obj
LOAD CMakeFiles/slc.dir/base/58baa7af52fc6fdf087fd5e38b16feaa/components/device/silabs/si91x/mcu/core/common/src/rsi_debug.c.obj
LOAD CMakeFiles/slc.dir/base/58baa7af52fc6fdf087fd5e38b16feaa/components/device/silabs/si91x/mcu/core/common/src/sl_si91x_stack_object_declare.c.obj
LOAD CMakeFiles/slc.dir/base/6a6a86fed2bdf048463f542726e8a36f/wiseconnect3_sdk_3.5.2/components/device/silabs/si91x/mcu/core/common/src/syscalls.c.obj
LOAD CMakeFiles/slc.dir/base/58baa7af52fc6fdf087fd5e38b16feaa/components/device/silabs/si91x/mcu/core/config/src/rsi_nvic_priorities_config.c.obj
LOAD CMakeFiles/slc.dir/base/58baa7af52fc6fdf087fd5e38b16feaa/components/device/silabs/si91x/mcu/drivers/cmsis_driver/UDMA.c.obj
LOAD CMakeFiles/slc.dir/base/58baa7af52fc6fdf087fd5e38b16feaa/components/device/silabs/si91x/mcu/drivers/cmsis_driver/USART.c.obj
LOAD CMakeFiles/slc.dir/base/d6b3b52407b950f02110f23c10333dbe/device/silabs/si91x/mcu/drivers/hardware_drivers/button/src/sl_si91x_button.c.obj
LOAD CMakeFiles/slc.dir/base/58baa7af52fc6fdf087fd5e38b16feaa/components/device/silabs/si91x/mcu/drivers/hardware_drivers/led/src/sl_si91x_led.c.obj
LOAD CMakeFiles/slc.dir/base/d6b3b52407b950f02110f23c10333dbe/device/silabs/si91x/mcu/drivers/peripheral_drivers/src/aux_reference_volt_config.c.obj
LOAD CMakeFiles/slc.dir/base/58baa7af52fc6fdf087fd5e38b16feaa/components/device/silabs/si91x/mcu/drivers/peripheral_drivers/src/clock_update.c.obj
LOAD CMakeFiles/slc.dir/base/58baa7af52fc6fdf087fd5e38b16feaa/components/device/silabs/si91x/mcu/drivers/peripheral_drivers/src/rsi_adc.c.obj
LOAD CMakeFiles/slc.dir/base/58baa7af52fc6fdf087fd5e38b16feaa/components/device/silabs/si91x/mcu/drivers/peripheral_drivers/src/rsi_crc.c.obj
LOAD CMakeFiles/slc.dir/base/58baa7af52fc6fdf087fd5e38b16feaa/components/device/silabs/si91x/mcu/drivers/peripheral_drivers/src/rsi_dac.c.obj
LOAD CMakeFiles/slc.dir/base/58baa7af52fc6fdf087fd5e38b16feaa/components/device/silabs/si91x/mcu/drivers/peripheral_drivers/src/rsi_egpio.c.obj
LOAD CMakeFiles/slc.dir/base/58baa7af52fc6fdf087fd5e38b16feaa/components/device/silabs/si91x/mcu/drivers/peripheral_drivers/src/rsi_opamp.c.obj
LOAD CMakeFiles/slc.dir/base/58baa7af52fc6fdf087fd5e38b16feaa/components/device/silabs/si91x/mcu/drivers/peripheral_drivers/src/rsi_udma.c.obj
LOAD CMakeFiles/slc.dir/base/58baa7af52fc6fdf087fd5e38b16feaa/components/device/silabs/si91x/mcu/drivers/peripheral_drivers/src/rsi_udma_wrapper.c.obj
LOAD CMakeFiles/slc.dir/base/58baa7af52fc6fdf087fd5e38b16feaa/components/device/silabs/si91x/mcu/drivers/peripheral_drivers/src/rsi_usart.c.obj
LOAD CMakeFiles/slc.dir/base/d6b3b52407b950f02110f23c10333dbe/device/silabs/si91x/mcu/drivers/service/clock_manager/src/sl_si91x_clock_manager.c.obj
LOAD CMakeFiles/slc.dir/base/58baa7af52fc6fdf087fd5e38b16feaa/components/device/silabs/si91x/mcu/drivers/systemlevel/src/rsi_bod.c.obj
LOAD CMakeFiles/slc.dir/base/58baa7af52fc6fdf087fd5e38b16feaa/components/device/silabs/si91x/mcu/drivers/systemlevel/src/rsi_ipmu.c.obj
LOAD CMakeFiles/slc.dir/base/58baa7af52fc6fdf087fd5e38b16feaa/components/device/silabs/si91x/mcu/drivers/systemlevel/src/rsi_pll.c.obj
LOAD CMakeFiles/slc.dir/base/58baa7af52fc6fdf087fd5e38b16feaa/components/device/silabs/si91x/mcu/drivers/systemlevel/src/rsi_rtc.c.obj
LOAD CMakeFiles/slc.dir/base/58baa7af52fc6fdf087fd5e38b16feaa/components/device/silabs/si91x/mcu/drivers/systemlevel/src/rsi_temp_sensor.c.obj
LOAD CMakeFiles/slc.dir/base/58baa7af52fc6fdf087fd5e38b16feaa/components/device/silabs/si91x/mcu/drivers/systemlevel/src/rsi_time_period.c.obj
LOAD CMakeFiles/slc.dir/base/58baa7af52fc6fdf087fd5e38b16feaa/components/device/silabs/si91x/mcu/drivers/systemlevel/src/rsi_ulpss_clk.c.obj
LOAD CMakeFiles/slc.dir/base/58baa7af52fc6fdf087fd5e38b16feaa/components/device/silabs/si91x/mcu/drivers/unified_api/src/sl_si91x_adc.c.obj
LOAD CMakeFiles/slc.dir/base/d6b3b52407b950f02110f23c10333dbe/device/silabs/si91x/mcu/drivers/unified_api/src/sl_si91x_bjt_temperature_sensor.c.obj
LOAD CMakeFiles/slc.dir/base/58baa7af52fc6fdf087fd5e38b16feaa/components/device/silabs/si91x/mcu/drivers/unified_api/src/sl_si91x_dma.c.obj
LOAD CMakeFiles/slc.dir/base/58baa7af52fc6fdf087fd5e38b16feaa/components/device/silabs/si91x/mcu/drivers/unified_api/src/sl_si91x_driver_gpio.c.obj
LOAD CMakeFiles/slc.dir/base/4f7f8d6a8f987815e6a4eab47a0fe4df/silabs/si91x/mcu/drivers/unified_peripheral_drivers/src/sl_si91x_peripheral_gpio.c.obj
START GROUP
LOAD c:/users/wsanu/.silabs/slt/installs/conan/p/gcc-ab83b3403fdca6/p/bin/../lib/gcc/arm-none-eabi/12.2.1/thumb/v7e-m+fp/softfp\libgcc.a
LOAD c:/users/wsanu/.silabs/slt/installs/conan/p/gcc-ab83b3403fdca6/p/bin/../lib/gcc/arm-none-eabi/12.2.1/thumb/v7e-m+fp/softfp\libnosys.a
LOAD c:/users/wsanu/.silabs/slt/installs/conan/p/gcc-ab83b3403fdca6/p/bin/../lib/gcc/arm-none-eabi/12.2.1/thumb/v7e-m+fp/softfp\libc_nano.a
LOAD c:/users/wsanu/.silabs/slt/installs/conan/p/gcc-ab83b3403fdca6/p/bin/../lib/gcc/arm-none-eabi/12.2.1/thumb/v7e-m+fp/softfp\libm.a
END GROUP
START GROUP
LOAD c:/users/wsanu/.silabs/slt/installs/conan/p/gcc-ab83b3403fdca6/p/bin/../lib/gcc/arm-none-eabi/12.2.1/thumb/v7e-m+fp/softfp\libgcc.a
LOAD c:/users/wsanu/.silabs/slt/installs/conan/p/gcc-ab83b3403fdca6/p/bin/../lib/gcc/arm-none-eabi/12.2.1/thumb/v7e-m+fp/softfp\libc_nano.a
END GROUP
START GROUP
LOAD c:/users/wsanu/.silabs/slt/installs/conan/p/gcc-ab83b3403fdca6/p/bin/../lib/gcc/arm-none-eabi/12.2.1/thumb/v7e-m+fp/softfp\libgcc.a
LOAD c:/users/wsanu/.silabs/slt/installs/conan/p/gcc-ab83b3403fdca6/p/bin/../lib/gcc/arm-none-eabi/12.2.1/thumb/v7e-m+fp/softfp\libc_nano.a
END GROUP
LOAD c:/users/wsanu/.silabs/slt/installs/conan/p/gcc-ab83b3403fdca6/p/bin/../lib/gcc/arm-none-eabi/12.2.1/thumb/v7e-m+fp/softfp/crtend.o
LOAD c:/users/wsanu/.silabs/slt/installs/conan/p/gcc-ab83b3403fdca6/p/bin/../lib/gcc/arm-none-eabi/12.2.1/thumb/v7e-m+fp/softfp/crtn.o

.text           0x08202000     0xa038
 *(.isr_vector)
 .isr_vector    0x08202000      0x16c CMakeFiles/slc.dir/base/58baa7af52fc6fdf087fd5e38b16feaa/components/device/silabs/si91x/mcu/core/chip/src/startup_si91x.c.obj
                0x08202000                __Vectors
                0x08202180                . = ALIGN (0x20)
 *fill*         0x0820216c       0x14 
 *(EXCLUDE_FILE(*UDMA.o) .text*)
 .text.deregister_tm_clones
                0x08202180       0x1c c:/users/wsanu/.silabs/slt/installs/conan/p/gcc-ab83b3403fdca6/p/bin/../lib/gcc/arm-none-eabi/12.2.1/thumb/v7e-m+fp/softfp/crtbegin.o
 .text.register_tm_clones
                0x0820219c       0x24 c:/users/wsanu/.silabs/slt/installs/conan/p/gcc-ab83b3403fdca6/p/bin/../lib/gcc/arm-none-eabi/12.2.1/thumb/v7e-m+fp/softfp/crtbegin.o
 .text.__do_global_dtors_aux
                0x082021c0       0x28 c:/users/wsanu/.silabs/slt/installs/conan/p/gcc-ab83b3403fdca6/p/bin/../lib/gcc/arm-none-eabi/12.2.1/thumb/v7e-m+fp/softfp/crtbegin.o
 .text.frame_dummy
                0x082021e8       0x24 c:/users/wsanu/.silabs/slt/installs/conan/p/gcc-ab83b3403fdca6/p/bin/../lib/gcc/arm-none-eabi/12.2.1/thumb/v7e-m+fp/softfp/crtbegin.o
 .text.app_init_pre_clock
                0x0820220c        0x2 CMakeFiles/slc.dir/base/6a6a86fed2bdf048463f542726e8a36f/simplicity_sdk_2025.6.3/platform/service/sl_main/src/sl_main_init.c.obj
                0x0820220c                app_init_pre_clock
 .text.app_init_early
                0x0820220e        0x2 CMakeFiles/slc.dir/base/6a6a86fed2bdf048463f542726e8a36f/simplicity_sdk_2025.6.3/platform/service/sl_main/src/sl_main_init.c.obj
                0x0820220e                app_init_early
 .text.sl_main_second_stage_init
                0x08202210       0x1a CMakeFiles/slc.dir/base/6a6a86fed2bdf048463f542726e8a36f/simplicity_sdk_2025.6.3/platform/service/sl_main/src/sl_main_init.c.obj
                0x08202210                sl_main_second_stage_init
 .text.sl_main_init
                0x0820222a       0x1e CMakeFiles/slc.dir/base/6a6a86fed2bdf048463f542726e8a36f/simplicity_sdk_2025.6.3/platform/service/sl_main/src/sl_main_init.c.obj
                0x0820222a                sl_main_init
 .text.app_permanent_memory_alloc
                0x08202248        0x2 CMakeFiles/slc.dir/base/6a6a86fed2bdf048463f542726e8a36f/simplicity_sdk_2025.6.3/platform/service/sl_main/src/sl_main_init_memory.c.obj
                0x08202248                app_permanent_memory_alloc
 .text.sli_allocate_permanent_memory
                0x0820224a       0x18 CMakeFiles/slc.dir/base/6a6a86fed2bdf048463f542726e8a36f/simplicity_sdk_2025.6.3/platform/service/sl_main/src/sl_main_init_memory.c.obj
                0x0820224a                sli_allocate_permanent_memory
 .text.sl_main_process_action
                0x08202262       0x16 CMakeFiles/slc.dir/base/6a6a86fed2bdf048463f542726e8a36f/simplicity_sdk_2025.6.3/platform/service/sl_main/src/sl_main_process_action.c.obj
                0x08202262                sl_main_process_action
 .text.app_init
                0x08202278        0x4 CMakeFiles/slc.dir/base/C_/Users/wsanu/SimplicityStudio/ESE5160-GGWP-Muscle_Master/MM_button_led_tst/app.c.obj
                0x08202278                app_init
 .text.app_process_action
                0x0820227c        0x4 CMakeFiles/slc.dir/base/C_/Users/wsanu/SimplicityStudio/ESE5160-GGWP-Muscle_Master/MM_button_led_tst/app.c.obj
                0x0820227c                app_process_action
 .text.sli_driver_permanent_allocation
                0x08202280        0x2 CMakeFiles/slc.dir/base/C_/Users/wsanu/SimplicityStudio/ESE5160-GGWP-Muscle_Master/MM_button_led_tst/autogen/sl_event_handler.c.obj
                0x08202280                sli_driver_permanent_allocation
 .text.sli_service_permanent_allocation
                0x08202282        0x2 CMakeFiles/slc.dir/base/C_/Users/wsanu/SimplicityStudio/ESE5160-GGWP-Muscle_Master/MM_button_led_tst/autogen/sl_event_handler.c.obj
                0x08202282                sli_service_permanent_allocation
 .text.sli_stack_permanent_allocation
                0x08202284        0x2 CMakeFiles/slc.dir/base/C_/Users/wsanu/SimplicityStudio/ESE5160-GGWP-Muscle_Master/MM_button_led_tst/autogen/sl_event_handler.c.obj
                0x08202284                sli_stack_permanent_allocation
 .text.sli_internal_permanent_allocation
                0x08202286        0x2 CMakeFiles/slc.dir/base/C_/Users/wsanu/SimplicityStudio/ESE5160-GGWP-Muscle_Master/MM_button_led_tst/autogen/sl_event_handler.c.obj
                0x08202286                sli_internal_permanent_allocation
 .text.sl_platform_init
                0x08202288        0xe CMakeFiles/slc.dir/base/C_/Users/wsanu/SimplicityStudio/ESE5160-GGWP-Muscle_Master/MM_button_led_tst/autogen/sl_event_handler.c.obj
                0x08202288                sl_platform_init
 .text.sli_internal_init_early
                0x08202296        0x2 CMakeFiles/slc.dir/base/C_/Users/wsanu/SimplicityStudio/ESE5160-GGWP-Muscle_Master/MM_button_led_tst/autogen/sl_event_handler.c.obj
                0x08202296                sli_internal_init_early
 .text.sl_driver_init
                0x08202298        0xe CMakeFiles/slc.dir/base/C_/Users/wsanu/SimplicityStudio/ESE5160-GGWP-Muscle_Master/MM_button_led_tst/autogen/sl_event_handler.c.obj
                0x08202298                sl_driver_init
 .text.sl_service_init
                0x082022a6        0x2 CMakeFiles/slc.dir/base/C_/Users/wsanu/SimplicityStudio/ESE5160-GGWP-Muscle_Master/MM_button_led_tst/autogen/sl_event_handler.c.obj
                0x082022a6                sl_service_init
 .text.sl_stack_init
                0x082022a8        0x2 CMakeFiles/slc.dir/base/C_/Users/wsanu/SimplicityStudio/ESE5160-GGWP-Muscle_Master/MM_button_led_tst/autogen/sl_event_handler.c.obj
                0x082022a8                sl_stack_init
 .text.sl_internal_app_init
                0x082022aa        0x2 CMakeFiles/slc.dir/base/C_/Users/wsanu/SimplicityStudio/ESE5160-GGWP-Muscle_Master/MM_button_led_tst/autogen/sl_event_handler.c.obj
                0x082022aa                sl_internal_app_init
 .text.sli_platform_process_action
                0x082022ac        0x2 CMakeFiles/slc.dir/base/C_/Users/wsanu/SimplicityStudio/ESE5160-GGWP-Muscle_Master/MM_button_led_tst/autogen/sl_event_handler.c.obj
                0x082022ac                sli_platform_process_action
 .text.sli_service_process_action
                0x082022ae        0x2 CMakeFiles/slc.dir/base/C_/Users/wsanu/SimplicityStudio/ESE5160-GGWP-Muscle_Master/MM_button_led_tst/autogen/sl_event_handler.c.obj
                0x082022ae                sli_service_process_action
 .text.sli_stack_process_action
                0x082022b0        0x2 CMakeFiles/slc.dir/base/C_/Users/wsanu/SimplicityStudio/ESE5160-GGWP-Muscle_Master/MM_button_led_tst/autogen/sl_event_handler.c.obj
                0x082022b0                sli_stack_process_action
 .text.sli_internal_app_process_action
                0x082022b2        0x2 CMakeFiles/slc.dir/base/C_/Users/wsanu/SimplicityStudio/ESE5160-GGWP-Muscle_Master/MM_button_led_tst/autogen/sl_event_handler.c.obj
                0x082022b2                sli_internal_app_process_action
 .text.button_init_instances
                0x082022b4        0xc CMakeFiles/slc.dir/base/C_/Users/wsanu/SimplicityStudio/ESE5160-GGWP-Muscle_Master/MM_button_led_tst/autogen/sl_si91x_button_instances.c.obj
                0x082022b4                button_init_instances
 .text.led_init_instances
                0x082022c0        0xc CMakeFiles/slc.dir/base/C_/Users/wsanu/SimplicityStudio/ESE5160-GGWP-Muscle_Master/MM_button_led_tst/autogen/sl_si91x_led_instances.c.obj
                0x082022c0                led_init_instances
 .text.button_init
                0x082022cc        0x2 CMakeFiles/slc.dir/base/C_/Users/wsanu/SimplicityStudio/ESE5160-GGWP-Muscle_Master/MM_button_led_tst/button_baremetal.c.obj
                0x082022cc                button_init
 .text.button_process_action
                0x082022ce        0x2 CMakeFiles/slc.dir/base/C_/Users/wsanu/SimplicityStudio/ESE5160-GGWP-Muscle_Master/MM_button_led_tst/button_baremetal.c.obj
                0x082022ce                button_process_action
 .text.sl_si91x_button_isr
                0x082022d0       0x30 CMakeFiles/slc.dir/base/C_/Users/wsanu/SimplicityStudio/ESE5160-GGWP-Muscle_Master/MM_button_led_tst/button_baremetal.c.obj
                0x082022d0                sl_si91x_button_isr
 .text.startup.main
                0x08202300       0x14 CMakeFiles/slc.dir/base/C_/Users/wsanu/SimplicityStudio/ESE5160-GGWP-Muscle_Master/MM_button_led_tst/main.c.obj
                0x08202300                main
 .text.init_ipmu_calib_data
                0x08202314       0x54 CMakeFiles/slc.dir/base/58baa7af52fc6fdf087fd5e38b16feaa/components/device/silabs/si91x/mcu/core/chip/src/iPMU_prog/iPMU_dotc/ipmu_apis.c.obj
                0x08202314                init_ipmu_calib_data
 .text.program_ipmu_data
                0x08202368       0x54 CMakeFiles/slc.dir/base/58baa7af52fc6fdf087fd5e38b16feaa/components/device/silabs/si91x/mcu/core/chip/src/iPMU_prog/iPMU_dotc/ipmu_apis.c.obj
                0x08202368                program_ipmu_data
 .text.ipmu_init_mcu
                0x082023bc       0x94 CMakeFiles/slc.dir/base/58baa7af52fc6fdf087fd5e38b16feaa/components/device/silabs/si91x/mcu/core/chip/src/iPMU_prog/iPMU_dotc/ipmu_apis.c.obj
                0x082023bc                ipmu_init_mcu
 .text.ipmu_init
                0x08202450       0xa8 CMakeFiles/slc.dir/base/58baa7af52fc6fdf087fd5e38b16feaa/components/device/silabs/si91x/mcu/core/chip/src/iPMU_prog/iPMU_dotc/ipmu_apis.c.obj
                0x08202450                ipmu_init
 .text.configure_ipmu_mode
                0x082024f8       0x38 CMakeFiles/slc.dir/base/58baa7af52fc6fdf087fd5e38b16feaa/components/device/silabs/si91x/mcu/core/chip/src/iPMU_prog/iPMU_dotc/ipmu_apis.c.obj
                0x082024f8                configure_ipmu_mode
 .text.RSI_PS_RestoreCpuContext
                0x08202530       0x34 CMakeFiles/slc.dir/base/58baa7af52fc6fdf087fd5e38b16feaa/components/device/silabs/si91x/mcu/core/chip/src/rsi_deepsleep_soc.c.obj
                0x08202530                RSI_PS_RestoreCpuContext
 .text.RSI_Set_Cntrls_To_M4
                0x08202564       0x50 CMakeFiles/slc.dir/base/58baa7af52fc6fdf087fd5e38b16feaa/components/device/silabs/si91x/mcu/core/chip/src/rsi_deepsleep_soc.c.obj
                0x08202564                RSI_Set_Cntrls_To_M4
 .text.Default_Handler
                0x082025b4        0x2 CMakeFiles/slc.dir/base/58baa7af52fc6fdf087fd5e38b16feaa/components/device/silabs/si91x/mcu/core/chip/src/startup_si91x.c.obj
                0x082025b4                DebugMon_Handler
                0x082025b4                IRQ031_Handler
                0x082025b4                HardFault_Handler
                0x082025b4                IRQ095_Handler
                0x082025b4                IRQ065_Handler
                0x082025b4                SysTick_Handler
                0x082025b4                IRQ093_Handler
                0x082025b4                PendSV_Handler
                0x082025b4                NMI_Handler
                0x082025b4                IRQ014_Handler
                0x082025b4                IRQ027_Handler
                0x082025b4                IRQ062_Handler
                0x082025b4                IRQ097_Handler
                0x082025b4                IRQ088_Handler
                0x082025b4                IRQ034_Handler
                0x082025b4                IRQ071_Handler
                0x082025b4                IRQ067_Handler
                0x082025b4                IRQ070_Handler
                0x082025b4                IRQ077_Handler
                0x082025b4                IRQ028_Handler
                0x082025b4                IRQ063_Handler
                0x082025b4                IRQ076_Handler
                0x082025b4                UsageFault_Handler
                0x082025b4                IRQ023_Handler
                0x082025b4                IRQ009_Handler
                0x082025b4                IRQ048_Handler
                0x082025b4                IRQ083_Handler
                0x082025b4                IRQ089_Handler
                0x082025b4                HIF1_IRQHandler
                0x082025b4                IRQ037_Handler
                0x082025b4                IRQ074_Handler
                0x082025b4                IRQ072_Handler
                0x082025b4                IRQ008_Handler
                0x082025b4                IRQ047_Handler
                0x082025b4                IRQ082_Handler
                0x082025b4                IRQ022_Handler
                0x082025b4                IRQ007_Handler
                0x082025b4                IRQ046_Handler
                0x082025b4                IRQ081_Handler
                0x082025b4                IRQ004_Handler
                0x082025b4                IRQ043_Handler
                0x082025b4                IRQ002_Handler
                0x082025b4                IRQ041_Handler
                0x082025b4                IRQ098_Handler
                0x082025b4                IRQ000_Handler
                0x082025b4                IRQ005_Handler
                0x082025b4                IRQ044_Handler
                0x082025b4                IRQ049_Handler
                0x082025b4                IRQ084_Handler
                0x082025b4                IRQ006_Handler
                0x082025b4                IRQ045_Handler
                0x082025b4                IRQ080_Handler
                0x082025b4                IRQ015_Handler
                0x082025b4                MemManage_Handler
                0x082025b4                HIF2_IRQHandler
                0x082025b4                SVC_Handler
                0x082025b4                IRQ001_Handler
                0x082025b4                IRQ040_Handler
                0x082025b4                IRQ068_Handler
                0x082025b4                IRQ096_Handler
                0x082025b4                IRQ003_Handler
                0x082025b4                IRQ042_Handler
                0x082025b4                IRQ024_Handler
                0x082025b4                IRQ016_Handler
                0x082025b4                IRQ090_Handler
                0x082025b4                IRQ078_Handler
                0x082025b4                IRQ032_Handler
                0x082025b4                IRQ020_Handler
                0x082025b4                IRQ073_Handler
                0x082025b4                IRQ092_Handler
                0x082025b4                IRQ087_Handler
                0x082025b4                IRQ026_Handler
                0x082025b4                IRQ061_Handler
                0x082025b4                IRQ025_Handler
                0x082025b4                IRQ060_Handler
                0x082025b4                IRQ085_Handler
                0x082025b4                IRQ013_Handler
                0x082025b4                IRQ030_Handler
                0x082025b4                IRQ029_Handler
                0x082025b4                IRQ064_Handler
                0x082025b4                IRQ066_Handler
                0x082025b4                IRQ017_Handler
                0x082025b4                IRQ091_Handler
                0x082025b4                BusFault_Handler
                0x082025b4                IRQ069_Handler
                0x082025b4                IRQ075_Handler
                0x082025b4                IRQ086_Handler
                0x082025b4                IRQ094_Handler
                0x082025b4                IRQ079_Handler
 .text.Default_Reset_Handler
                0x082025b6        0x2 CMakeFiles/slc.dir/base/58baa7af52fc6fdf087fd5e38b16feaa/components/device/silabs/si91x/mcu/core/chip/src/startup_si91x.c.obj
                0x082025b6                Default_Reset_Handler
                0x082025b6                Reset_Handler
 .text.Copy_Table
                0x082025b8       0x24 CMakeFiles/slc.dir/base/58baa7af52fc6fdf087fd5e38b16feaa/components/device/silabs/si91x/mcu/core/chip/src/startup_si91x.c.obj
                0x082025b8                Copy_Table
 .text.Zero_Table
                0x082025dc       0x24 CMakeFiles/slc.dir/base/58baa7af52fc6fdf087fd5e38b16feaa/components/device/silabs/si91x/mcu/core/chip/src/startup_si91x.c.obj
                0x082025dc                Zero_Table
 .text.RSI_Default_Reset_Handler
                0x08202600       0x16 CMakeFiles/slc.dir/base/58baa7af52fc6fdf087fd5e38b16feaa/components/device/silabs/si91x/mcu/core/chip/src/startup_si91x.c.obj
                0x08202600                RSI_Default_Reset_Handler
 *fill*         0x08202616        0x2 
 .text.SystemCoreClockUpdate
                0x08202618      0x134 CMakeFiles/slc.dir/base/58baa7af52fc6fdf087fd5e38b16feaa/components/device/silabs/si91x/mcu/core/chip/src/system_si91x.c.obj
                0x08202618                SystemCoreClockUpdate
 .text.fpuInit  0x0820274c       0x44 CMakeFiles/slc.dir/base/58baa7af52fc6fdf087fd5e38b16feaa/components/device/silabs/si91x/mcu/core/chip/src/system_si91x.c.obj
                0x0820274c                fpuInit
 .text.SystemInit
                0x08202790       0xe4 CMakeFiles/slc.dir/base/58baa7af52fc6fdf087fd5e38b16feaa/components/device/silabs/si91x/mcu/core/chip/src/system_si91x.c.obj
                0x08202790                SystemInit
 .text.ARM_UART_SignalEvent
                0x08202874       0x24 CMakeFiles/slc.dir/base/58baa7af52fc6fdf087fd5e38b16feaa/components/device/silabs/si91x/mcu/core/common/src/rsi_debug.c.obj
                0x08202874                ARM_UART_SignalEvent
 .text.Board_Debug_Init
                0x08202898       0x4c CMakeFiles/slc.dir/base/58baa7af52fc6fdf087fd5e38b16feaa/components/device/silabs/si91x/mcu/core/common/src/rsi_debug.c.obj
                0x08202898                Board_Debug_Init
 .text.Board_UARTGetChar
                0x082028e4       0x30 CMakeFiles/slc.dir/base/58baa7af52fc6fdf087fd5e38b16feaa/components/device/silabs/si91x/mcu/core/common/src/rsi_debug.c.obj
                0x082028e4                Board_UARTGetChar
 .text.Board_UARTPutChar
                0x08202914       0x30 CMakeFiles/slc.dir/base/58baa7af52fc6fdf087fd5e38b16feaa/components/device/silabs/si91x/mcu/core/common/src/rsi_debug.c.obj
                0x08202914                Board_UARTPutChar
 .text.read_exclude_space
                0x08202944       0x20 CMakeFiles/slc.dir/base/6a6a86fed2bdf048463f542726e8a36f/wiseconnect3_sdk_3.5.2/components/device/silabs/si91x/mcu/core/common/src/syscalls.c.obj
 .text._getpid  0x08202964        0x4 CMakeFiles/slc.dir/base/6a6a86fed2bdf048463f542726e8a36f/wiseconnect3_sdk_3.5.2/components/device/silabs/si91x/mcu/core/common/src/syscalls.c.obj
                0x08202964                _getpid
 .text._kill    0x08202968       0x10 CMakeFiles/slc.dir/base/6a6a86fed2bdf048463f542726e8a36f/wiseconnect3_sdk_3.5.2/components/device/silabs/si91x/mcu/core/common/src/syscalls.c.obj
                0x08202968                _kill
 .text._exit    0x08202978        0xc CMakeFiles/slc.dir/base/6a6a86fed2bdf048463f542726e8a36f/wiseconnect3_sdk_3.5.2/components/device/silabs/si91x/mcu/core/common/src/syscalls.c.obj
                0x08202978                _exit
 .text._write   0x08202984       0x1c CMakeFiles/slc.dir/base/6a6a86fed2bdf048463f542726e8a36f/wiseconnect3_sdk_3.5.2/components/device/silabs/si91x/mcu/core/common/src/syscalls.c.obj
                0x08202984                _write
 .text._close   0x082029a0        0x6 CMakeFiles/slc.dir/base/6a6a86fed2bdf048463f542726e8a36f/wiseconnect3_sdk_3.5.2/components/device/silabs/si91x/mcu/core/common/src/syscalls.c.obj
                0x082029a0                _close
 .text._fstat   0x082029a6        0xa CMakeFiles/slc.dir/base/6a6a86fed2bdf048463f542726e8a36f/wiseconnect3_sdk_3.5.2/components/device/silabs/si91x/mcu/core/common/src/syscalls.c.obj
                0x082029a6                _fstat
 .text._isatty  0x082029b0        0x4 CMakeFiles/slc.dir/base/6a6a86fed2bdf048463f542726e8a36f/wiseconnect3_sdk_3.5.2/components/device/silabs/si91x/mcu/core/common/src/syscalls.c.obj
                0x082029b0                _isatty
 .text._lseek   0x082029b4        0x4 CMakeFiles/slc.dir/base/6a6a86fed2bdf048463f542726e8a36f/wiseconnect3_sdk_3.5.2/components/device/silabs/si91x/mcu/core/common/src/syscalls.c.obj
                0x082029b4                _lseek
 .text._read    0x082029b8      0x300 CMakeFiles/slc.dir/base/6a6a86fed2bdf048463f542726e8a36f/wiseconnect3_sdk_3.5.2/components/device/silabs/si91x/mcu/core/common/src/syscalls.c.obj
                0x082029b8                _read
 .text.IRQ033_Handler
                0x08202cb8       0xa8 CMakeFiles/slc.dir/base/58baa7af52fc6fdf087fd5e38b16feaa/components/device/silabs/si91x/mcu/drivers/cmsis_driver/UDMA.c.obj
                0x08202cb8                IRQ033_Handler
 .text.IRQ010_Handler
                0x08202d60       0xac CMakeFiles/slc.dir/base/58baa7af52fc6fdf087fd5e38b16feaa/components/device/silabs/si91x/mcu/drivers/cmsis_driver/UDMA.c.obj
                0x08202d60                IRQ010_Handler
 .text.ARM_USARTx_GetVersion
                0x08202e0c       0x20 CMakeFiles/slc.dir/base/58baa7af52fc6fdf087fd5e38b16feaa/components/device/silabs/si91x/mcu/drivers/cmsis_driver/USART.c.obj
                0x08202e0c                ARM_USARTx_GetVersion
 .text.ARM_ULP_UART_GetCapabilities
                0x08202e2c        0xc CMakeFiles/slc.dir/base/58baa7af52fc6fdf087fd5e38b16feaa/components/device/silabs/si91x/mcu/drivers/cmsis_driver/USART.c.obj
 .text.ARM_ULP_UART_GetModemStatus
                0x08202e38        0xc CMakeFiles/slc.dir/base/58baa7af52fc6fdf087fd5e38b16feaa/components/device/silabs/si91x/mcu/drivers/cmsis_driver/USART.c.obj
 .text.ARM_ULP_UART_SetModemControl
                0x08202e44        0xc CMakeFiles/slc.dir/base/58baa7af52fc6fdf087fd5e38b16feaa/components/device/silabs/si91x/mcu/drivers/cmsis_driver/USART.c.obj
 .text.ARM_ULP_UART_GetStatus
                0x08202e50        0xc CMakeFiles/slc.dir/base/58baa7af52fc6fdf087fd5e38b16feaa/components/device/silabs/si91x/mcu/drivers/cmsis_driver/USART.c.obj
 .text.ARM_ULP_UART_Control
                0x08202e5c       0x34 CMakeFiles/slc.dir/base/58baa7af52fc6fdf087fd5e38b16feaa/components/device/silabs/si91x/mcu/drivers/cmsis_driver/USART.c.obj
 .text.ARM_ULP_UART_GetRxCount
                0x08202e90        0xc CMakeFiles/slc.dir/base/58baa7af52fc6fdf087fd5e38b16feaa/components/device/silabs/si91x/mcu/drivers/cmsis_driver/USART.c.obj
 .text.ARM_ULP_UART_GetTxCount
                0x08202e9c        0xc CMakeFiles/slc.dir/base/58baa7af52fc6fdf087fd5e38b16feaa/components/device/silabs/si91x/mcu/drivers/cmsis_driver/USART.c.obj
 .text.ARM_ULP_UART_Transfer
                0x08202ea8       0x54 CMakeFiles/slc.dir/base/58baa7af52fc6fdf087fd5e38b16feaa/components/device/silabs/si91x/mcu/drivers/cmsis_driver/USART.c.obj
 .text.ARM_ULP_UART_Receive
                0x08202efc       0x48 CMakeFiles/slc.dir/base/58baa7af52fc6fdf087fd5e38b16feaa/components/device/silabs/si91x/mcu/drivers/cmsis_driver/USART.c.obj
 .text.ARM_ULP_UART_Send
                0x08202f44       0x48 CMakeFiles/slc.dir/base/58baa7af52fc6fdf087fd5e38b16feaa/components/device/silabs/si91x/mcu/drivers/cmsis_driver/USART.c.obj
 .text.ARM_ULP_UART_PowerControl
                0x08202f8c       0x18 CMakeFiles/slc.dir/base/58baa7af52fc6fdf087fd5e38b16feaa/components/device/silabs/si91x/mcu/drivers/cmsis_driver/USART.c.obj
 .text.ARM_ULP_UART_Uninitialize
                0x08202fa4       0x1c CMakeFiles/slc.dir/base/58baa7af52fc6fdf087fd5e38b16feaa/components/device/silabs/si91x/mcu/drivers/cmsis_driver/USART.c.obj
 .text.ARM_ULP_UART_Initialize
                0x08202fc0       0x30 CMakeFiles/slc.dir/base/58baa7af52fc6fdf087fd5e38b16feaa/components/device/silabs/si91x/mcu/drivers/cmsis_driver/USART.c.obj
 .text.IRQ038_Handler
                0x08202ff0        0xc CMakeFiles/slc.dir/base/58baa7af52fc6fdf087fd5e38b16feaa/components/device/silabs/si91x/mcu/drivers/cmsis_driver/USART.c.obj
                0x08202ff0                IRQ038_Handler
 .text.IRQ039_Handler
                0x08202ffc        0xc CMakeFiles/slc.dir/base/58baa7af52fc6fdf087fd5e38b16feaa/components/device/silabs/si91x/mcu/drivers/cmsis_driver/USART.c.obj
                0x08202ffc                IRQ039_Handler
 .text.IRQ012_Handler
                0x08203008        0xc CMakeFiles/slc.dir/base/58baa7af52fc6fdf087fd5e38b16feaa/components/device/silabs/si91x/mcu/drivers/cmsis_driver/USART.c.obj
                0x08203008                IRQ012_Handler
 .text.RSI_ULPUartHandler
                0x08203014        0x4 CMakeFiles/slc.dir/base/58baa7af52fc6fdf087fd5e38b16feaa/components/device/silabs/si91x/mcu/drivers/cmsis_driver/USART.c.obj
                0x08203014                RSI_ULPUartHandler
 .text.sl_si91x_button_init
                0x08203018       0xf0 CMakeFiles/slc.dir/base/d6b3b52407b950f02110f23c10333dbe/device/silabs/si91x/mcu/drivers/hardware_drivers/button/src/sl_si91x_button.c.obj
                0x08203018                sl_si91x_button_init
 .text.sl_si91x_button_state
                0x08203108       0x50 CMakeFiles/slc.dir/base/d6b3b52407b950f02110f23c10333dbe/device/silabs/si91x/mcu/drivers/hardware_drivers/button/src/sl_si91x_button.c.obj
                0x08203108                sl_si91x_button_state
 .text.sl_si91x_button_internal_isr
                0x08203158       0x50 CMakeFiles/slc.dir/base/d6b3b52407b950f02110f23c10333dbe/device/silabs/si91x/mcu/drivers/hardware_drivers/button/src/sl_si91x_button.c.obj
                0x08203158                sl_si91x_button_internal_isr
 .text.button_HP_IRQHandler
                0x082031a8       0x10 CMakeFiles/slc.dir/base/d6b3b52407b950f02110f23c10333dbe/device/silabs/si91x/mcu/drivers/hardware_drivers/button/src/sl_si91x_button.c.obj
 .text.button_ULP_IRQHandler
                0x082031b8       0x10 CMakeFiles/slc.dir/base/d6b3b52407b950f02110f23c10333dbe/device/silabs/si91x/mcu/drivers/hardware_drivers/button/src/sl_si91x_button.c.obj
 .text.button_UULP_IRQHandler
                0x082031c8       0x10 CMakeFiles/slc.dir/base/d6b3b52407b950f02110f23c10333dbe/device/silabs/si91x/mcu/drivers/hardware_drivers/button/src/sl_si91x_button.c.obj
 .text.sl_gpio_validation
                0x082031d8       0x3e CMakeFiles/slc.dir/base/58baa7af52fc6fdf087fd5e38b16feaa/components/device/silabs/si91x/mcu/drivers/hardware_drivers/led/src/sl_si91x_led.c.obj
 .text.sl_si91x_led_init
                0x08203216       0x30 CMakeFiles/slc.dir/base/58baa7af52fc6fdf087fd5e38b16feaa/components/device/silabs/si91x/mcu/drivers/hardware_drivers/led/src/sl_si91x_led.c.obj
                0x08203216                sl_si91x_led_init
 *fill*         0x08203246        0x2 
 .text.sl_si91x_led_toggle
                0x08203248       0x58 CMakeFiles/slc.dir/base/58baa7af52fc6fdf087fd5e38b16feaa/components/device/silabs/si91x/mcu/drivers/hardware_drivers/led/src/sl_si91x_led.c.obj
                0x08203248                sl_si91x_led_toggle
 .text.RSI_AUX_RefVoltageConfig
                0x082032a0       0xe8 CMakeFiles/slc.dir/base/d6b3b52407b950f02110f23c10333dbe/device/silabs/si91x/mcu/drivers/peripheral_drivers/src/aux_reference_volt_config.c.obj
                0x082032a0                RSI_AUX_RefVoltageConfig
 .text.RSI_CLK_GetM4RefClock
                0x08203388       0x30 CMakeFiles/slc.dir/base/58baa7af52fc6fdf087fd5e38b16feaa/components/device/silabs/si91x/mcu/drivers/peripheral_drivers/src/clock_update.c.obj
 .text.RSI_CLK_GetUlpssTouchClock
                0x082033b8       0x48 CMakeFiles/slc.dir/base/58baa7af52fc6fdf087fd5e38b16feaa/components/device/silabs/si91x/mcu/drivers/peripheral_drivers/src/clock_update.c.obj
 .text.RSI_CLK_GetQspi2Clock
                0x08203400       0x50 CMakeFiles/slc.dir/base/58baa7af52fc6fdf087fd5e38b16feaa/components/device/silabs/si91x/mcu/drivers/peripheral_drivers/src/clock_update.c.obj
 .text.RSI_CLK_GetUart1Clock
                0x08203450       0x74 CMakeFiles/slc.dir/base/58baa7af52fc6fdf087fd5e38b16feaa/components/device/silabs/si91x/mcu/drivers/peripheral_drivers/src/clock_update.c.obj
 .text.RSI_CLK_GetBaseClock
                0x082034c4      0x334 CMakeFiles/slc.dir/base/58baa7af52fc6fdf087fd5e38b16feaa/components/device/silabs/si91x/mcu/drivers/peripheral_drivers/src/clock_update.c.obj
                0x082034c4                RSI_CLK_GetBaseClock
 .text.RSI_EGPIO_HostPadsGpioModeDisable
                0x082037f8       0x10 CMakeFiles/slc.dir/base/58baa7af52fc6fdf087fd5e38b16feaa/components/device/silabs/si91x/mcu/drivers/peripheral_drivers/src/rsi_adc.c.obj
 .text.RSI_EGPIO_PadReceiverDisable
                0x08203808       0x10 CMakeFiles/slc.dir/base/58baa7af52fc6fdf087fd5e38b16feaa/components/device/silabs/si91x/mcu/drivers/peripheral_drivers/src/rsi_adc.c.obj
 .text.RSI_EGPIO_UlpPadReceiverDisable
                0x08203818       0x10 CMakeFiles/slc.dir/base/58baa7af52fc6fdf087fd5e38b16feaa/components/device/silabs/si91x/mcu/drivers/peripheral_drivers/src/rsi_adc.c.obj
 .text.adc_dac_ceil
                0x08203828       0x2a CMakeFiles/slc.dir/base/58baa7af52fc6fdf087fd5e38b16feaa/components/device/silabs/si91x/mcu/drivers/peripheral_drivers/src/rsi_adc.c.obj
 *fill*         0x08203852        0x2 
 .text.ADC_DMA_Transfer_Complete
                0x08203854       0x10 CMakeFiles/slc.dir/base/58baa7af52fc6fdf087fd5e38b16feaa/components/device/silabs/si91x/mcu/drivers/peripheral_drivers/src/rsi_adc.c.obj
                0x08203854                ADC_DMA_Transfer_Complete
 .text.ADC_DMA_Error_Callback
                0x08203864        0x4 CMakeFiles/slc.dir/base/58baa7af52fc6fdf087fd5e38b16feaa/components/device/silabs/si91x/mcu/drivers/peripheral_drivers/src/rsi_adc.c.obj
                0x08203864                ADC_DMA_Error_Callback
 .text.RSI_EGPIO_SetPinMux.constprop.0
                0x08203868       0x1c CMakeFiles/slc.dir/base/58baa7af52fc6fdf087fd5e38b16feaa/components/device/silabs/si91x/mcu/drivers/peripheral_drivers/src/rsi_adc.c.obj
 .text.RSI_ADC_PowerControl.part.0
                0x08203884       0x40 CMakeFiles/slc.dir/base/58baa7af52fc6fdf087fd5e38b16feaa/components/device/silabs/si91x/mcu/drivers/peripheral_drivers/src/rsi_adc.c.obj
 .text.ADC_Start
                0x082038c4       0x38 CMakeFiles/slc.dir/base/58baa7af52fc6fdf087fd5e38b16feaa/components/device/silabs/si91x/mcu/drivers/peripheral_drivers/src/rsi_adc.c.obj
                0x082038c4                ADC_Start
 .text.cal_adc_channel_offset
                0x082038fc       0xa4 CMakeFiles/slc.dir/base/58baa7af52fc6fdf087fd5e38b16feaa/components/device/silabs/si91x/mcu/drivers/peripheral_drivers/src/rsi_adc.c.obj
                0x082038fc                cal_adc_channel_offset
 .text.check_power_two
                0x082039a0       0x12 CMakeFiles/slc.dir/base/58baa7af52fc6fdf087fd5e38b16feaa/components/device/silabs/si91x/mcu/drivers/peripheral_drivers/src/rsi_adc.c.obj
                0x082039a0                check_power_two
 .text.roundupto_pwr2
                0x082039b2       0x1e CMakeFiles/slc.dir/base/58baa7af52fc6fdf087fd5e38b16feaa/components/device/silabs/si91x/mcu/drivers/peripheral_drivers/src/rsi_adc.c.obj
                0x082039b2                roundupto_pwr2
 .text.config_ch_freq
                0x082039d0      0x1a8 CMakeFiles/slc.dir/base/58baa7af52fc6fdf087fd5e38b16feaa/components/device/silabs/si91x/mcu/drivers/peripheral_drivers/src/rsi_adc.c.obj
 .text.max_sample_rate_achive
                0x08203b78       0x30 CMakeFiles/slc.dir/base/58baa7af52fc6fdf087fd5e38b16feaa/components/device/silabs/si91x/mcu/drivers/peripheral_drivers/src/rsi_adc.c.obj
                0x08203b78                max_sample_rate_achive
 .text.get_min_sampling_time
                0x08203ba8      0x2a0 CMakeFiles/slc.dir/base/58baa7af52fc6fdf087fd5e38b16feaa/components/device/silabs/si91x/mcu/drivers/peripheral_drivers/src/rsi_adc.c.obj
                0x08203ba8                get_min_sampling_time
 .text.ADC_PinMux
                0x08203e48      0x39c CMakeFiles/slc.dir/base/58baa7af52fc6fdf087fd5e38b16feaa/components/device/silabs/si91x/mcu/drivers/peripheral_drivers/src/rsi_adc.c.obj
                0x08203e48                ADC_PinMux
 .text.RSI_ADC_PingPongMemoryAdrConfig
                0x082041e4       0xe0 CMakeFiles/slc.dir/base/58baa7af52fc6fdf087fd5e38b16feaa/components/device/silabs/si91x/mcu/drivers/peripheral_drivers/src/rsi_adc.c.obj
                0x082041e4                RSI_ADC_PingPongMemoryAdrConfig
 .text.RSI_ADC_PingPongReInit
                0x082042c4       0x60 CMakeFiles/slc.dir/base/58baa7af52fc6fdf087fd5e38b16feaa/components/device/silabs/si91x/mcu/drivers/peripheral_drivers/src/rsi_adc.c.obj
                0x082042c4                RSI_ADC_PingPongReInit
 .text.RSI_ADC_Calibration
                0x08204324       0xb8 CMakeFiles/slc.dir/base/58baa7af52fc6fdf087fd5e38b16feaa/components/device/silabs/si91x/mcu/drivers/peripheral_drivers/src/rsi_adc.c.obj
                0x08204324                RSI_ADC_Calibration
 .text.ADC_Init
                0x082043dc      0x140 CMakeFiles/slc.dir/base/58baa7af52fc6fdf087fd5e38b16feaa/components/device/silabs/si91x/mcu/drivers/peripheral_drivers/src/rsi_adc.c.obj
                0x082043dc                ADC_Init
 .text.ADC_Per_Channel_Init
                0x0820451c      0x144 CMakeFiles/slc.dir/base/58baa7af52fc6fdf087fd5e38b16feaa/components/device/silabs/si91x/mcu/drivers/peripheral_drivers/src/rsi_adc.c.obj
                0x0820451c                ADC_Per_Channel_Init
 .text.RSI_ADC_PingpongEnable
                0x08204660       0x28 CMakeFiles/slc.dir/base/58baa7af52fc6fdf087fd5e38b16feaa/components/device/silabs/si91x/mcu/drivers/peripheral_drivers/src/rsi_adc.c.obj
                0x08204660                RSI_ADC_PingpongEnable
 .text.RSI_ADC_InternalPerChnlDmaEnable
                0x08204688       0x2a CMakeFiles/slc.dir/base/58baa7af52fc6fdf087fd5e38b16feaa/components/device/silabs/si91x/mcu/drivers/peripheral_drivers/src/rsi_adc.c.obj
                0x08204688                RSI_ADC_InternalPerChnlDmaEnable
 .text.RSI_ADC_ChannelConfig
                0x082046b2       0x68 CMakeFiles/slc.dir/base/58baa7af52fc6fdf087fd5e38b16feaa/components/device/silabs/si91x/mcu/drivers/peripheral_drivers/src/rsi_adc.c.obj
                0x082046b2                RSI_ADC_ChannelConfig
 *fill*         0x0820471a        0x2 
 .text.RSI_ADC_Stop
                0x0820471c       0x2c CMakeFiles/slc.dir/base/58baa7af52fc6fdf087fd5e38b16feaa/components/device/silabs/si91x/mcu/drivers/peripheral_drivers/src/rsi_adc.c.obj
                0x0820471c                RSI_ADC_Stop
 .text.ADC_Stop
                0x08204748       0x10 CMakeFiles/slc.dir/base/58baa7af52fc6fdf087fd5e38b16feaa/components/device/silabs/si91x/mcu/drivers/peripheral_drivers/src/rsi_adc.c.obj
                0x08204748                ADC_Stop
 .text.RSI_ADC_ChnlEnable
                0x08204758       0x40 CMakeFiles/slc.dir/base/58baa7af52fc6fdf087fd5e38b16feaa/components/device/silabs/si91x/mcu/drivers/peripheral_drivers/src/rsi_adc.c.obj
                0x08204758                RSI_ADC_ChnlEnable
 .text.RSI_ADC_ClkDivfactor
                0x08204798       0x34 CMakeFiles/slc.dir/base/58baa7af52fc6fdf087fd5e38b16feaa/components/device/silabs/si91x/mcu/drivers/peripheral_drivers/src/rsi_adc.c.obj
                0x08204798                RSI_ADC_ClkDivfactor
 .text.RSI_ADC_ChnlIntrUnMask
                0x082047cc       0x58 CMakeFiles/slc.dir/base/58baa7af52fc6fdf087fd5e38b16feaa/components/device/silabs/si91x/mcu/drivers/peripheral_drivers/src/rsi_adc.c.obj
                0x082047cc                RSI_ADC_ChnlIntrUnMask
 .text.RSI_ADC_ChnlIntrClr
                0x08204824       0x36 CMakeFiles/slc.dir/base/58baa7af52fc6fdf087fd5e38b16feaa/components/device/silabs/si91x/mcu/drivers/peripheral_drivers/src/rsi_adc.c.obj
                0x08204824                RSI_ADC_ChnlIntrClr
 *fill*         0x0820485a        0x2 
 .text.RSI_ADC_PowerControl
                0x0820485c       0x54 CMakeFiles/slc.dir/base/58baa7af52fc6fdf087fd5e38b16feaa/components/device/silabs/si91x/mcu/drivers/peripheral_drivers/src/rsi_adc.c.obj
                0x0820485c                RSI_ADC_PowerControl
 .text.ADC_Deinit
                0x082048b0       0x3c CMakeFiles/slc.dir/base/58baa7af52fc6fdf087fd5e38b16feaa/components/device/silabs/si91x/mcu/drivers/peripheral_drivers/src/rsi_adc.c.obj
                0x082048b0                ADC_Deinit
 .text.RSI_ADC_NoiseAvgMode
                0x082048ec       0x20 CMakeFiles/slc.dir/base/58baa7af52fc6fdf087fd5e38b16feaa/components/device/silabs/si91x/mcu/drivers/peripheral_drivers/src/rsi_adc.c.obj
                0x082048ec                RSI_ADC_NoiseAvgMode
 .text.ADC_ChannelConfig
                0x0820490c      0x338 CMakeFiles/slc.dir/base/58baa7af52fc6fdf087fd5e38b16feaa/components/device/silabs/si91x/mcu/drivers/peripheral_drivers/src/rsi_adc.c.obj
                0x0820490c                ADC_ChannelConfig
 .text.ADC_Per_ChannelConfig
                0x08204c44      0x394 CMakeFiles/slc.dir/base/58baa7af52fc6fdf087fd5e38b16feaa/components/device/silabs/si91x/mcu/drivers/peripheral_drivers/src/rsi_adc.c.obj
                0x08204c44                ADC_Per_ChannelConfig
 .text.RSI_ADC_TempSensorEnable
                0x08204fd8       0x10 CMakeFiles/slc.dir/base/58baa7af52fc6fdf087fd5e38b16feaa/components/device/silabs/si91x/mcu/drivers/peripheral_drivers/src/rsi_adc.c.obj
                0x08204fd8                RSI_ADC_TempSensorEnable
 .text.RSI_ADC_InterruptHandler
                0x08204fe8       0xf4 CMakeFiles/slc.dir/base/58baa7af52fc6fdf087fd5e38b16feaa/components/device/silabs/si91x/mcu/drivers/peripheral_drivers/src/rsi_adc.c.obj
                0x08204fe8                RSI_ADC_InterruptHandler
 .text.IRQ011_Handler
                0x082050dc        0xc CMakeFiles/slc.dir/base/58baa7af52fc6fdf087fd5e38b16feaa/components/device/silabs/si91x/mcu/drivers/peripheral_drivers/src/rsi_adc.c.obj
                0x082050dc                IRQ011_Handler
 .text.RSI_ADC_GainOffsetCal
                0x082050e8       0x6c CMakeFiles/slc.dir/base/58baa7af52fc6fdf087fd5e38b16feaa/components/device/silabs/si91x/mcu/drivers/peripheral_drivers/src/rsi_adc.c.obj
                0x082050e8                RSI_ADC_GainOffsetCal
 .text.RSI_ADC_ReadDataStatic
                0x08205154       0x14 CMakeFiles/slc.dir/base/58baa7af52fc6fdf087fd5e38b16feaa/components/device/silabs/si91x/mcu/drivers/peripheral_drivers/src/rsi_adc.c.obj
                0x08205154                RSI_ADC_ReadDataStatic
 .text.RSI_DAC_InterruptMask
                0x08205168       0x1e CMakeFiles/slc.dir/base/58baa7af52fc6fdf087fd5e38b16feaa/components/device/silabs/si91x/mcu/drivers/peripheral_drivers/src/rsi_dac.c.obj
                0x08205168                RSI_DAC_InterruptMask
 .text.RSI_OPAMP1_Config
                0x08205186       0xc6 CMakeFiles/slc.dir/base/58baa7af52fc6fdf087fd5e38b16feaa/components/device/silabs/si91x/mcu/drivers/peripheral_drivers/src/rsi_opamp.c.obj
                0x08205186                RSI_OPAMP1_Config
 .text.RSI_EGPIO_SetPinMux
                0x0820524c       0x14 CMakeFiles/slc.dir/base/58baa7af52fc6fdf087fd5e38b16feaa/components/device/silabs/si91x/mcu/drivers/peripheral_drivers/src/rsi_usart.c.obj
 .text.RSI_EGPIO_UlpSocGpioMode.constprop.0
                0x08205260       0x18 CMakeFiles/slc.dir/base/58baa7af52fc6fdf087fd5e38b16feaa/components/device/silabs/si91x/mcu/drivers/peripheral_drivers/src/rsi_usart.c.obj
 .text.UDMAx_ChannelDisable.isra.0
                0x08205278        0xc CMakeFiles/slc.dir/base/58baa7af52fc6fdf087fd5e38b16feaa/components/device/silabs/si91x/mcu/drivers/peripheral_drivers/src/rsi_usart.c.obj
 .text.configure_usart_gpio_pin
                0x08205284      0x1ac CMakeFiles/slc.dir/base/58baa7af52fc6fdf087fd5e38b16feaa/components/device/silabs/si91x/mcu/drivers/peripheral_drivers/src/rsi_usart.c.obj
 .text.UartIrqHandler
                0x08205430      0x200 CMakeFiles/slc.dir/base/58baa7af52fc6fdf087fd5e38b16feaa/components/device/silabs/si91x/mcu/drivers/peripheral_drivers/src/rsi_usart.c.obj
                0x08205430                UartIrqHandler
 .text.USART_SetBaudrate
                0x08205630       0x50 CMakeFiles/slc.dir/base/58baa7af52fc6fdf087fd5e38b16feaa/components/device/silabs/si91x/mcu/drivers/peripheral_drivers/src/rsi_usart.c.obj
                0x08205630                USART_SetBaudrate
 .text.USART_Initialize
                0x08205680      0x120 CMakeFiles/slc.dir/base/58baa7af52fc6fdf087fd5e38b16feaa/components/device/silabs/si91x/mcu/drivers/peripheral_drivers/src/rsi_usart.c.obj
                0x08205680                USART_Initialize
 .text.USART_Uninitialize
                0x082057a0       0xa0 CMakeFiles/slc.dir/base/58baa7af52fc6fdf087fd5e38b16feaa/components/device/silabs/si91x/mcu/drivers/peripheral_drivers/src/rsi_usart.c.obj
                0x082057a0                USART_Uninitialize
 .text.USART_PowerControl
                0x08205840      0x150 CMakeFiles/slc.dir/base/58baa7af52fc6fdf087fd5e38b16feaa/components/device/silabs/si91x/mcu/drivers/peripheral_drivers/src/rsi_usart.c.obj
                0x08205840                USART_PowerControl
 .text.USART_Send_Data
                0x08205990      0x15c CMakeFiles/slc.dir/base/58baa7af52fc6fdf087fd5e38b16feaa/components/device/silabs/si91x/mcu/drivers/peripheral_drivers/src/rsi_usart.c.obj
                0x08205990                USART_Send_Data
 .text.USART_Receive_Data
                0x08205aec      0x13c CMakeFiles/slc.dir/base/58baa7af52fc6fdf087fd5e38b16feaa/components/device/silabs/si91x/mcu/drivers/peripheral_drivers/src/rsi_usart.c.obj
                0x08205aec                USART_Receive_Data
 .text.USART_Transfer
                0x08205c28       0x72 CMakeFiles/slc.dir/base/58baa7af52fc6fdf087fd5e38b16feaa/components/device/silabs/si91x/mcu/drivers/peripheral_drivers/src/rsi_usart.c.obj
                0x08205c28                USART_Transfer
 .text.USART_GetTxCount
                0x08205c9a        0x6 CMakeFiles/slc.dir/base/58baa7af52fc6fdf087fd5e38b16feaa/components/device/silabs/si91x/mcu/drivers/peripheral_drivers/src/rsi_usart.c.obj
                0x08205c9a                USART_GetTxCount
 .text.USART_GetRxCount
                0x08205ca0        0x6 CMakeFiles/slc.dir/base/58baa7af52fc6fdf087fd5e38b16feaa/components/device/silabs/si91x/mcu/drivers/peripheral_drivers/src/rsi_usart.c.obj
                0x08205ca0                USART_GetRxCount
 *fill*         0x08205ca6        0x2 
 .text.USART_Control
                0x08205ca8      0x47c CMakeFiles/slc.dir/base/58baa7af52fc6fdf087fd5e38b16feaa/components/device/silabs/si91x/mcu/drivers/peripheral_drivers/src/rsi_usart.c.obj
                0x08205ca8                USART_Control
 .text.USART_GetStatus
                0x08206124       0x42 CMakeFiles/slc.dir/base/58baa7af52fc6fdf087fd5e38b16feaa/components/device/silabs/si91x/mcu/drivers/peripheral_drivers/src/rsi_usart.c.obj
                0x08206124                USART_GetStatus
 *fill*         0x08206166        0x2 
 .text.USART_SetModemControl
                0x08206168       0x80 CMakeFiles/slc.dir/base/58baa7af52fc6fdf087fd5e38b16feaa/components/device/silabs/si91x/mcu/drivers/peripheral_drivers/src/rsi_usart.c.obj
                0x08206168                USART_SetModemControl
 .text.USART_GetModemStatus
                0x082061e8       0x60 CMakeFiles/slc.dir/base/58baa7af52fc6fdf087fd5e38b16feaa/components/device/silabs/si91x/mcu/drivers/peripheral_drivers/src/rsi_usart.c.obj
                0x082061e8                USART_GetModemStatus
 .text.convert_rsi_to_sl_error_code
                0x08206248       0x58 CMakeFiles/slc.dir/base/d6b3b52407b950f02110f23c10333dbe/device/silabs/si91x/mcu/drivers/service/clock_manager/src/sl_si91x_clock_manager.c.obj
 .text.RSI_CLK_IntfPLLTurnOn.isra.0
                0x082062a0        0xc CMakeFiles/slc.dir/base/d6b3b52407b950f02110f23c10333dbe/device/silabs/si91x/mcu/drivers/service/clock_manager/src/sl_si91x_clock_manager.c.obj
 .text.RSI_CLK_I2sPllTurnOn.isra.0
                0x082062ac        0xc CMakeFiles/slc.dir/base/d6b3b52407b950f02110f23c10333dbe/device/silabs/si91x/mcu/drivers/service/clock_manager/src/sl_si91x_clock_manager.c.obj
 .text.RSI_CLK_SocPllTurnOn.isra.0
                0x082062b8        0xc CMakeFiles/slc.dir/base/d6b3b52407b950f02110f23c10333dbe/device/silabs/si91x/mcu/drivers/service/clock_manager/src/sl_si91x_clock_manager.c.obj
 .text.sl_si91x_clock_manager_set_pll_freq
                0x082062c4      0x130 CMakeFiles/slc.dir/base/d6b3b52407b950f02110f23c10333dbe/device/silabs/si91x/mcu/drivers/service/clock_manager/src/sl_si91x_clock_manager.c.obj
                0x082062c4                sl_si91x_clock_manager_set_pll_freq
 .text.sl_si91x_clock_manager_m4_set_core_clk.part.0
                0x082063f4       0x8c CMakeFiles/slc.dir/base/d6b3b52407b950f02110f23c10333dbe/device/silabs/si91x/mcu/drivers/service/clock_manager/src/sl_si91x_clock_manager.c.obj
 .text.sl_si91x_clock_manager_init
                0x08206480       0x24 CMakeFiles/slc.dir/base/d6b3b52407b950f02110f23c10333dbe/device/silabs/si91x/mcu/drivers/service/clock_manager/src/sl_si91x_clock_manager.c.obj
                0x08206480                sl_si91x_clock_manager_init
 .text.sl_si91x_delay_ms
                0x082064a4       0x30 CMakeFiles/slc.dir/base/d6b3b52407b950f02110f23c10333dbe/device/silabs/si91x/mcu/drivers/service/clock_manager/src/sl_si91x_clock_manager.c.obj
                0x082064a4                sl_si91x_delay_ms
 .text.RSI_BOD_IntrClr
                0x082064d4       0x1c CMakeFiles/slc.dir/base/58baa7af52fc6fdf087fd5e38b16feaa/components/device/silabs/si91x/mcu/drivers/systemlevel/src/rsi_bod.c.obj
                0x082064d4                RSI_BOD_IntrClr
 .text.RSI_BOD_SoftTriggerGetBatteryStatus
                0x082064f0       0xc8 CMakeFiles/slc.dir/base/58baa7af52fc6fdf087fd5e38b16feaa/components/device/silabs/si91x/mcu/drivers/systemlevel/src/rsi_bod.c.obj
                0x082064f0                RSI_BOD_SoftTriggerGetBatteryStatus
 .text.RSI_IPMU_UpdateIpmuCalibData_efuse
                0x082065b8      0x300 CMakeFiles/slc.dir/base/58baa7af52fc6fdf087fd5e38b16feaa/components/device/silabs/si91x/mcu/drivers/systemlevel/src/rsi_ipmu.c.obj
                0x082065b8                RSI_IPMU_UpdateIpmuCalibData_efuse
 .text.RSI_Ipmu_Init
                0x082068b8        0x4 CMakeFiles/slc.dir/base/58baa7af52fc6fdf087fd5e38b16feaa/components/device/silabs/si91x/mcu/drivers/systemlevel/src/rsi_ipmu.c.obj
                0x082068b8                RSI_Ipmu_Init
 .text.RSI_Configure_Ipmu_Mode
                0x082068bc       0x74 CMakeFiles/slc.dir/base/58baa7af52fc6fdf087fd5e38b16feaa/components/device/silabs/si91x/mcu/drivers/systemlevel/src/rsi_ipmu.c.obj
                0x082068bc                RSI_Configure_Ipmu_Mode
 .text.RSI_IPMU_PowerGateSet
                0x08206930       0x34 CMakeFiles/slc.dir/base/58baa7af52fc6fdf087fd5e38b16feaa/components/device/silabs/si91x/mcu/drivers/systemlevel/src/rsi_ipmu.c.obj
                0x08206930                RSI_IPMU_PowerGateSet
 .text.RSI_IPMU_PowerGateClr
                0x08206964       0x4c CMakeFiles/slc.dir/base/58baa7af52fc6fdf087fd5e38b16feaa/components/device/silabs/si91x/mcu/drivers/systemlevel/src/rsi_ipmu.c.obj
                0x08206964                RSI_IPMU_PowerGateClr
 .text.RSI_IPMU_ClockMuxSel
                0x082069b0       0x40 CMakeFiles/slc.dir/base/58baa7af52fc6fdf087fd5e38b16feaa/components/device/silabs/si91x/mcu/drivers/systemlevel/src/rsi_ipmu.c.obj
                0x082069b0                RSI_IPMU_ClockMuxSel
 .text.RSI_IPMU_ProgramConfigData
                0x082069f0       0x6e CMakeFiles/slc.dir/base/58baa7af52fc6fdf087fd5e38b16feaa/components/device/silabs/si91x/mcu/drivers/systemlevel/src/rsi_ipmu.c.obj
                0x082069f0                RSI_IPMU_ProgramConfigData
 .text.RSI_APB_ProgramConfigData
                0x08206a5e       0x4a CMakeFiles/slc.dir/base/58baa7af52fc6fdf087fd5e38b16feaa/components/device/silabs/si91x/mcu/drivers/systemlevel/src/rsi_ipmu.c.obj
                0x08206a5e                RSI_APB_ProgramConfigData
 .text.RSI_IPMU_M32rc_OscTrimEfuse
                0x08206aa8       0x28 CMakeFiles/slc.dir/base/58baa7af52fc6fdf087fd5e38b16feaa/components/device/silabs/si91x/mcu/drivers/systemlevel/src/rsi_ipmu.c.obj
                0x08206aa8                RSI_IPMU_M32rc_OscTrimEfuse
 .text.RSI_IPMU_DBLR32M_TrimEfuse
                0x08206ad0       0x18 CMakeFiles/slc.dir/base/58baa7af52fc6fdf087fd5e38b16feaa/components/device/silabs/si91x/mcu/drivers/systemlevel/src/rsi_ipmu.c.obj
                0x08206ad0                RSI_IPMU_DBLR32M_TrimEfuse
 .text.RSI_IPMU_M20roOsc_TrimEfuse
                0x08206ae8       0x28 CMakeFiles/slc.dir/base/58baa7af52fc6fdf087fd5e38b16feaa/components/device/silabs/si91x/mcu/drivers/systemlevel/src/rsi_ipmu.c.obj
                0x08206ae8                RSI_IPMU_M20roOsc_TrimEfuse
 .text.RSI_IPMU_RO32khz_TrimEfuse
                0x08206b10       0x18 CMakeFiles/slc.dir/base/58baa7af52fc6fdf087fd5e38b16feaa/components/device/silabs/si91x/mcu/drivers/systemlevel/src/rsi_ipmu.c.obj
                0x08206b10                RSI_IPMU_RO32khz_TrimEfuse
 .text.RSI_IPMU_RC32khz_TrimEfuse
                0x08206b28       0x18 CMakeFiles/slc.dir/base/58baa7af52fc6fdf087fd5e38b16feaa/components/device/silabs/si91x/mcu/drivers/systemlevel/src/rsi_ipmu.c.obj
                0x08206b28                RSI_IPMU_RC32khz_TrimEfuse
 .text.RSI_IPMU_Vbg_Tsbjt_Efuse
                0x08206b40        0xc CMakeFiles/slc.dir/base/58baa7af52fc6fdf087fd5e38b16feaa/components/device/silabs/si91x/mcu/drivers/systemlevel/src/rsi_ipmu.c.obj
                0x08206b40                RSI_IPMU_Vbg_Tsbjt_Efuse
 .text.RSI_IPMU_Auxadcoff_DiffEfuse
                0x08206b4c        0xc CMakeFiles/slc.dir/base/58baa7af52fc6fdf087fd5e38b16feaa/components/device/silabs/si91x/mcu/drivers/systemlevel/src/rsi_ipmu.c.obj
                0x08206b4c                RSI_IPMU_Auxadcoff_DiffEfuse
 .text.RSI_IPMU_Auxadcgain_DiffEfuse
                0x08206b58        0xc CMakeFiles/slc.dir/base/58baa7af52fc6fdf087fd5e38b16feaa/components/device/silabs/si91x/mcu/drivers/systemlevel/src/rsi_ipmu.c.obj
                0x08206b58                RSI_IPMU_Auxadcgain_DiffEfuse
 .text.RSI_IPMU_Auxadcoff_SeEfuse
                0x08206b64        0xc CMakeFiles/slc.dir/base/58baa7af52fc6fdf087fd5e38b16feaa/components/device/silabs/si91x/mcu/drivers/systemlevel/src/rsi_ipmu.c.obj
                0x08206b64                RSI_IPMU_Auxadcoff_SeEfuse
 .text.RSI_IPMU_Auxadcgain_SeEfuse
                0x08206b70        0xc CMakeFiles/slc.dir/base/58baa7af52fc6fdf087fd5e38b16feaa/components/device/silabs/si91x/mcu/drivers/systemlevel/src/rsi_ipmu.c.obj
                0x08206b70                RSI_IPMU_Auxadcgain_SeEfuse
 .text.RSI_IPMU_Delvbe_Tsbjt_Efuse
                0x08206b7c        0xc CMakeFiles/slc.dir/base/58baa7af52fc6fdf087fd5e38b16feaa/components/device/silabs/si91x/mcu/drivers/systemlevel/src/rsi_ipmu.c.obj
                0x08206b7c                RSI_IPMU_Delvbe_Tsbjt_Efuse
 .text._usdelay
                0x08206b88        0x6 CMakeFiles/slc.dir/base/58baa7af52fc6fdf087fd5e38b16feaa/components/device/silabs/si91x/mcu/drivers/systemlevel/src/rsi_pll.c.obj
 *fill*         0x08206b8e        0x2 
 .text.clk_m4_soc_clk_config
                0x08206b90       0xc8 CMakeFiles/slc.dir/base/58baa7af52fc6fdf087fd5e38b16feaa/components/device/silabs/si91x/mcu/drivers/systemlevel/src/rsi_pll.c.obj
                0x08206b90                clk_m4_soc_clk_config
 .text.ulpss_enable_ref_clks
                0x08206c58       0xf8 CMakeFiles/slc.dir/base/58baa7af52fc6fdf087fd5e38b16feaa/components/device/silabs/si91x/mcu/drivers/systemlevel/src/rsi_pll.c.obj
                0x08206c58                ulpss_enable_ref_clks
 .text.clk_m4ss_ref_clk_config
                0x08206d50       0xcc CMakeFiles/slc.dir/base/58baa7af52fc6fdf087fd5e38b16feaa/components/device/silabs/si91x/mcu/drivers/systemlevel/src/rsi_pll.c.obj
                0x08206d50                clk_m4ss_ref_clk_config
 .text.ulpss_ref_clk_config
                0x08206e1c       0xbc CMakeFiles/slc.dir/base/58baa7af52fc6fdf087fd5e38b16feaa/components/device/silabs/si91x/mcu/drivers/systemlevel/src/rsi_ulpss_clk.c.obj
                0x08206e1c                ulpss_ref_clk_config
 .text.convert_rsi_to_sl_error_code
                0x08206ed8       0x58 CMakeFiles/slc.dir/base/58baa7af52fc6fdf087fd5e38b16feaa/components/device/silabs/si91x/mcu/drivers/unified_api/src/sl_si91x_adc.c.obj
 .text.validate_adc_parameters
                0x08206f30       0x18 CMakeFiles/slc.dir/base/58baa7af52fc6fdf087fd5e38b16feaa/components/device/silabs/si91x/mcu/drivers/unified_api/src/sl_si91x_adc.c.obj
 .text.validate_adc_channel_parameters
                0x08206f48       0xa4 CMakeFiles/slc.dir/base/58baa7af52fc6fdf087fd5e38b16feaa/components/device/silabs/si91x/mcu/drivers/unified_api/src/sl_si91x_adc.c.obj
 .text.callback_event_handler
                0x08206fec       0x14 CMakeFiles/slc.dir/base/58baa7af52fc6fdf087fd5e38b16feaa/components/device/silabs/si91x/mcu/drivers/unified_api/src/sl_si91x_adc.c.obj
 .text.sl_si91x_adc_get_chip_voltage
                0x08207000       0x34 CMakeFiles/slc.dir/base/58baa7af52fc6fdf087fd5e38b16feaa/components/device/silabs/si91x/mcu/drivers/unified_api/src/sl_si91x_adc.c.obj
                0x08207000                sl_si91x_adc_get_chip_voltage
 .text.sl_si91x_adc_init
                0x08207034       0xfc CMakeFiles/slc.dir/base/58baa7af52fc6fdf087fd5e38b16feaa/components/device/silabs/si91x/mcu/drivers/unified_api/src/sl_si91x_adc.c.obj
                0x08207034                sl_si91x_adc_init
 .text.sl_si91x_adc_set_channel_configuration
                0x08207130       0x70 CMakeFiles/slc.dir/base/58baa7af52fc6fdf087fd5e38b16feaa/components/device/silabs/si91x/mcu/drivers/unified_api/src/sl_si91x_adc.c.obj
                0x08207130                sl_si91x_adc_set_channel_configuration
 .text.sl_si91x_adc_register_event_callback
                0x082071a0       0x1c CMakeFiles/slc.dir/base/58baa7af52fc6fdf087fd5e38b16feaa/components/device/silabs/si91x/mcu/drivers/unified_api/src/sl_si91x_adc.c.obj
                0x082071a0                sl_si91x_adc_register_event_callback
 .text.sl_si91x_adc_temperature_sensor_enable
                0x082071bc       0x14 CMakeFiles/slc.dir/base/58baa7af52fc6fdf087fd5e38b16feaa/components/device/silabs/si91x/mcu/drivers/unified_api/src/sl_si91x_adc.c.obj
                0x082071bc                sl_si91x_adc_temperature_sensor_enable
 .text.sl_si91x_adc_start
                0x082071d0       0x1e CMakeFiles/slc.dir/base/58baa7af52fc6fdf087fd5e38b16feaa/components/device/silabs/si91x/mcu/drivers/unified_api/src/sl_si91x_adc.c.obj
                0x082071d0                sl_si91x_adc_start
 .text.sl_si91x_adc_stop
                0x082071ee       0x1e CMakeFiles/slc.dir/base/58baa7af52fc6fdf087fd5e38b16feaa/components/device/silabs/si91x/mcu/drivers/unified_api/src/sl_si91x_adc.c.obj
                0x082071ee                sl_si91x_adc_stop
 .text.sl_si91x_adc_deinit
                0x0820720c       0x28 CMakeFiles/slc.dir/base/58baa7af52fc6fdf087fd5e38b16feaa/components/device/silabs/si91x/mcu/drivers/unified_api/src/sl_si91x_adc.c.obj
                0x0820720c                sl_si91x_adc_deinit
 .text.callback_event
                0x08207234       0x10 CMakeFiles/slc.dir/base/d6b3b52407b950f02110f23c10333dbe/device/silabs/si91x/mcu/drivers/unified_api/src/sl_si91x_bjt_temperature_sensor.c.obj
 .text.validate_bjt_channel_parameters
                0x08207244       0x28 CMakeFiles/slc.dir/base/d6b3b52407b950f02110f23c10333dbe/device/silabs/si91x/mcu/drivers/unified_api/src/sl_si91x_bjt_temperature_sensor.c.obj
 .text.sl_si91x_bjt_temperature_sensor_init
                0x0820726c       0x8c CMakeFiles/slc.dir/base/d6b3b52407b950f02110f23c10333dbe/device/silabs/si91x/mcu/drivers/unified_api/src/sl_si91x_bjt_temperature_sensor.c.obj
                0x0820726c                sl_si91x_bjt_temperature_sensor_init
 .text.sl_si91x_bjt_temperature_sensor_bg_set_channel_configuration
                0x082072f8       0x68 CMakeFiles/slc.dir/base/d6b3b52407b950f02110f23c10333dbe/device/silabs/si91x/mcu/drivers/unified_api/src/sl_si91x_bjt_temperature_sensor.c.obj
                0x082072f8                sl_si91x_bjt_temperature_sensor_bg_set_channel_configuration
 .text.sl_si91x_bjt_temperature_sensor_set_channel_configuration
                0x08207360       0x4c CMakeFiles/slc.dir/base/d6b3b52407b950f02110f23c10333dbe/device/silabs/si91x/mcu/drivers/unified_api/src/sl_si91x_bjt_temperature_sensor.c.obj
                0x08207360                sl_si91x_bjt_temperature_sensor_set_channel_configuration
 .text.sl_si91x_bjt_temperature_sensor_read_data
                0x082073ac      0x170 CMakeFiles/slc.dir/base/d6b3b52407b950f02110f23c10333dbe/device/silabs/si91x/mcu/drivers/unified_api/src/sl_si91x_bjt_temperature_sensor.c.obj
                0x082073ac                sl_si91x_bjt_temperature_sensor_read_data
 .text.sl_si91x_bjt_temperature_sensor_deinit
                0x0820751c       0x44 CMakeFiles/slc.dir/base/d6b3b52407b950f02110f23c10333dbe/device/silabs/si91x/mcu/drivers/unified_api/src/sl_si91x_bjt_temperature_sensor.c.obj
                0x0820751c                sl_si91x_bjt_temperature_sensor_deinit
 .text.sl_si91x_dma_init
                0x08207560       0x70 CMakeFiles/slc.dir/base/58baa7af52fc6fdf087fd5e38b16feaa/components/device/silabs/si91x/mcu/drivers/unified_api/src/sl_si91x_dma.c.obj
                0x08207560                sl_si91x_dma_init
 .text.sl_si91x_dma_allocate_channel
                0x082075d0       0xdc CMakeFiles/slc.dir/base/58baa7af52fc6fdf087fd5e38b16feaa/components/device/silabs/si91x/mcu/drivers/unified_api/src/sl_si91x_dma.c.obj
                0x082075d0                sl_si91x_dma_allocate_channel
 .text.sl_si91x_dma_register_callbacks
                0x082076ac       0x5c CMakeFiles/slc.dir/base/58baa7af52fc6fdf087fd5e38b16feaa/components/device/silabs/si91x/mcu/drivers/unified_api/src/sl_si91x_dma.c.obj
                0x082076ac                sl_si91x_dma_register_callbacks
 .text.sl_si91x_dma_unregister_callbacks
                0x08207708       0x88 CMakeFiles/slc.dir/base/58baa7af52fc6fdf087fd5e38b16feaa/components/device/silabs/si91x/mcu/drivers/unified_api/src/sl_si91x_dma.c.obj
                0x08207708                sl_si91x_dma_unregister_callbacks
 .text.sl_gpio_clear_interrupts
                0x08207790       0x14 CMakeFiles/slc.dir/base/58baa7af52fc6fdf087fd5e38b16feaa/components/device/silabs/si91x/mcu/drivers/unified_api/src/sl_si91x_driver_gpio.c.obj
 .text.sl_si91x_gpio_driver_enable_pad_receiver
                0x082077a4       0x12 CMakeFiles/slc.dir/base/58baa7af52fc6fdf087fd5e38b16feaa/components/device/silabs/si91x/mcu/drivers/unified_api/src/sl_si91x_driver_gpio.c.obj
                0x082077a4                sl_si91x_gpio_driver_enable_pad_receiver
 .text.sl_si91x_gpio_driver_enable_pad_selection
                0x082077b6       0x12 CMakeFiles/slc.dir/base/58baa7af52fc6fdf087fd5e38b16feaa/components/device/silabs/si91x/mcu/drivers/unified_api/src/sl_si91x_driver_gpio.c.obj
                0x082077b6                sl_si91x_gpio_driver_enable_pad_selection
 .text.sl_si91x_gpio_driver_enable_host_pad_selection
                0x082077c8       0x16 CMakeFiles/slc.dir/base/58baa7af52fc6fdf087fd5e38b16feaa/components/device/silabs/si91x/mcu/drivers/unified_api/src/sl_si91x_driver_gpio.c.obj
                0x082077c8                sl_si91x_gpio_driver_enable_host_pad_selection
 .text.sl_si91x_gpio_driver_enable_clock
                0x082077de       0x12 CMakeFiles/slc.dir/base/58baa7af52fc6fdf087fd5e38b16feaa/components/device/silabs/si91x/mcu/drivers/unified_api/src/sl_si91x_driver_gpio.c.obj
                0x082077de                sl_si91x_gpio_driver_enable_clock
 .text.sl_si91x_gpio_driver_enable_ulp_pad_receiver
                0x082077f0       0x12 CMakeFiles/slc.dir/base/58baa7af52fc6fdf087fd5e38b16feaa/components/device/silabs/si91x/mcu/drivers/unified_api/src/sl_si91x_driver_gpio.c.obj
                0x082077f0                sl_si91x_gpio_driver_enable_ulp_pad_receiver
 .text.sl_si91x_gpio_driver_set_uulp_npss_pin_mux
                0x08207802       0x16 CMakeFiles/slc.dir/base/58baa7af52fc6fdf087fd5e38b16feaa/components/device/silabs/si91x/mcu/drivers/unified_api/src/sl_si91x_driver_gpio.c.obj
                0x08207802                sl_si91x_gpio_driver_set_uulp_npss_pin_mux
 .text.sl_si91x_gpio_driver_select_uulp_npss_receiver
                0x08207818       0x16 CMakeFiles/slc.dir/base/58baa7af52fc6fdf087fd5e38b16feaa/components/device/silabs/si91x/mcu/drivers/unified_api/src/sl_si91x_driver_gpio.c.obj
                0x08207818                sl_si91x_gpio_driver_select_uulp_npss_receiver
 *fill*         0x0820782e        0x2 
 .text.sl_si91x_gpio_driver_configure_uulp_interrupt
                0x08207830       0x30 CMakeFiles/slc.dir/base/58baa7af52fc6fdf087fd5e38b16feaa/components/device/silabs/si91x/mcu/drivers/unified_api/src/sl_si91x_driver_gpio.c.obj
                0x08207830                sl_si91x_gpio_driver_configure_uulp_interrupt
 .text.IRQ052_Handler
                0x08207860       0x18 CMakeFiles/slc.dir/base/58baa7af52fc6fdf087fd5e38b16feaa/components/device/silabs/si91x/mcu/drivers/unified_api/src/sl_si91x_driver_gpio.c.obj
                0x08207860                IRQ052_Handler
 .text.IRQ053_Handler
                0x08207878       0x18 CMakeFiles/slc.dir/base/58baa7af52fc6fdf087fd5e38b16feaa/components/device/silabs/si91x/mcu/drivers/unified_api/src/sl_si91x_driver_gpio.c.obj
                0x08207878                IRQ053_Handler
 .text.IRQ054_Handler
                0x08207890       0x18 CMakeFiles/slc.dir/base/58baa7af52fc6fdf087fd5e38b16feaa/components/device/silabs/si91x/mcu/drivers/unified_api/src/sl_si91x_driver_gpio.c.obj
                0x08207890                IRQ054_Handler
 .text.IRQ055_Handler
                0x082078a8       0x18 CMakeFiles/slc.dir/base/58baa7af52fc6fdf087fd5e38b16feaa/components/device/silabs/si91x/mcu/drivers/unified_api/src/sl_si91x_driver_gpio.c.obj
                0x082078a8                IRQ055_Handler
 .text.IRQ056_Handler
                0x082078c0       0x18 CMakeFiles/slc.dir/base/58baa7af52fc6fdf087fd5e38b16feaa/components/device/silabs/si91x/mcu/drivers/unified_api/src/sl_si91x_driver_gpio.c.obj
                0x082078c0                IRQ056_Handler
 .text.IRQ057_Handler
                0x082078d8       0x18 CMakeFiles/slc.dir/base/58baa7af52fc6fdf087fd5e38b16feaa/components/device/silabs/si91x/mcu/drivers/unified_api/src/sl_si91x_driver_gpio.c.obj
                0x082078d8                IRQ057_Handler
 .text.IRQ058_Handler
                0x082078f0       0x18 CMakeFiles/slc.dir/base/58baa7af52fc6fdf087fd5e38b16feaa/components/device/silabs/si91x/mcu/drivers/unified_api/src/sl_si91x_driver_gpio.c.obj
                0x082078f0                IRQ058_Handler
 .text.IRQ059_Handler
                0x08207908       0x18 CMakeFiles/slc.dir/base/58baa7af52fc6fdf087fd5e38b16feaa/components/device/silabs/si91x/mcu/drivers/unified_api/src/sl_si91x_driver_gpio.c.obj
                0x08207908                IRQ059_Handler
 .text.IRQ050_Handler
                0x08207920       0x18 CMakeFiles/slc.dir/base/58baa7af52fc6fdf087fd5e38b16feaa/components/device/silabs/si91x/mcu/drivers/unified_api/src/sl_si91x_driver_gpio.c.obj
                0x08207920                IRQ050_Handler
 .text.IRQ051_Handler
                0x08207938       0x18 CMakeFiles/slc.dir/base/58baa7af52fc6fdf087fd5e38b16feaa/components/device/silabs/si91x/mcu/drivers/unified_api/src/sl_si91x_driver_gpio.c.obj
                0x08207938                IRQ051_Handler
 .text.IRQ021_Handler
                0x08207950       0x68 CMakeFiles/slc.dir/base/58baa7af52fc6fdf087fd5e38b16feaa/components/device/silabs/si91x/mcu/drivers/unified_api/src/sl_si91x_driver_gpio.c.obj
                0x08207950                IRQ021_Handler
 .text.IRQ018_Handler
                0x082079b8       0xa4 CMakeFiles/slc.dir/base/58baa7af52fc6fdf087fd5e38b16feaa/components/device/silabs/si91x/mcu/drivers/unified_api/src/sl_si91x_driver_gpio.c.obj
                0x082079b8                IRQ018_Handler
 .text.IRQ019_Handler
                0x08207a5c       0x3c CMakeFiles/slc.dir/base/58baa7af52fc6fdf087fd5e38b16feaa/components/device/silabs/si91x/mcu/drivers/unified_api/src/sl_si91x_driver_gpio.c.obj
                0x08207a5c                IRQ019_Handler
 .text.sl_si91x_gpio_validate_soc_peri_on_ulp_gpio
                0x08207a98       0x18 CMakeFiles/slc.dir/base/58baa7af52fc6fdf087fd5e38b16feaa/components/device/silabs/si91x/mcu/drivers/unified_api/src/sl_si91x_driver_gpio.c.obj
                0x08207a98                sl_si91x_gpio_validate_soc_peri_on_ulp_gpio
 .text.sl_gpio_validation
                0x08207ab0       0x3e CMakeFiles/slc.dir/base/58baa7af52fc6fdf087fd5e38b16feaa/components/device/silabs/si91x/mcu/drivers/unified_api/src/sl_si91x_driver_gpio.c.obj
 *fill*         0x08207aee        0x2 
 .text.sl_gpio_driver_configure_interrupt
                0x08207af0       0xf8 CMakeFiles/slc.dir/base/58baa7af52fc6fdf087fd5e38b16feaa/components/device/silabs/si91x/mcu/drivers/unified_api/src/sl_si91x_driver_gpio.c.obj
                0x08207af0                sl_gpio_driver_configure_interrupt
 .text.sl_gpio_driver_set_pin_mode
                0x08207be8       0x30 CMakeFiles/slc.dir/base/58baa7af52fc6fdf087fd5e38b16feaa/components/device/silabs/si91x/mcu/drivers/unified_api/src/sl_si91x_driver_gpio.c.obj
                0x08207be8                sl_gpio_driver_set_pin_mode
 .text.sl_gpio_set_configuration
                0x08207c18       0xdc CMakeFiles/slc.dir/base/58baa7af52fc6fdf087fd5e38b16feaa/components/device/silabs/si91x/mcu/drivers/unified_api/src/sl_si91x_driver_gpio.c.obj
                0x08207c18                sl_gpio_set_configuration
 .text.sl_si91x_gpio_enable_pad_selection
                0x08207cf4       0x2c CMakeFiles/slc.dir/base/4f7f8d6a8f987815e6a4eab47a0fe4df/silabs/si91x/mcu/drivers/unified_peripheral_drivers/src/sl_si91x_peripheral_gpio.c.obj
                0x08207cf4                sl_si91x_gpio_enable_pad_selection
 .text.sl_si91x_gpio_enable_host_pad_selection
                0x08207d20       0x28 CMakeFiles/slc.dir/base/4f7f8d6a8f987815e6a4eab47a0fe4df/silabs/si91x/mcu/drivers/unified_peripheral_drivers/src/sl_si91x_peripheral_gpio.c.obj
                0x08207d20                sl_si91x_gpio_enable_host_pad_selection
 .text.sl_si91x_gpio_clear_group_interrupt
                0x08207d48       0x14 CMakeFiles/slc.dir/base/4f7f8d6a8f987815e6a4eab47a0fe4df/silabs/si91x/mcu/drivers/unified_peripheral_drivers/src/sl_si91x_peripheral_gpio.c.obj
                0x08207d48                sl_si91x_gpio_clear_group_interrupt
 .text.sl_si91x_gpio_get_uulp_interrupt_status
                0x08207d5c       0x10 CMakeFiles/slc.dir/base/4f7f8d6a8f987815e6a4eab47a0fe4df/silabs/si91x/mcu/drivers/unified_peripheral_drivers/src/sl_si91x_peripheral_gpio.c.obj
                0x08207d5c                sl_si91x_gpio_get_uulp_interrupt_status
 .text.sl_si91x_gpio_get_ulp_interrupt_status
                0x08207d6c       0x10 CMakeFiles/slc.dir/base/4f7f8d6a8f987815e6a4eab47a0fe4df/silabs/si91x/mcu/drivers/unified_peripheral_drivers/src/sl_si91x_peripheral_gpio.c.obj
                0x08207d6c                sl_si91x_gpio_get_ulp_interrupt_status
 .text.sl_si91x_gpio_clear_ulp_interrupt
                0x08207d7c       0x14 CMakeFiles/slc.dir/base/4f7f8d6a8f987815e6a4eab47a0fe4df/silabs/si91x/mcu/drivers/unified_peripheral_drivers/src/sl_si91x_peripheral_gpio.c.obj
                0x08207d7c                sl_si91x_gpio_clear_ulp_interrupt
 .text.sl_si91x_gpio_clear_ulp_group_interrupt
                0x08207d90       0x14 CMakeFiles/slc.dir/base/4f7f8d6a8f987815e6a4eab47a0fe4df/silabs/si91x/mcu/drivers/unified_peripheral_drivers/src/sl_si91x_peripheral_gpio.c.obj
                0x08207d90                sl_si91x_gpio_clear_ulp_group_interrupt
 .text.sl_assert_failed
                0x08207da4       0x10 CMakeFiles/slc.dir/base/4f7f8d6a8f987815e6a4eab47a0fe4df/silabs/si91x/mcu/drivers/unified_peripheral_drivers/src/sl_si91x_peripheral_gpio.c.obj
                0x08207da4                sl_assert_failed
 .text.sl_gpio_configure_interrupt
                0x08207db4      0x128 CMakeFiles/slc.dir/base/4f7f8d6a8f987815e6a4eab47a0fe4df/silabs/si91x/mcu/drivers/unified_peripheral_drivers/src/sl_si91x_peripheral_gpio.c.obj
                0x08207db4                sl_gpio_configure_interrupt
 .text.sl_gpio_set_pin_output
                0x08207edc       0x94 CMakeFiles/slc.dir/base/4f7f8d6a8f987815e6a4eab47a0fe4df/silabs/si91x/mcu/drivers/unified_peripheral_drivers/src/sl_si91x_peripheral_gpio.c.obj
 .text.sl_gpio_clear_pin_output
                0x08207f70       0x94 CMakeFiles/slc.dir/base/4f7f8d6a8f987815e6a4eab47a0fe4df/silabs/si91x/mcu/drivers/unified_peripheral_drivers/src/sl_si91x_peripheral_gpio.c.obj
 .text.sl_gpio_set_pin_mode
                0x08208004      0x100 CMakeFiles/slc.dir/base/4f7f8d6a8f987815e6a4eab47a0fe4df/silabs/si91x/mcu/drivers/unified_peripheral_drivers/src/sl_si91x_peripheral_gpio.c.obj
                0x08208004                sl_gpio_set_pin_mode
 .text.sl_si91x_gpio_set_pin_direction
                0x08208104       0xc8 CMakeFiles/slc.dir/base/4f7f8d6a8f987815e6a4eab47a0fe4df/silabs/si91x/mcu/drivers/unified_peripheral_drivers/src/sl_si91x_peripheral_gpio.c.obj
                0x08208104                sl_si91x_gpio_set_pin_direction
 .text.sl_si91x_gpio_enable_pad_receiver
                0x082081cc       0x2c CMakeFiles/slc.dir/base/4f7f8d6a8f987815e6a4eab47a0fe4df/silabs/si91x/mcu/drivers/unified_peripheral_drivers/src/sl_si91x_peripheral_gpio.c.obj
                0x082081cc                sl_si91x_gpio_enable_pad_receiver
 .text.sl_si91x_gpio_enable_clock
                0x082081f8       0x48 CMakeFiles/slc.dir/base/4f7f8d6a8f987815e6a4eab47a0fe4df/silabs/si91x/mcu/drivers/unified_peripheral_drivers/src/sl_si91x_peripheral_gpio.c.obj
                0x082081f8                sl_si91x_gpio_enable_clock
 .text.sl_si91x_gpio_configure_ulp_pin_interrupt
                0x08208240       0xc4 CMakeFiles/slc.dir/base/4f7f8d6a8f987815e6a4eab47a0fe4df/silabs/si91x/mcu/drivers/unified_peripheral_drivers/src/sl_si91x_peripheral_gpio.c.obj
                0x08208240                sl_si91x_gpio_configure_ulp_pin_interrupt
 .text.sl_si91x_gpio_get_group_interrupt_status
                0x08208304       0x58 CMakeFiles/slc.dir/base/4f7f8d6a8f987815e6a4eab47a0fe4df/silabs/si91x/mcu/drivers/unified_peripheral_drivers/src/sl_si91x_peripheral_gpio.c.obj
                0x08208304                sl_si91x_gpio_get_group_interrupt_status
 .text.sl_si91x_gpio_enable_ulp_pad_receiver
                0x0820835c       0x28 CMakeFiles/slc.dir/base/4f7f8d6a8f987815e6a4eab47a0fe4df/silabs/si91x/mcu/drivers/unified_peripheral_drivers/src/sl_si91x_peripheral_gpio.c.obj
                0x0820835c                sl_si91x_gpio_enable_ulp_pad_receiver
 .text.sl_si91x_gpio_set_uulp_npss_pin_mux
                0x08208384       0x38 CMakeFiles/slc.dir/base/4f7f8d6a8f987815e6a4eab47a0fe4df/silabs/si91x/mcu/drivers/unified_peripheral_drivers/src/sl_si91x_peripheral_gpio.c.obj
                0x08208384                sl_si91x_gpio_set_uulp_npss_pin_mux
 .text.sl_si91x_gpio_select_uulp_npss_receiver
                0x082083bc       0x38 CMakeFiles/slc.dir/base/4f7f8d6a8f987815e6a4eab47a0fe4df/silabs/si91x/mcu/drivers/unified_peripheral_drivers/src/sl_si91x_peripheral_gpio.c.obj
                0x082083bc                sl_si91x_gpio_select_uulp_npss_receiver
 .text.sl_si91x_gpio_set_uulp_npss_direction
                0x082083f4       0x38 CMakeFiles/slc.dir/base/4f7f8d6a8f987815e6a4eab47a0fe4df/silabs/si91x/mcu/drivers/unified_peripheral_drivers/src/sl_si91x_peripheral_gpio.c.obj
                0x082083f4                sl_si91x_gpio_set_uulp_npss_direction
 .text.sl_si91x_gpio_get_uulp_npss_pin
                0x0820842c       0x28 CMakeFiles/slc.dir/base/4f7f8d6a8f987815e6a4eab47a0fe4df/silabs/si91x/mcu/drivers/unified_peripheral_drivers/src/sl_si91x_peripheral_gpio.c.obj
                0x0820842c                sl_si91x_gpio_get_uulp_npss_pin
 .text.sl_si91x_gpio_mask_clear_uulp_npss_interrupt
                0x08208454       0x24 CMakeFiles/slc.dir/base/4f7f8d6a8f987815e6a4eab47a0fe4df/silabs/si91x/mcu/drivers/unified_peripheral_drivers/src/sl_si91x_peripheral_gpio.c.obj
                0x08208454                sl_si91x_gpio_mask_clear_uulp_npss_interrupt
 .text.sl_si91x_gpio_clear_uulp_npss_interrupt
                0x08208478       0x24 CMakeFiles/slc.dir/base/4f7f8d6a8f987815e6a4eab47a0fe4df/silabs/si91x/mcu/drivers/unified_peripheral_drivers/src/sl_si91x_peripheral_gpio.c.obj
                0x08208478                sl_si91x_gpio_clear_uulp_npss_interrupt
 .text.sl_si91x_gpio_configure_uulp_interrupt
                0x0820849c       0x94 CMakeFiles/slc.dir/base/4f7f8d6a8f987815e6a4eab47a0fe4df/silabs/si91x/mcu/drivers/unified_peripheral_drivers/src/sl_si91x_peripheral_gpio.c.obj
                0x0820849c                sl_si91x_gpio_configure_uulp_interrupt
 .text          0x08208530      0x378 c:/users/wsanu/.silabs/slt/installs/conan/p/gcc-ab83b3403fdca6/p/bin/../lib/gcc/arm-none-eabi/12.2.1/thumb/v7e-m+fp/softfp\libgcc.a(_arm_addsubdf3.o)
                0x08208530                __aeabi_drsub
                0x08208538                __aeabi_dsub
                0x08208538                __subdf3
                0x0820853c                __aeabi_dadd
                0x0820853c                __adddf3
                0x082087b4                __floatunsidf
                0x082087b4                __aeabi_ui2d
                0x082087d4                __floatsidf
                0x082087d4                __aeabi_i2d
                0x082087f8                __aeabi_f2d
                0x082087f8                __extendsfdf2
                0x0820883c                __floatundidf
                0x0820883c                __aeabi_ul2d
                0x0820884c                __floatdidf
                0x0820884c                __aeabi_l2d
 .text          0x082088a8      0x424 c:/users/wsanu/.silabs/slt/installs/conan/p/gcc-ab83b3403fdca6/p/bin/../lib/gcc/arm-none-eabi/12.2.1/thumb/v7e-m+fp/softfp\libgcc.a(_arm_muldivdf3.o)
                0x082088a8                __aeabi_dmul
                0x082088a8                __muldf3
                0x08208afc                __divdf3
                0x08208afc                __aeabi_ddiv
 .text          0x08208ccc      0x110 c:/users/wsanu/.silabs/slt/installs/conan/p/gcc-ab83b3403fdca6/p/bin/../lib/gcc/arm-none-eabi/12.2.1/thumb/v7e-m+fp/softfp\libgcc.a(_arm_cmpdf2.o)
                0x08208ccc                __gtdf2
                0x08208ccc                __gedf2
                0x08208cd4                __ltdf2
                0x08208cd4                __ledf2
                0x08208cdc                __nedf2
                0x08208cdc                __eqdf2
                0x08208cdc                __cmpdf2
                0x08208d58                __aeabi_cdrcmple
                0x08208d68                __aeabi_cdcmpeq
                0x08208d68                __aeabi_cdcmple
                0x08208d78                __aeabi_dcmpeq
                0x08208d8c                __aeabi_dcmplt
                0x08208da0                __aeabi_dcmple
                0x08208db4                __aeabi_dcmpge
                0x08208dc8                __aeabi_dcmpgt
 .text          0x08208ddc       0x40 c:/users/wsanu/.silabs/slt/installs/conan/p/gcc-ab83b3403fdca6/p/bin/../lib/gcc/arm-none-eabi/12.2.1/thumb/v7e-m+fp/softfp\libgcc.a(_arm_fixunsdfsi.o)
                0x08208ddc                __aeabi_d2uiz
                0x08208ddc                __fixunsdfsi
 .text.__cvt    0x08208e1c       0xce c:/users/wsanu/.silabs/slt/installs/conan/p/gcc-ab83b3403fdca6/p/bin/../lib/gcc/arm-none-eabi/12.2.1/thumb/v7e-m+fp/softfp\libc_nano.a(libc_a-nano-vfprintf_float.o)
                0x08208e1c                __cvt
 .text.__exponent
                0x08208eea       0x74 c:/users/wsanu/.silabs/slt/installs/conan/p/gcc-ab83b3403fdca6/p/bin/../lib/gcc/arm-none-eabi/12.2.1/thumb/v7e-m+fp/softfp\libc_nano.a(libc_a-nano-vfprintf_float.o)
                0x08208eea                __exponent
 *fill*         0x08208f5e        0x2 
 .text._printf_float
                0x08208f60      0x46c c:/users/wsanu/.silabs/slt/installs/conan/p/gcc-ab83b3403fdca6/p/bin/../lib/gcc/arm-none-eabi/12.2.1/thumb/v7e-m+fp/softfp\libc_nano.a(libc_a-nano-vfprintf_float.o)
                0x08208f60                _printf_float
 .text._printf_common
                0x082093cc       0xda c:/users/wsanu/.silabs/slt/installs/conan/p/gcc-ab83b3403fdca6/p/bin/../lib/gcc/arm-none-eabi/12.2.1/thumb/v7e-m+fp/softfp\libc_nano.a(libc_a-nano-vfprintf_i.o)
                0x082093cc                _printf_common
 *fill*         0x082094a6        0x2 
 .text._printf_i
                0x082094a8      0x258 c:/users/wsanu/.silabs/slt/installs/conan/p/gcc-ab83b3403fdca6/p/bin/../lib/gcc/arm-none-eabi/12.2.1/thumb/v7e-m+fp/softfp\libc_nano.a(libc_a-nano-vfprintf_i.o)
                0x082094a8                _printf_i
 .text.std      0x08209700       0x6c c:/users/wsanu/.silabs/slt/installs/conan/p/gcc-ab83b3403fdca6/p/bin/../lib/gcc/arm-none-eabi/12.2.1/thumb/v7e-m+fp/softfp\libc_nano.a(libc_a-findfp.o)
 .text.stdio_exit_handler
                0x0820976c       0x18 c:/users/wsanu/.silabs/slt/installs/conan/p/gcc-ab83b3403fdca6/p/bin/../lib/gcc/arm-none-eabi/12.2.1/thumb/v7e-m+fp/softfp\libc_nano.a(libc_a-findfp.o)
 .text.cleanup_stdio
                0x08209784       0x40 c:/users/wsanu/.silabs/slt/installs/conan/p/gcc-ab83b3403fdca6/p/bin/../lib/gcc/arm-none-eabi/12.2.1/thumb/v7e-m+fp/softfp\libc_nano.a(libc_a-findfp.o)
 .text.global_stdio_init.part.0
                0x082097c4       0x3c c:/users/wsanu/.silabs/slt/installs/conan/p/gcc-ab83b3403fdca6/p/bin/../lib/gcc/arm-none-eabi/12.2.1/thumb/v7e-m+fp/softfp\libc_nano.a(libc_a-findfp.o)
 .text.__sfp_lock_acquire
                0x08209800        0xc c:/users/wsanu/.silabs/slt/installs/conan/p/gcc-ab83b3403fdca6/p/bin/../lib/gcc/arm-none-eabi/12.2.1/thumb/v7e-m+fp/softfp\libc_nano.a(libc_a-findfp.o)
                0x08209800                __sfp_lock_acquire
 .text.__sfp_lock_release
                0x0820980c        0xc c:/users/wsanu/.silabs/slt/installs/conan/p/gcc-ab83b3403fdca6/p/bin/../lib/gcc/arm-none-eabi/12.2.1/thumb/v7e-m+fp/softfp\libc_nano.a(libc_a-findfp.o)
                0x0820980c                __sfp_lock_release
 .text.__sinit  0x08209818       0x30 c:/users/wsanu/.silabs/slt/installs/conan/p/gcc-ab83b3403fdca6/p/bin/../lib/gcc/arm-none-eabi/12.2.1/thumb/v7e-m+fp/softfp\libc_nano.a(libc_a-findfp.o)
                0x08209818                __sinit
 .text._fwalk_sglue
                0x08209848       0x3c c:/users/wsanu/.silabs/slt/installs/conan/p/gcc-ab83b3403fdca6/p/bin/../lib/gcc/arm-none-eabi/12.2.1/thumb/v7e-m+fp/softfp\libc_nano.a(libc_a-fwalk.o)
                0x08209848                _fwalk_sglue
 .text.printf   0x08209884       0x24 c:/users/wsanu/.silabs/slt/installs/conan/p/gcc-ab83b3403fdca6/p/bin/../lib/gcc/arm-none-eabi/12.2.1/thumb/v7e-m+fp/softfp\libc_nano.a(libc_a-printf.o)
                0x08209884                iprintf
                0x08209884                printf
 .text._puts_r  0x082098a8       0xaa c:/users/wsanu/.silabs/slt/installs/conan/p/gcc-ab83b3403fdca6/p/bin/../lib/gcc/arm-none-eabi/12.2.1/thumb/v7e-m+fp/softfp\libc_nano.a(libc_a-puts.o)
                0x082098a8                _puts_r
 *fill*         0x08209952        0x2 
 .text.puts     0x08209954       0x10 c:/users/wsanu/.silabs/slt/installs/conan/p/gcc-ab83b3403fdca6/p/bin/../lib/gcc/arm-none-eabi/12.2.1/thumb/v7e-m+fp/softfp\libc_nano.a(libc_a-puts.o)
                0x08209954                puts
 .text.__sread  0x08209964       0x22 c:/users/wsanu/.silabs/slt/installs/conan/p/gcc-ab83b3403fdca6/p/bin/../lib/gcc/arm-none-eabi/12.2.1/thumb/v7e-m+fp/softfp\libc_nano.a(libc_a-stdio.o)
                0x08209964                __sread
 .text.__swrite
                0x08209986       0x38 c:/users/wsanu/.silabs/slt/installs/conan/p/gcc-ab83b3403fdca6/p/bin/../lib/gcc/arm-none-eabi/12.2.1/thumb/v7e-m+fp/softfp\libc_nano.a(libc_a-stdio.o)
                0x08209986                __swrite
 .text.__sseek  0x082099be       0x24 c:/users/wsanu/.silabs/slt/installs/conan/p/gcc-ab83b3403fdca6/p/bin/../lib/gcc/arm-none-eabi/12.2.1/thumb/v7e-m+fp/softfp\libc_nano.a(libc_a-stdio.o)
                0x082099be                __sseek
 .text.__sclose
                0x082099e2        0x8 c:/users/wsanu/.silabs/slt/installs/conan/p/gcc-ab83b3403fdca6/p/bin/../lib/gcc/arm-none-eabi/12.2.1/thumb/v7e-m+fp/softfp\libc_nano.a(libc_a-stdio.o)
                0x082099e2                __sclose
 .text.__swbuf_r
                0x082099ea       0x7c c:/users/wsanu/.silabs/slt/installs/conan/p/gcc-ab83b3403fdca6/p/bin/../lib/gcc/arm-none-eabi/12.2.1/thumb/v7e-m+fp/softfp\libc_nano.a(libc_a-wbuf.o)
                0x082099ea                __swbuf_r
 *fill*         0x08209a66        0x2 
 .text.__swsetup_r
                0x08209a68       0xac c:/users/wsanu/.silabs/slt/installs/conan/p/gcc-ab83b3403fdca6/p/bin/../lib/gcc/arm-none-eabi/12.2.1/thumb/v7e-m+fp/softfp\libc_nano.a(libc_a-wsetup.o)
                0x08209a68                __swsetup_r
 .text.memset   0x08209b14       0x10 c:/users/wsanu/.silabs/slt/installs/conan/p/gcc-ab83b3403fdca6/p/bin/../lib/gcc/arm-none-eabi/12.2.1/thumb/v7e-m+fp/softfp\libc_nano.a(libc_a-memset.o)
                0x08209b14                memset
 .text._localeconv_r
                0x08209b24        0x8 c:/users/wsanu/.silabs/slt/installs/conan/p/gcc-ab83b3403fdca6/p/bin/../lib/gcc/arm-none-eabi/12.2.1/thumb/v7e-m+fp/softfp\libc_nano.a(libc_a-localeconv.o)
                0x08209b24                _localeconv_r
 .text._close_r
                0x08209b2c       0x20 c:/users/wsanu/.silabs/slt/installs/conan/p/gcc-ab83b3403fdca6/p/bin/../lib/gcc/arm-none-eabi/12.2.1/thumb/v7e-m+fp/softfp\libc_nano.a(libc_a-closer.o)
                0x08209b2c                _close_r
 .text._lseek_r
                0x08209b4c       0x24 c:/users/wsanu/.silabs/slt/installs/conan/p/gcc-ab83b3403fdca6/p/bin/../lib/gcc/arm-none-eabi/12.2.1/thumb/v7e-m+fp/softfp\libc_nano.a(libc_a-lseekr.o)
                0x08209b4c                _lseek_r
 .text._read_r  0x08209b70       0x24 c:/users/wsanu/.silabs/slt/installs/conan/p/gcc-ab83b3403fdca6/p/bin/../lib/gcc/arm-none-eabi/12.2.1/thumb/v7e-m+fp/softfp\libc_nano.a(libc_a-readr.o)
                0x08209b70                _read_r
 .text._write_r
                0x08209b94       0x24 c:/users/wsanu/.silabs/slt/installs/conan/p/gcc-ab83b3403fdca6/p/bin/../lib/gcc/arm-none-eabi/12.2.1/thumb/v7e-m+fp/softfp\libc_nano.a(libc_a-writer.o)
                0x08209b94                _write_r
 .text.__errno  0x08209bb8        0xc c:/users/wsanu/.silabs/slt/installs/conan/p/gcc-ab83b3403fdca6/p/bin/../lib/gcc/arm-none-eabi/12.2.1/thumb/v7e-m+fp/softfp\libc_nano.a(libc_a-errno.o)
                0x08209bb8                __errno
 .text.__retarget_lock_init_recursive
                0x08209bc4        0x2 c:/users/wsanu/.silabs/slt/installs/conan/p/gcc-ab83b3403fdca6/p/bin/../lib/gcc/arm-none-eabi/12.2.1/thumb/v7e-m+fp/softfp\libc_nano.a(libc_a-lock.o)
                0x08209bc4                __retarget_lock_init_recursive
 .text.__retarget_lock_acquire_recursive
                0x08209bc6        0x2 c:/users/wsanu/.silabs/slt/installs/conan/p/gcc-ab83b3403fdca6/p/bin/../lib/gcc/arm-none-eabi/12.2.1/thumb/v7e-m+fp/softfp\libc_nano.a(libc_a-lock.o)
                0x08209bc6                __retarget_lock_acquire_recursive
 .text.__retarget_lock_release_recursive
                0x08209bc8        0x2 c:/users/wsanu/.silabs/slt/installs/conan/p/gcc-ab83b3403fdca6/p/bin/../lib/gcc/arm-none-eabi/12.2.1/thumb/v7e-m+fp/softfp\libc_nano.a(libc_a-lock.o)
                0x08209bc8                __retarget_lock_release_recursive
 *fill*         0x08209bca        0x6 
 .text          0x08209bd0       0xa0 c:/users/wsanu/.silabs/slt/installs/conan/p/gcc-ab83b3403fdca6/p/bin/../lib/gcc/arm-none-eabi/12.2.1/thumb/v7e-m+fp/softfp\libc_nano.a(libc_a-memchr.o)
                0x08209bd0                memchr
 .text.memcpy   0x08209c70       0x1c c:/users/wsanu/.silabs/slt/installs/conan/p/gcc-ab83b3403fdca6/p/bin/../lib/gcc/arm-none-eabi/12.2.1/thumb/v7e-m+fp/softfp\libc_nano.a(libc_a-memcpy-stub.o)
                0x08209c70                memcpy