Archive member included to satisfy reference by file (symbol)

c:/users/wsanu/.silabs/slt/installs/conan/p/gcc-ab83b3403fdca6/p/bin/../lib/gcc/arm-none-eabi/12.2.1/thumb/v7e-m+fp/softfp\libgcc.a(_arm_muldf3.o)
                              CMakeFiles/slc.dir/base/067cc5cebcaccc7a4128c8408c9b7619/silabs/si91x/mcu/drivers/unified_api/src/sl_si91x_bjt_temperature_sensor.c.obj (__aeabi_dmul)
c:/users/wsanu/.silabs/slt/installs/conan/p/gcc-ab83b3403fdca6/p/bin/../lib/gcc/arm-none-eabi/12.2.1/thumb/v7e-m+fp/softfp\libgcc.a(_arm_addsubdf3.o)
                              CMakeFiles/slc.dir/base/2cbb4684082ecbe6971181304a30dad6/si91x/mcu/drivers/unified_peripheral_drivers/src/sl_si91x_peripheral_i2c.c.obj (__aeabi_dsub)
c:/users/wsanu/.silabs/slt/installs/conan/p/gcc-ab83b3403fdca6/p/bin/../lib/gcc/arm-none-eabi/12.2.1/thumb/v7e-m+fp/softfp\libgcc.a(_arm_muldivdf3.o)
                              CMakeFiles/slc.dir/base/b77ed8b95d361a4ab4ad09b40ccdef0d/device/silabs/si91x/mcu/drivers/peripheral_drivers/src/clock_update.c.obj (__aeabi_ddiv)
c:/users/wsanu/.silabs/slt/installs/conan/p/gcc-ab83b3403fdca6/p/bin/../lib/gcc/arm-none-eabi/12.2.1/thumb/v7e-m+fp/softfp\libgcc.a(_arm_cmpdf2.o)
                              CMakeFiles/slc.dir/base/ef12b96310ec8fe51ad0bb487d863844/components/device/silabs/si91x/mcu/drivers/systemlevel/src/rsi_ipmu.c.obj (__aeabi_dcmple)
c:/users/wsanu/.silabs/slt/installs/conan/p/gcc-ab83b3403fdca6/p/bin/../lib/gcc/arm-none-eabi/12.2.1/thumb/v7e-m+fp/softfp\libgcc.a(_arm_fixunsdfsi.o)
                              CMakeFiles/slc.dir/base/b77ed8b95d361a4ab4ad09b40ccdef0d/device/silabs/si91x/mcu/drivers/peripheral_drivers/src/clock_update.c.obj (__aeabi_d2uiz)
c:/users/wsanu/.silabs/slt/installs/conan/p/gcc-ab83b3403fdca6/p/bin/../lib/gcc/arm-none-eabi/12.2.1/thumb/v7e-m+fp/softfp\libc_nano.a(libc_a-exit.o)
                              c:/users/wsanu/.silabs/slt/installs/conan/p/gcc-ab83b3403fdca6/p/bin/../lib/gcc/arm-none-eabi/12.2.1/thumb/v7e-m+fp/softfp/crt0.o (exit)
c:/users/wsanu/.silabs/slt/installs/conan/p/gcc-ab83b3403fdca6/p/bin/../lib/gcc/arm-none-eabi/12.2.1/thumb/v7e-m+fp/softfp\libc_nano.a(libc_a-nano-vfprintf_float.o)
                              (_printf_float)
c:/users/wsanu/.silabs/slt/installs/conan/p/gcc-ab83b3403fdca6/p/bin/../lib/gcc/arm-none-eabi/12.2.1/thumb/v7e-m+fp/softfp\libc_nano.a(libc_a-nano-vfprintf_i.o)
                              c:/users/wsanu/.silabs/slt/installs/conan/p/gcc-ab83b3403fdca6/p/bin/../lib/gcc/arm-none-eabi/12.2.1/thumb/v7e-m+fp/softfp\libc_nano.a(libc_a-nano-vfprintf_float.o) (_printf_common)
c:/users/wsanu/.silabs/slt/installs/conan/p/gcc-ab83b3403fdca6/p/bin/../lib/gcc/arm-none-eabi/12.2.1/thumb/v7e-m+fp/softfp\libc_nano.a(libc_a-findfp.o)
                              c:/users/wsanu/.silabs/slt/installs/conan/p/gcc-ab83b3403fdca6/p/bin/../lib/gcc/arm-none-eabi/12.2.1/thumb/v7e-m+fp/softfp\libc_nano.a(libc_a-exit.o) (__stdio_exit_handler)
c:/users/wsanu/.silabs/slt/installs/conan/p/gcc-ab83b3403fdca6/p/bin/../lib/gcc/arm-none-eabi/12.2.1/thumb/v7e-m+fp/softfp\libc_nano.a(libc_a-fwalk.o)
                              c:/users/wsanu/.silabs/slt/installs/conan/p/gcc-ab83b3403fdca6/p/bin/../lib/gcc/arm-none-eabi/12.2.1/thumb/v7e-m+fp/softfp\libc_nano.a(libc_a-findfp.o) (_fwalk_sglue)
c:/users/wsanu/.silabs/slt/installs/conan/p/gcc-ab83b3403fdca6/p/bin/../lib/gcc/arm-none-eabi/12.2.1/thumb/v7e-m+fp/softfp\libc_nano.a(libc_a-printf.o)
                              CMakeFiles/slc.dir/base/C_/Users/wsanu/SimplicityStudio/ESE5160-GGWP-Muscle_Master/sl_si91x_i2c_driver_leader/i2c_leader_example.c.obj (printf)
c:/users/wsanu/.silabs/slt/installs/conan/p/gcc-ab83b3403fdca6/p/bin/../lib/gcc/arm-none-eabi/12.2.1/thumb/v7e-m+fp/softfp\libc_nano.a(libc_a-puts.o)
                              CMakeFiles/slc.dir/base/C_/Users/wsanu/SimplicityStudio/ESE5160-GGWP-Muscle_Master/sl_si91x_i2c_driver_leader/i2c_leader_example.c.obj (puts)
c:/users/wsanu/.silabs/slt/installs/conan/p/gcc-ab83b3403fdca6/p/bin/../lib/gcc/arm-none-eabi/12.2.1/thumb/v7e-m+fp/softfp\libc_nano.a(libc_a-stdio.o)
                              c:/users/wsanu/.silabs/slt/installs/conan/p/gcc-ab83b3403fdca6/p/bin/../lib/gcc/arm-none-eabi/12.2.1/thumb/v7e-m+fp/softfp\libc_nano.a(libc_a-findfp.o) (__sread)
c:/users/wsanu/.silabs/slt/installs/conan/p/gcc-ab83b3403fdca6/p/bin/../lib/gcc/arm-none-eabi/12.2.1/thumb/v7e-m+fp/softfp\libc_nano.a(libc_a-wbuf.o)
                              c:/users/wsanu/.silabs/slt/installs/conan/p/gcc-ab83b3403fdca6/p/bin/../lib/gcc/arm-none-eabi/12.2.1/thumb/v7e-m+fp/softfp\libc_nano.a(libc_a-puts.o) (__swbuf_r)
c:/users/wsanu/.silabs/slt/installs/conan/p/gcc-ab83b3403fdca6/p/bin/../lib/gcc/arm-none-eabi/12.2.1/thumb/v7e-m+fp/softfp\libc_nano.a(libc_a-wsetup.o)
                              c:/users/wsanu/.silabs/slt/installs/conan/p/gcc-ab83b3403fdca6/p/bin/../lib/gcc/arm-none-eabi/12.2.1/thumb/v7e-m+fp/softfp\libc_nano.a(libc_a-puts.o) (__swsetup_r)
[...]
Memory Configuration

Name             Origin             Length             Attributes
rom              0x08202000         0x001fe000         xr
ram              0x0000000c         0x0002fbf4         xrw
udma0            0x0002fc00         0x00000400         xrw
udma1            0x24061c00         0x00000400         xrw
*default*        0x00000000         0xffffffff

Linker script and memory map

LOAD c:/users/wsanu/.silabs/slt/installs/conan/p/gcc-ab83b3403fdca6/p/bin/../lib/gcc/arm-none-eabi/12.2.1/thumb/v7e-m+fp/softfp/crti.o
LOAD c:/users/wsanu/.silabs/slt/installs/conan/p/gcc-ab83b3403fdca6/p/bin/../lib/gcc/arm-none-eabi/12.2.1/thumb/v7e-m+fp/softfp/crtbegin.o
LOAD c:/users/wsanu/.silabs/slt/installs/conan/p/gcc-ab83b3403fdca6/p/bin/../lib/gcc/arm-none-eabi/12.2.1/thumb/v7e-m+fp/softfp/crt0.o
LOAD CMakeFiles/slc.dir/base/e57ef96c74b1ba7a9a7bb5dd0448ed05/simplicity_sdk_2025.6.3/platform/common/src/sl_assert.c.obj
LOAD CMakeFiles/slc.dir/base/e57ef96c74b1ba7a9a7bb5dd0448ed05/simplicity_sdk_2025.6.3/platform/common/src/sl_syscalls.c.obj
LOAD CMakeFiles/slc.dir/base/e57ef96c74b1ba7a9a7bb5dd0448ed05/simplicity_sdk_2025.6.3/platform/service/sl_main/src/sl_main_init.c.obj
LOAD CMakeFiles/slc.dir/base/e57ef96c74b1ba7a9a7bb5dd0448ed05/simplicity_sdk_2025.6.3/platform/service/sl_main/src/sl_main_init_memory.c.obj
LOAD CMakeFiles/slc.dir/base/daf7639182b13f0b7012e68a18271340/platform/service/sl_main/src/sl_main_process_action.c.obj
LOAD CMakeFiles/slc.dir/base/C_/Users/wsanu/SimplicityStudio/ESE5160-GGWP-Muscle_Master/sl_si91x_i2c_driver_leader/app.c.obj
LOAD CMakeFiles/slc.dir/base/bb1de96d2fd4ceb0a05355542543e755/sl_si91x_i2c_driver_leader/autogen/sl_event_handler.c.obj
LOAD CMakeFiles/slc.dir/base/C_/Users/wsanu/SimplicityStudio/ESE5160-GGWP-Muscle_Master/sl_si91x_i2c_driver_leader/autogen/sl_i2c_init.c.obj
LOAD CMakeFiles/slc.dir/base/C_/Users/wsanu/SimplicityStudio/ESE5160-GGWP-Muscle_Master/sl_si91x_i2c_driver_leader/i2c_leader_example.c.obj
LOAD CMakeFiles/slc.dir/base/C_/Users/wsanu/SimplicityStudio/ESE5160-GGWP-Muscle_Master/sl_si91x_i2c_driver_leader/main.c.obj
LOAD CMakeFiles/slc.dir/base/b77ed8b95d361a4ab4ad09b40ccdef0d/device/silabs/si91x/mcu/core/chip/src/iPMU_prog/iPMU_dotc/ipmu_apis.c.obj
LOAD CMakeFiles/slc.dir/base/067cc5cebcaccc7a4128c8408c9b7619/silabs/si91x/mcu/core/chip/src/iPMU_prog/iPMU_dotc/rsi_system_config_917.c.obj
LOAD CMakeFiles/slc.dir/base/ef12b96310ec8fe51ad0bb487d863844/components/device/silabs/si91x/mcu/core/chip/src/rsi_deepsleep_soc.c.obj
LOAD CMakeFiles/slc.dir/base/ef12b96310ec8fe51ad0bb487d863844/components/device/silabs/si91x/mcu/core/chip/src/rsi_ps_ram_func.c.obj
LOAD CMakeFiles/slc.dir/base/ef12b96310ec8fe51ad0bb487d863844/components/device/silabs/si91x/mcu/core/chip/src/startup_si91x.c.obj
LOAD CMakeFiles/slc.dir/base/ef12b96310ec8fe51ad0bb487d863844/components/device/silabs/si91x/mcu/core/chip/src/system_si91x.c.obj
LOAD CMakeFiles/slc.dir/base/ef12b96310ec8fe51ad0bb487d863844/components/device/silabs/si91x/mcu/core/common/src/rsi_debug.c.obj
LOAD CMakeFiles/slc.dir/base/b77ed8b95d361a4ab4ad09b40ccdef0d/device/silabs/si91x/mcu/core/common/src/sl_si91x_stack_object_declare.c.obj
LOAD CMakeFiles/slc.dir/base/ef12b96310ec8fe51ad0bb487d863844/components/device/silabs/si91x/mcu/core/common/src/syscalls.c.obj
LOAD CMakeFiles/slc.dir/base/b77ed8b95d361a4ab4ad09b40ccdef0d/device/silabs/si91x/mcu/core/config/src/rsi_nvic_priorities_config.c.obj
LOAD CMakeFiles/slc.dir/base/ef12b96310ec8fe51ad0bb487d863844/components/device/silabs/si91x/mcu/drivers/cmsis_driver/UDMA.c.obj
LOAD CMakeFiles/slc.dir/base/ef12b96310ec8fe51ad0bb487d863844/components/device/silabs/si91x/mcu/drivers/cmsis_driver/USART.c.obj
LOAD CMakeFiles/slc.dir/base/067cc5cebcaccc7a4128c8408c9b7619/silabs/si91x/mcu/drivers/peripheral_drivers/src/aux_reference_volt_config.c.obj
LOAD CMakeFiles/slc.dir/base/b77ed8b95d361a4ab4ad09b40ccdef0d/device/silabs/si91x/mcu/drivers/peripheral_drivers/src/clock_update.c.obj
LOAD CMakeFiles/slc.dir/base/ef12b96310ec8fe51ad0bb487d863844/components/device/silabs/si91x/mcu/drivers/peripheral_drivers/src/rsi_adc.c.obj
LOAD CMakeFiles/slc.dir/base/ef12b96310ec8fe51ad0bb487d863844/components/device/silabs/si91x/mcu/drivers/peripheral_drivers/src/rsi_crc.c.obj
LOAD CMakeFiles/slc.dir/base/ef12b96310ec8fe51ad0bb487d863844/components/device/silabs/si91x/mcu/drivers/peripheral_drivers/src/rsi_dac.c.obj
LOAD CMakeFiles/slc.dir/base/b77ed8b95d361a4ab4ad09b40ccdef0d/device/silabs/si91x/mcu/drivers/peripheral_drivers/src/rsi_egpio.c.obj
LOAD CMakeFiles/slc.dir/base/b77ed8b95d361a4ab4ad09b40ccdef0d/device/silabs/si91x/mcu/drivers/peripheral_drivers/src/rsi_opamp.c.obj
LOAD CMakeFiles/slc.dir/base/b77ed8b95d361a4ab4ad09b40ccdef0d/device/silabs/si91x/mcu/drivers/peripheral_drivers/src/rsi_udma.c.obj
LOAD CMakeFiles/slc.dir/base/b77ed8b95d361a4ab4ad09b40ccdef0d/device/silabs/si91x/mcu/drivers/peripheral_drivers/src/rsi_udma_wrapper.c.obj
LOAD CMakeFiles/slc.dir/base/b77ed8b95d361a4ab4ad09b40ccdef0d/device/silabs/si91x/mcu/drivers/peripheral_drivers/src/rsi_usart.c.obj
LOAD CMakeFiles/slc.dir/base/067cc5cebcaccc7a4128c8408c9b7619/silabs/si91x/mcu/drivers/service/clock_manager/src/sl_si91x_clock_manager.c.obj
LOAD CMakeFiles/slc.dir/base/ef12b96310ec8fe51ad0bb487d863844/components/device/silabs/si91x/mcu/drivers/systemlevel/src/rsi_bod.c.obj
LOAD CMakeFiles/slc.dir/base/ef12b96310ec8fe51ad0bb487d863844/components/device/silabs/si91x/mcu/drivers/systemlevel/src/rsi_ipmu.c.obj
LOAD CMakeFiles/slc.dir/base/ef12b96310ec8fe51ad0bb487d863844/components/device/silabs/si91x/mcu/drivers/systemlevel/src/rsi_pll.c.obj
LOAD CMakeFiles/slc.dir/base/ef12b96310ec8fe51ad0bb487d863844/components/device/silabs/si91x/mcu/drivers/systemlevel/src/rsi_rtc.c.obj
LOAD CMakeFiles/slc.dir/base/b77ed8b95d361a4ab4ad09b40ccdef0d/device/silabs/si91x/mcu/drivers/systemlevel/src/rsi_temp_sensor.c.obj
LOAD CMakeFiles/slc.dir/base/b77ed8b95d361a4ab4ad09b40ccdef0d/device/silabs/si91x/mcu/drivers/systemlevel/src/rsi_time_period.c.obj
LOAD CMakeFiles/slc.dir/base/ef12b96310ec8fe51ad0bb487d863844/components/device/silabs/si91x/mcu/drivers/systemlevel/src/rsi_ulpss_clk.c.obj
LOAD CMakeFiles/slc.dir/base/ef12b96310ec8fe51ad0bb487d863844/components/device/silabs/si91x/mcu/drivers/unified_api/src/sl_si91x_adc.c.obj
LOAD CMakeFiles/slc.dir/base/067cc5cebcaccc7a4128c8408c9b7619/silabs/si91x/mcu/drivers/unified_api/src/sl_si91x_bjt_temperature_sensor.c.obj
LOAD CMakeFiles/slc.dir/base/ef12b96310ec8fe51ad0bb487d863844/components/device/silabs/si91x/mcu/drivers/unified_api/src/sl_si91x_dma.c.obj
LOAD CMakeFiles/slc.dir/base/b77ed8b95d361a4ab4ad09b40ccdef0d/device/silabs/si91x/mcu/drivers/unified_api/src/sl_si91x_driver_gpio.c.obj
LOAD CMakeFiles/slc.dir/base/ef12b96310ec8fe51ad0bb487d863844/components/device/silabs/si91x/mcu/drivers/unified_api/src/sl_si91x_i2c.c.obj
LOAD CMakeFiles/slc.dir/base/2cbb4684082ecbe6971181304a30dad6/si91x/mcu/drivers/unified_peripheral_drivers/src/sl_si91x_peripheral_gpio.c.obj
LOAD CMakeFiles/slc.dir/base/2cbb4684082ecbe6971181304a30dad6/si91x/mcu/drivers/unified_peripheral_drivers/src/sl_si91x_peripheral_i2c.c.obj
START GROUP
LOAD c:/users/wsanu/.silabs/slt/installs/conan/p/gcc-ab83b3403fdca6/p/bin/../lib/gcc/arm-none-eabi/12.2.1/thumb/v7e-m+fp/softfp\libgcc.a
LOAD c:/users/wsanu/.silabs/slt/installs/conan/p/gcc-ab83b3403fdca6/p/bin/../lib/gcc/arm-none-eabi/12.2.1/thumb/v7e-m+fp/softfp\libnosys.a
LOAD c:/users/wsanu/.silabs/slt/installs/conan/p/gcc-ab83b3403fdca6/p/bin/../lib/gcc/arm-none-eabi/12.2.1/thumb/v7e-m+fp/softfp\libc_nano.a
LOAD c:/users/wsanu/.silabs/slt/installs/conan/p/gcc-ab83b3403fdca6/p/bin/../lib/gcc/arm-none-eabi/12.2.1/thumb/v7e-m+fp/softfp\libm.a
END GROUP
START GROUP
LOAD c:/users/wsanu/.silabs/slt/installs/conan/p/gcc-ab83b3403fdca6/p/bin/../lib/gcc/arm-none-eabi/12.2.1/thumb/v7e-m+fp/softfp\libgcc.a
LOAD c:/users/wsanu/.silabs/slt/installs/conan/p/gcc-ab83b3403fdca6/p/bin/../lib/gcc/arm-none-eabi/12.2.1/thumb/v7e-m+fp/softfp\libc_nano.a
END GROUP
START GROUP
LOAD c:/users/wsanu/.silabs/slt/installs/conan/p/gcc-ab83b3403fdca6/p/bin/../lib/gcc/arm-none-eabi/12.2.1/thumb/v7e-m+fp/softfp\libgcc.a
LOAD c:/users/wsanu/.silabs/slt/installs/conan/p/gcc-ab83b3403fdca6/p/bin/../lib/gcc/arm-none-eabi/12.2.1/thumb/v7e-m+fp/softfp\libc_nano.a
END GROUP
LOAD c:/users/wsanu/.silabs/slt/installs/conan/p/gcc-ab83b3403fdca6/p/bin/../lib/gcc/arm-none-eabi/12.2.1/thumb/v7e-m+fp/softfp/crtend.o
LOAD c:/users/wsanu/.silabs/slt/installs/conan/p/gcc-ab83b3403fdca6/p/bin/../lib/gcc/arm-none-eabi/12.2.1/thumb/v7e-m+fp/softfp/crtn.o

.text           0x08202000     0xaab8
 *(.isr_vector)
 .isr_vector    0x08202000      0x16c CMakeFiles/slc.dir/base/ef12b96310ec8fe51ad0bb487d863844/components/device/silabs/si91x/mcu/core/chip/src/startup_si91x.c.obj
                0x08202000                __Vectors
                0x08202180                . = ALIGN (0x20)
 *fill*         0x0820216c       0x14 
 *(EXCLUDE_FILE(*UDMA.o) .text*)
 .text.deregister_tm_clones
                0x08202180       0x1c c:/users/wsanu/.silabs/slt/installs/conan/p/gcc-ab83b3403fdca6/p/bin/../lib/gcc/arm-none-eabi/12.2.1/thumb/v7e-m+fp/softfp/crtbegin.o
 .text.register_tm_clones
                0x0820219c       0x24 c:/users/wsanu/.silabs/slt/installs/conan/p/gcc-ab83b3403fdca6/p/bin/../lib/gcc/arm-none-eabi/12.2.1/thumb/v7e-m+fp/softfp/crtbegin.o
 .text.__do_global_dtors_aux
                0x082021c0       0x28 c:/users/wsanu/.silabs/slt/installs/conan/p/gcc-ab83b3403fdca6/p/bin/../lib/gcc/arm-none-eabi/12.2.1/thumb/v7e-m+fp/softfp/crtbegin.o
 .text.frame_dummy
                0x082021e8       0x24 c:/users/wsanu/.silabs/slt/installs/conan/p/gcc-ab83b3403fdca6/p/bin/../lib/gcc/arm-none-eabi/12.2.1/thumb/v7e-m+fp/softfp/crtbegin.o
 .text.app_init_pre_clock
                0x0820220c        0x2 CMakeFiles/slc.dir/base/e57ef96c74b1ba7a9a7bb5dd0448ed05/simplicity_sdk_2025.6.3/platform/service/sl_main/src/sl_main_init.c.obj
                0x0820220c                app_init_pre_clock
 .text.app_init_early
                0x0820220e        0x2 CMakeFiles/slc.dir/base/e57ef96c74b1ba7a9a7bb5dd0448ed05/simplicity_sdk_2025.6.3/platform/service/sl_main/src/sl_main_init.c.obj
                0x0820220e                app_init_early
 .text.sl_main_second_stage_init
                0x08202210       0x1a CMakeFiles/slc.dir/base/e57ef96c74b1ba7a9a7bb5dd0448ed05/simplicity_sdk_2025.6.3/platform/service/sl_main/src/sl_main_init.c.obj
                0x08202210                sl_main_second_stage_init
 .text.sl_main_init
                0x0820222a       0x1e CMakeFiles/slc.dir/base/e57ef96c74b1ba7a9a7bb5dd0448ed05/simplicity_sdk_2025.6.3/platform/service/sl_main/src/sl_main_init.c.obj
                0x0820222a                sl_main_init
 .text.app_permanent_memory_alloc
                0x08202248        0x2 CMakeFiles/slc.dir/base/e57ef96c74b1ba7a9a7bb5dd0448ed05/simplicity_sdk_2025.6.3/platform/service/sl_main/src/sl_main_init_memory.c.obj
                0x08202248                app_permanent_memory_alloc
 .text.sli_allocate_permanent_memory
                0x0820224a       0x18 CMakeFiles/slc.dir/base/e57ef96c74b1ba7a9a7bb5dd0448ed05/simplicity_sdk_2025.6.3/platform/service/sl_main/src/sl_main_init_memory.c.obj
                0x0820224a                sli_allocate_permanent_memory
 .text.sl_main_process_action
                0x08202262       0x16 CMakeFiles/slc.dir/base/daf7639182b13f0b7012e68a18271340/platform/service/sl_main/src/sl_main_process_action.c.obj
                0x08202262                sl_main_process_action
 .text.app_init
                0x08202278        0x4 CMakeFiles/slc.dir/base/C_/Users/wsanu/SimplicityStudio/ESE5160-GGWP-Muscle_Master/sl_si91x_i2c_driver_leader/app.c.obj
                0x08202278                app_init
 .text.app_process_action
                0x0820227c        0x4 CMakeFiles/slc.dir/base/C_/Users/wsanu/SimplicityStudio/ESE5160-GGWP-Muscle_Master/sl_si91x_i2c_driver_leader/app.c.obj
                0x0820227c                app_process_action
 .text.sli_driver_permanent_allocation
                0x08202280        0x2 CMakeFiles/slc.dir/base/bb1de96d2fd4ceb0a05355542543e755/sl_si91x_i2c_driver_leader/autogen/sl_event_handler.c.obj
                0x08202280                sli_driver_permanent_allocation
 .text.sli_service_permanent_allocation
                0x08202282        0x2 CMakeFiles/slc.dir/base/bb1de96d2fd4ceb0a05355542543e755/sl_si91x_i2c_driver_leader/autogen/sl_event_handler.c.obj
                0x08202282                sli_service_permanent_allocation
 .text.sli_stack_permanent_allocation
                0x08202284        0x2 CMakeFiles/slc.dir/base/bb1de96d2fd4ceb0a05355542543e755/sl_si91x_i2c_driver_leader/autogen/sl_event_handler.c.obj
                0x08202284                sli_stack_permanent_allocation
 .text.sli_internal_permanent_allocation
                0x08202286        0x2 CMakeFiles/slc.dir/base/bb1de96d2fd4ceb0a05355542543e755/sl_si91x_i2c_driver_leader/autogen/sl_event_handler.c.obj
                0x08202286                sli_internal_permanent_allocation
 .text.sl_platform_init
                0x08202288        0xe CMakeFiles/slc.dir/base/bb1de96d2fd4ceb0a05355542543e755/sl_si91x_i2c_driver_leader/autogen/sl_event_handler.c.obj
                0x08202288                sl_platform_init
 .text.sli_internal_init_early
                0x08202296        0x2 CMakeFiles/slc.dir/base/bb1de96d2fd4ceb0a05355542543e755/sl_si91x_i2c_driver_leader/autogen/sl_event_handler.c.obj
                0x08202296                sli_internal_init_early
 .text.sl_driver_init
                0x08202298        0x4 CMakeFiles/slc.dir/base/bb1de96d2fd4ceb0a05355542543e755/sl_si91x_i2c_driver_leader/autogen/sl_event_handler.c.obj
                0x08202298                sl_driver_init
 .text.sl_service_init
                0x0820229c        0x2 CMakeFiles/slc.dir/base/bb1de96d2fd4ceb0a05355542543e755/sl_si91x_i2c_driver_leader/autogen/sl_event_handler.c.obj
                0x0820229c                sl_service_init
 .text.sl_stack_init
                0x0820229e        0x2 CMakeFiles/slc.dir/base/bb1de96d2fd4ceb0a05355542543e755/sl_si91x_i2c_driver_leader/autogen/sl_event_handler.c.obj
                0x0820229e                sl_stack_init
 .text.sl_internal_app_init
                0x082022a0        0x2 CMakeFiles/slc.dir/base/bb1de96d2fd4ceb0a05355542543e755/sl_si91x_i2c_driver_leader/autogen/sl_event_handler.c.obj
                0x082022a0                sl_internal_app_init
 .text.sli_platform_process_action
                0x082022a2        0x2 CMakeFiles/slc.dir/base/bb1de96d2fd4ceb0a05355542543e755/sl_si91x_i2c_driver_leader/autogen/sl_event_handler.c.obj
                0x082022a2                sli_platform_process_action
 .text.sli_service_process_action
                0x082022a4        0x2 CMakeFiles/slc.dir/base/bb1de96d2fd4ceb0a05355542543e755/sl_si91x_i2c_driver_leader/autogen/sl_event_handler.c.obj
                0x082022a4                sli_service_process_action
 .text.sli_stack_process_action
                0x082022a6        0x2 CMakeFiles/slc.dir/base/bb1de96d2fd4ceb0a05355542543e755/sl_si91x_i2c_driver_leader/autogen/sl_event_handler.c.obj
                0x082022a6                sli_stack_process_action
 .text.sli_internal_app_process_action
                0x082022a8        0x2 CMakeFiles/slc.dir/base/bb1de96d2fd4ceb0a05355542543e755/sl_si91x_i2c_driver_leader/autogen/sl_event_handler.c.obj
                0x082022a8                sli_internal_app_process_action
 *fill*         0x082022aa        0x2 
 .text.sl_i2c_init_instances
                0x082022ac       0x1c CMakeFiles/slc.dir/base/C_/Users/wsanu/SimplicityStudio/ESE5160-GGWP-Muscle_Master/sl_si91x_i2c_driver_leader/autogen/sl_i2c_init.c.obj
                0x082022ac                sl_i2c_init_instances
 .text.lsm6dso_write_register.constprop.0
                0x082022c8       0x1c CMakeFiles/slc.dir/base/C_/Users/wsanu/SimplicityStudio/ESE5160-GGWP-Muscle_Master/sl_si91x_i2c_driver_leader/i2c_leader_example.c.obj
 .text.lsm6dso_read_register.constprop.0
                0x082022e4       0x4e CMakeFiles/slc.dir/base/C_/Users/wsanu/SimplicityStudio/ESE5160-GGWP-Muscle_Master/sl_si91x_i2c_driver_leader/i2c_leader_example.c.obj
 *fill*         0x08202332        0x2 
 .text.i2c_leader_example_init
                0x08202334       0x84 CMakeFiles/slc.dir/base/C_/Users/wsanu/SimplicityStudio/ESE5160-GGWP-Muscle_Master/sl_si91x_i2c_driver_leader/i2c_leader_example.c.obj
                0x08202334                i2c_leader_example_init
 .text.i2c_leader_example_process_action
                0x082023b8      0x228 CMakeFiles/slc.dir/base/C_/Users/wsanu/SimplicityStudio/ESE5160-GGWP-Muscle_Master/sl_si91x_i2c_driver_leader/i2c_leader_example.c.obj
                0x082023b8                i2c_leader_example_process_action
 .text.startup.main
                0x082025e0       0x14 CMakeFiles/slc.dir/base/C_/Users/wsanu/SimplicityStudio/ESE5160-GGWP-Muscle_Master/sl_si91x_i2c_driver_leader/main.c.obj
                0x082025e0                main
 .text.init_ipmu_calib_data
                0x082025f4       0x54 CMakeFiles/slc.dir/base/b77ed8b95d361a4ab4ad09b40ccdef0d/device/silabs/si91x/mcu/core/chip/src/iPMU_prog/iPMU_dotc/ipmu_apis.c.obj
                0x082025f4                init_ipmu_calib_data
 .text.program_ipmu_data
                0x08202648       0x54 CMakeFiles/slc.dir/base/b77ed8b95d361a4ab4ad09b40ccdef0d/device/silabs/si91x/mcu/core/chip/src/iPMU_prog/iPMU_dotc/ipmu_apis.c.obj
                0x08202648                program_ipmu_data
 .text.ipmu_init_mcu
                0x0820269c       0x94 CMakeFiles/slc.dir/base/b77ed8b95d361a4ab4ad09b40ccdef0d/device/silabs/si91x/mcu/core/chip/src/iPMU_prog/iPMU_dotc/ipmu_apis.c.obj
                0x0820269c                ipmu_init_mcu
 .text.ipmu_init
                0x08202730       0xa8 CMakeFiles/slc.dir/base/b77ed8b95d361a4ab4ad09b40ccdef0d/device/silabs/si91x/mcu/core/chip/src/iPMU_prog/iPMU_dotc/ipmu_apis.c.obj
                0x08202730                ipmu_init
 .text.configure_ipmu_mode
                0x082027d8       0x38 CMakeFiles/slc.dir/base/b77ed8b95d361a4ab4ad09b40ccdef0d/device/silabs/si91x/mcu/core/chip/src/iPMU_prog/iPMU_dotc/ipmu_apis.c.obj
                0x082027d8                configure_ipmu_mode
 .text.RSI_PS_RestoreCpuContext
                0x08202810       0x34 CMakeFiles/slc.dir/base/ef12b96310ec8fe51ad0bb487d863844/components/device/silabs/si91x/mcu/core/chip/src/rsi_deepsleep_soc.c.obj
                0x08202810                RSI_PS_RestoreCpuContext
 .text.RSI_Set_Cntrls_To_M4
                0x08202844       0x50 CMakeFiles/slc.dir/base/ef12b96310ec8fe51ad0bb487d863844/components/device/silabs/si91x/mcu/core/chip/src/rsi_deepsleep_soc.c.obj
                0x08202844                RSI_Set_Cntrls_To_M4
 .text.Default_Handler
                0x08202894        0x2 CMakeFiles/slc.dir/base/ef12b96310ec8fe51ad0bb487d863844/components/device/silabs/si91x/mcu/core/chip/src/startup_si91x.c.obj
                0x08202894                DebugMon_Handler
                0x08202894                IRQ031_Handler
                0x08202894                HardFault_Handler
                0x08202894                IRQ095_Handler
                0x08202894                IRQ065_Handler
                0x08202894                SysTick_Handler
                0x08202894                IRQ093_Handler
                0x08202894                PendSV_Handler
                0x08202894                NMI_Handler
                0x08202894                IRQ014_Handler
                0x08202894                IRQ027_Handler
                0x08202894                IRQ062_Handler
                0x08202894                IRQ097_Handler
                0x08202894                IRQ088_Handler
                0x08202894                IRQ034_Handler
                0x08202894                IRQ071_Handler
                0x08202894                IRQ067_Handler
                0x08202894                IRQ070_Handler
                0x08202894                IRQ077_Handler
                0x08202894                IRQ028_Handler
                0x08202894                IRQ063_Handler
                0x08202894                IRQ076_Handler
                0x08202894                UsageFault_Handler
                0x08202894                IRQ023_Handler
                0x08202894                IRQ009_Handler
                0x08202894                IRQ048_Handler
                0x08202894                IRQ083_Handler
                0x08202894                IRQ089_Handler
                0x08202894                HIF1_IRQHandler
                0x08202894                IRQ037_Handler
                0x08202894                IRQ074_Handler
                0x08202894                IRQ072_Handler
                0x08202894                IRQ008_Handler
                0x08202894                IRQ047_Handler
                0x08202894                IRQ082_Handler
                0x08202894                IRQ022_Handler
                0x08202894                IRQ007_Handler
                0x08202894                IRQ046_Handler
                0x08202894                IRQ081_Handler
                0x08202894                IRQ004_Handler
                0x08202894                IRQ043_Handler
                0x08202894                IRQ002_Handler
                0x08202894                IRQ041_Handler
                0x08202894                IRQ098_Handler
                0x08202894                IRQ000_Handler
                0x08202894                IRQ005_Handler
                0x08202894                IRQ044_Handler
                0x08202894                IRQ049_Handler
                0x08202894                IRQ084_Handler
                0x08202894                IRQ006_Handler
                0x08202894                IRQ045_Handler
                0x08202894                IRQ080_Handler
                0x08202894                IRQ015_Handler
                0x08202894                MemManage_Handler
                0x08202894                HIF2_IRQHandler
                0x08202894                SVC_Handler
                0x08202894                IRQ001_Handler
                0x08202894                IRQ040_Handler
                0x08202894                IRQ068_Handler
                0x08202894                IRQ096_Handler
                0x08202894                IRQ003_Handler
                0x08202894                IRQ024_Handler
                0x08202894                IRQ016_Handler
                0x08202894                IRQ090_Handler
                0x08202894                IRQ078_Handler
                0x08202894                IRQ032_Handler
                0x08202894                IRQ020_Handler
                0x08202894                IRQ073_Handler
                0x08202894                IRQ092_Handler
                0x08202894                IRQ087_Handler
                0x08202894                IRQ026_Handler
                0x08202894                IRQ025_Handler
                0x08202894                IRQ060_Handler
                0x08202894                IRQ085_Handler
                0x08202894                IRQ030_Handler
                0x08202894                IRQ029_Handler
                0x08202894                IRQ064_Handler
                0x08202894                IRQ066_Handler
                0x08202894                IRQ017_Handler
                0x08202894                IRQ091_Handler
                0x08202894                BusFault_Handler
                0x08202894                IRQ069_Handler
                0x08202894                IRQ075_Handler
                0x08202894                IRQ086_Handler
                0x08202894                IRQ094_Handler
                0x08202894                IRQ079_Handler
 .text.Default_Reset_Handler
                0x08202896        0x2 CMakeFiles/slc.dir/base/ef12b96310ec8fe51ad0bb487d863844/components/device/silabs/si91x/mcu/core/chip/src/startup_si91x.c.obj
                0x08202896                Default_Reset_Handler
                0x08202896                Reset_Handler
 .text.Copy_Table
                0x08202898       0x24 CMakeFiles/slc.dir/base/ef12b96310ec8fe51ad0bb487d863844/components/device/silabs/si91x/mcu/core/chip/src/startup_si91x.c.obj
                0x08202898                Copy_Table
 .text.Zero_Table
                0x082028bc       0x24 CMakeFiles/slc.dir/base/ef12b96310ec8fe51ad0bb487d863844/components/device/silabs/si91x/mcu/core/chip/src/startup_si91x.c.obj
                0x082028bc                Zero_Table
 .text.RSI_Default_Reset_Handler
                0x082028e0       0x16 CMakeFiles/slc.dir/base/ef12b96310ec8fe51ad0bb487d863844/components/device/silabs/si91x/mcu/core/chip/src/startup_si91x.c.obj
                0x082028e0                RSI_Default_Reset_Handler
 *fill*         0x082028f6        0x2 
 .text.SystemCoreClockUpdate
                0x082028f8      0x134 CMakeFiles/slc.dir/base/ef12b96310ec8fe51ad0bb487d863844/components/device/silabs/si91x/mcu/core/chip/src/system_si91x.c.obj
                0x082028f8                SystemCoreClockUpdate
 .text.fpuInit  0x08202a2c       0x44 CMakeFiles/slc.dir/base/ef12b96310ec8fe51ad0bb487d863844/components/device/silabs/si91x/mcu/core/chip/src/system_si91x.c.obj
                0x08202a2c                fpuInit
 .text.SystemInit
                0x08202a70       0xe4 CMakeFiles/slc.dir/base/ef12b96310ec8fe51ad0bb487d863844/components/device/silabs/si91x/mcu/core/chip/src/system_si91x.c.obj
                0x08202a70                SystemInit
 .text.ARM_UART_SignalEvent
                0x08202b54       0x24 CMakeFiles/slc.dir/base/ef12b96310ec8fe51ad0bb487d863844/components/device/silabs/si91x/mcu/core/common/src/rsi_debug.c.obj
                0x08202b54                ARM_UART_SignalEvent
 .text.Board_Debug_Init
                0x08202b78       0x4c CMakeFiles/slc.dir/base/ef12b96310ec8fe51ad0bb487d863844/components/device/silabs/si91x/mcu/core/common/src/rsi_debug.c.obj
                0x08202b78                Board_Debug_Init
 .text.Board_UARTGetChar
                0x08202bc4       0x30 CMakeFiles/slc.dir/base/ef12b96310ec8fe51ad0bb487d863844/components/device/silabs/si91x/mcu/core/common/src/rsi_debug.c.obj
                0x08202bc4                Board_UARTGetChar
 .text.Board_UARTPutChar
                0x08202bf4       0x30 CMakeFiles/slc.dir/base/ef12b96310ec8fe51ad0bb487d863844/components/device/silabs/si91x/mcu/core/common/src/rsi_debug.c.obj
                0x08202bf4                Board_UARTPutChar
 .text.read_exclude_space
                0x08202c24       0x20 CMakeFiles/slc.dir/base/ef12b96310ec8fe51ad0bb487d863844/components/device/silabs/si91x/mcu/core/common/src/syscalls.c.obj
 .text._getpid  0x08202c44        0x4 CMakeFiles/slc.dir/base/ef12b96310ec8fe51ad0bb487d863844/components/device/silabs/si91x/mcu/core/common/src/syscalls.c.obj
                0x08202c44                _getpid
 .text._kill    0x08202c48       0x10 CMakeFiles/slc.dir/base/ef12b96310ec8fe51ad0bb487d863844/components/device/silabs/si91x/mcu/core/common/src/syscalls.c.obj
                0x08202c48                _kill
 .text._exit    0x08202c58        0xc CMakeFiles/slc.dir/base/ef12b96310ec8fe51ad0bb487d863844/components/device/silabs/si91x/mcu/core/common/src/syscalls.c.obj
                0x08202c58                _exit
 .text._write   0x08202c64       0x1c CMakeFiles/slc.dir/base/ef12b96310ec8fe51ad0bb487d863844/components/device/silabs/si91x/mcu/core/common/src/syscalls.c.obj
                0x08202c64                _write
 .text._close   0x08202c80        0x6 CMakeFiles/slc.dir/base/ef12b96310ec8fe51ad0bb487d863844/components/device/silabs/si91x/mcu/core/common/src/syscalls.c.obj
                0x08202c80                _close
 .text._fstat   0x08202c86        0xa CMakeFiles/slc.dir/base/ef12b96310ec8fe51ad0bb487d863844/components/device/silabs/si91x/mcu/core/common/src/syscalls.c.obj
                0x08202c86                _fstat
 .text._isatty  0x08202c90        0x4 CMakeFiles/slc.dir/base/ef12b96310ec8fe51ad0bb487d863844/components/device/silabs/si91x/mcu/core/common/src/syscalls.c.obj
                0x08202c90                _isatty
 .text._lseek   0x08202c94        0x4 CMakeFiles/slc.dir/base/ef12b96310ec8fe51ad0bb487d863844/components/device/silabs/si91x/mcu/core/common/src/syscalls.c.obj
                0x08202c94                _lseek
 .text._read    0x08202c98      0x300 CMakeFiles/slc.dir/base/ef12b96310ec8fe51ad0bb487d863844/components/device/silabs/si91x/mcu/core/common/src/syscalls.c.obj
                0x08202c98                _read
 .text.IRQ033_Handler
                0x08202f98       0xa8 CMakeFiles/slc.dir/base/ef12b96310ec8fe51ad0bb487d863844/components/device/silabs/si91x/mcu/drivers/cmsis_driver/UDMA.c.obj
                0x08202f98                IRQ033_Handler
 .text.IRQ010_Handler
                0x08203040       0xac CMakeFiles/slc.dir/base/ef12b96310ec8fe51ad0bb487d863844/components/device/silabs/si91x/mcu/drivers/cmsis_driver/UDMA.c.obj
                0x08203040                IRQ010_Handler
 .text.ARM_USARTx_GetVersion
                0x082030ec       0x20 CMakeFiles/slc.dir/base/ef12b96310ec8fe51ad0bb487d863844/components/device/silabs/si91x/mcu/drivers/cmsis_driver/USART.c.obj
                0x082030ec                ARM_USARTx_GetVersion
 .text.ARM_ULP_UART_GetCapabilities
                0x0820310c        0xc CMakeFiles/slc.dir/base/ef12b96310ec8fe51ad0bb487d863844/components/device/silabs/si91x/mcu/drivers/cmsis_driver/USART.c.obj
 .text.ARM_ULP_UART_GetModemStatus
                0x08203118        0xc CMakeFiles/slc.dir/base/ef12b96310ec8fe51ad0bb487d863844/components/device/silabs/si91x/mcu/drivers/cmsis_driver/USART.c.obj
 .text.ARM_ULP_UART_SetModemControl
                0x08203124        0xc CMakeFiles/slc.dir/base/ef12b96310ec8fe51ad0bb487d863844/components/device/silabs/si91x/mcu/drivers/cmsis_driver/USART.c.obj
 .text.ARM_ULP_UART_GetStatus
                0x08203130        0xc CMakeFiles/slc.dir/base/ef12b96310ec8fe51ad0bb487d863844/components/device/silabs/si91x/mcu/drivers/cmsis_driver/USART.c.obj
 .text.ARM_ULP_UART_Control
                0x0820313c       0x34 CMakeFiles/slc.dir/base/ef12b96310ec8fe51ad0bb487d863844/components/device/silabs/si91x/mcu/drivers/cmsis_driver/USART.c.obj
 .text.ARM_ULP_UART_GetRxCount
                0x08203170        0xc CMakeFiles/slc.dir/base/ef12b96310ec8fe51ad0bb487d863844/components/device/silabs/si91x/mcu/drivers/cmsis_driver/USART.c.obj
 .text.ARM_ULP_UART_GetTxCount
                0x0820317c        0xc CMakeFiles/slc.dir/base/ef12b96310ec8fe51ad0bb487d863844/components/device/silabs/si91x/mcu/drivers/cmsis_driver/USART.c.obj
 .text.ARM_ULP_UART_Transfer
                0x08203188       0x54 CMakeFiles/slc.dir/base/ef12b96310ec8fe51ad0bb487d863844/components/device/silabs/si91x/mcu/drivers/cmsis_driver/USART.c.obj
 .text.ARM_ULP_UART_Receive
                0x082031dc       0x48 CMakeFiles/slc.dir/base/ef12b96310ec8fe51ad0bb487d863844/components/device/silabs/si91x/mcu/drivers/cmsis_driver/USART.c.obj
 .text.ARM_ULP_UART_Send
                0x08203224       0x48 CMakeFiles/slc.dir/base/ef12b96310ec8fe51ad0bb487d863844/components/device/silabs/si91x/mcu/drivers/cmsis_driver/USART.c.obj
 .text.ARM_ULP_UART_PowerControl
                0x0820326c       0x18 CMakeFiles/slc.dir/base/ef12b96310ec8fe51ad0bb487d863844/components/device/silabs/si91x/mcu/drivers/cmsis_driver/USART.c.obj
 .text.ARM_ULP_UART_Uninitialize
                0x08203284       0x1c CMakeFiles/slc.dir/base/ef12b96310ec8fe51ad0bb487d863844/components/device/silabs/si91x/mcu/drivers/cmsis_driver/USART.c.obj
 .text.ARM_ULP_UART_Initialize
                0x082032a0       0x30 CMakeFiles/slc.dir/base/ef12b96310ec8fe51ad0bb487d863844/components/device/silabs/si91x/mcu/drivers/cmsis_driver/USART.c.obj
 .text.IRQ038_Handler
                0x082032d0        0xc CMakeFiles/slc.dir/base/ef12b96310ec8fe51ad0bb487d863844/components/device/silabs/si91x/mcu/drivers/cmsis_driver/USART.c.obj
                0x082032d0                IRQ038_Handler
 .text.IRQ039_Handler
                0x082032dc        0xc CMakeFiles/slc.dir/base/ef12b96310ec8fe51ad0bb487d863844/components/device/silabs/si91x/mcu/drivers/cmsis_driver/USART.c.obj
                0x082032dc                IRQ039_Handler
 .text.IRQ012_Handler
                0x082032e8        0xc CMakeFiles/slc.dir/base/ef12b96310ec8fe51ad0bb487d863844/components/device/silabs/si91x/mcu/drivers/cmsis_driver/USART.c.obj
                0x082032e8                IRQ012_Handler
 .text.RSI_ULPUartHandler
                0x082032f4        0x4 CMakeFiles/slc.dir/base/ef12b96310ec8fe51ad0bb487d863844/components/device/silabs/si91x/mcu/drivers/cmsis_driver/USART.c.obj
                0x082032f4                RSI_ULPUartHandler
 .text.RSI_AUX_RefVoltageConfig
                0x082032f8       0xe8 CMakeFiles/slc.dir/base/067cc5cebcaccc7a4128c8408c9b7619/silabs/si91x/mcu/drivers/peripheral_drivers/src/aux_reference_volt_config.c.obj
                0x082032f8                RSI_AUX_RefVoltageConfig
 .text.RSI_CLK_GetM4RefClock
                0x082033e0       0x30 CMakeFiles/slc.dir/base/b77ed8b95d361a4ab4ad09b40ccdef0d/device/silabs/si91x/mcu/drivers/peripheral_drivers/src/clock_update.c.obj
 .text.RSI_CLK_GetUlpssTouchClock
                0x08203410       0x48 CMakeFiles/slc.dir/base/b77ed8b95d361a4ab4ad09b40ccdef0d/device/silabs/si91x/mcu/drivers/peripheral_drivers/src/clock_update.c.obj
 .text.RSI_CLK_GetQspi2Clock
                0x08203458       0x50 CMakeFiles/slc.dir/base/b77ed8b95d361a4ab4ad09b40ccdef0d/device/silabs/si91x/mcu/drivers/peripheral_drivers/src/clock_update.c.obj
 .text.RSI_CLK_GetUart1Clock
                0x082034a8       0x74 CMakeFiles/slc.dir/base/b77ed8b95d361a4ab4ad09b40ccdef0d/device/silabs/si91x/mcu/drivers/peripheral_drivers/src/clock_update.c.obj
 .text.RSI_CLK_GetBaseClock
                0x0820351c      0x334 CMakeFiles/slc.dir/base/b77ed8b95d361a4ab4ad09b40ccdef0d/device/silabs/si91x/mcu/drivers/peripheral_drivers/src/clock_update.c.obj
                0x0820351c                RSI_CLK_GetBaseClock
 .text.RSI_EGPIO_HostPadsGpioModeDisable
                0x08203850       0x10 CMakeFiles/slc.dir/base/ef12b96310ec8fe51ad0bb487d863844/components/device/silabs/si91x/mcu/drivers/peripheral_drivers/src/rsi_adc.c.obj
 .text.RSI_EGPIO_PadReceiverDisable
                0x08203860       0x10 CMakeFiles/slc.dir/base/ef12b96310ec8fe51ad0bb487d863844/components/device/silabs/si91x/mcu/drivers/peripheral_drivers/src/rsi_adc.c.obj
 .text.RSI_EGPIO_UlpPadReceiverDisable
                0x08203870       0x10 CMakeFiles/slc.dir/base/ef12b96310ec8fe51ad0bb487d863844/components/device/silabs/si91x/mcu/drivers/peripheral_drivers/src/rsi_adc.c.obj
 .text.adc_dac_ceil
                0x08203880       0x2a CMakeFiles/slc.dir/base/ef12b96310ec8fe51ad0bb487d863844/components/device/silabs/si91x/mcu/drivers/peripheral_drivers/src/rsi_adc.c.obj
 *fill*         0x082038aa        0x2 
 .text.ADC_DMA_Transfer_Complete
                0x082038ac       0x10 CMakeFiles/slc.dir/base/ef12b96310ec8fe51ad0bb487d863844/components/device/silabs/si91x/mcu/drivers/peripheral_drivers/src/rsi_adc.c.obj
                0x082038ac                ADC_DMA_Transfer_Complete
 .text.ADC_DMA_Error_Callback
                0x082038bc        0x4 CMakeFiles/slc.dir/base/ef12b96310ec8fe51ad0bb487d863844/components/device/silabs/si91x/mcu/drivers/peripheral_drivers/src/rsi_adc.c.obj
                0x082038bc                ADC_DMA_Error_Callback
 .text.RSI_EGPIO_SetPinMux.constprop.0
                0x082038c0       0x1c CMakeFiles/slc.dir/base/ef12b96310ec8fe51ad0bb487d863844/components/device/silabs/si91x/mcu/drivers/peripheral_drivers/src/rsi_adc.c.obj
 .text.RSI_ADC_PowerControl.part.0
                0x082038dc       0x40 CMakeFiles/slc.dir/base/ef12b96310ec8fe51ad0bb487d863844/components/device/silabs/si91x/mcu/drivers/peripheral_drivers/src/rsi_adc.c.obj
 .text.ADC_Start
                0x0820391c       0x38 CMakeFiles/slc.dir/base/ef12b96310ec8fe51ad0bb487d863844/components/device/silabs/si91x/mcu/drivers/peripheral_drivers/src/rsi_adc.c.obj
                0x0820391c                ADC_Start
 .text.cal_adc_channel_offset
                0x08203954       0xa4 CMakeFiles/slc.dir/base/ef12b96310ec8fe51ad0bb487d863844/components/device/silabs/si91x/mcu/drivers/peripheral_drivers/src/rsi_adc.c.obj
                0x08203954                cal_adc_channel_offset
 .text.check_power_two
                0x082039f8       0x12 CMakeFiles/slc.dir/base/ef12b96310ec8fe51ad0bb487d863844/components/device/silabs/si91x/mcu/drivers/peripheral_drivers/src/rsi_adc.c.obj
                0x082039f8                check_power_two
 .text.roundupto_pwr2
                0x08203a0a       0x1e CMakeFiles/slc.dir/base/ef12b96310ec8fe51ad0bb487d863844/components/device/silabs/si91x/mcu/drivers/peripheral_drivers/src/rsi_adc.c.obj
                0x08203a0a                roundupto_pwr2
 .text.config_ch_freq
                0x08203a28      0x1a8 CMakeFiles/slc.dir/base/ef12b96310ec8fe51ad0bb487d863844/components/device/silabs/si91x/mcu/drivers/peripheral_drivers/src/rsi_adc.c.obj
 .text.max_sample_rate_achive
                0x08203bd0       0x30 CMakeFiles/slc.dir/base/ef12b96310ec8fe51ad0bb487d863844/components/device/silabs/si91x/mcu/drivers/peripheral_drivers/src/rsi_adc.c.obj
                0x08203bd0                max_sample_rate_achive
 .text.get_min_sampling_time
                0x08203c00      0x2a0 CMakeFiles/slc.dir/base/ef12b96310ec8fe51ad0bb487d863844/components/device/silabs/si91x/mcu/drivers/peripheral_drivers/src/rsi_adc.c.obj
                0x08203c00                get_min_sampling_time
 .text.ADC_PinMux
                0x08203ea0      0x39c CMakeFiles/slc.dir/base/ef12b96310ec8fe51ad0bb487d863844/components/device/silabs/si91x/mcu/drivers/peripheral_drivers/src/rsi_adc.c.obj
                0x08203ea0                ADC_PinMux
 .text.RSI_ADC_PingPongMemoryAdrConfig
                0x0820423c       0xe0 CMakeFiles/slc.dir/base/ef12b96310ec8fe51ad0bb487d863844/components/device/silabs/si91x/mcu/drivers/peripheral_drivers/src/rsi_adc.c.obj
                0x0820423c                RSI_ADC_PingPongMemoryAdrConfig
 .text.RSI_ADC_PingPongReInit
                0x0820431c       0x60 CMakeFiles/slc.dir/base/ef12b96310ec8fe51ad0bb487d863844/components/device/silabs/si91x/mcu/drivers/peripheral_drivers/src/rsi_adc.c.obj
                0x0820431c                RSI_ADC_PingPongReInit
 .text.RSI_ADC_Calibration
                0x0820437c       0xb8 CMakeFiles/slc.dir/base/ef12b96310ec8fe51ad0bb487d863844/components/device/silabs/si91x/mcu/drivers/peripheral_drivers/src/rsi_adc.c.obj
                0x0820437c                RSI_ADC_Calibration
 .text.ADC_Init
                0x08204434      0x140 CMakeFiles/slc.dir/base/ef12b96310ec8fe51ad0bb487d863844/components/device/silabs/si91x/mcu/drivers/peripheral_drivers/src/rsi_adc.c.obj
                0x08204434                ADC_Init
 .text.ADC_Per_Channel_Init
                0x08204574      0x144 CMakeFiles/slc.dir/base/ef12b96310ec8fe51ad0bb487d863844/components/device/silabs/si91x/mcu/drivers/peripheral_drivers/src/rsi_adc.c.obj
                0x08204574                ADC_Per_Channel_Init
 .text.RSI_ADC_PingpongEnable
                0x082046b8       0x28 CMakeFiles/slc.dir/base/ef12b96310ec8fe51ad0bb487d863844/components/device/silabs/si91x/mcu/drivers/peripheral_drivers/src/rsi_adc.c.obj
                0x082046b8                RSI_ADC_PingpongEnable
 .text.RSI_ADC_InternalPerChnlDmaEnable
                0x082046e0       0x2a CMakeFiles/slc.dir/base/ef12b96310ec8fe51ad0bb487d863844/components/device/silabs/si91x/mcu/drivers/peripheral_drivers/src/rsi_adc.c.obj
                0x082046e0                RSI_ADC_InternalPerChnlDmaEnable
 .text.RSI_ADC_ChannelConfig
                0x0820470a       0x68 CMakeFiles/slc.dir/base/ef12b96310ec8fe51ad0bb487d863844/components/device/silabs/si91x/mcu/drivers/peripheral_drivers/src/rsi_adc.c.obj
                0x0820470a                RSI_ADC_ChannelConfig
 *fill*         0x08204772        0x2 
 .text.RSI_ADC_Stop
                0x08204774       0x2c CMakeFiles/slc.dir/base/ef12b96310ec8fe51ad0bb487d863844/components/device/silabs/si91x/mcu/drivers/peripheral_drivers/src/rsi_adc.c.obj
                0x08204774                RSI_ADC_Stop
 .text.ADC_Stop
                0x082047a0       0x10 CMakeFiles/slc.dir/base/ef12b96310ec8fe51ad0bb487d863844/components/device/silabs/si91x/mcu/drivers/peripheral_drivers/src/rsi_adc.c.obj
                0x082047a0                ADC_Stop
 .text.RSI_ADC_ChnlEnable
                0x082047b0       0x40 CMakeFiles/slc.dir/base/ef12b96310ec8fe51ad0bb487d863844/components/device/silabs/si91x/mcu/drivers/peripheral_drivers/src/rsi_adc.c.obj
                0x082047b0                RSI_ADC_ChnlEnable
 .text.RSI_ADC_ClkDivfactor
                0x082047f0       0x34 CMakeFiles/slc.dir/base/ef12b96310ec8fe51ad0bb487d863844/components/device/silabs/si91x/mcu/drivers/peripheral_drivers/src/rsi_adc.c.obj
                0x082047f0                RSI_ADC_ClkDivfactor
 .text.RSI_ADC_ChnlIntrUnMask
                0x08204824       0x58 CMakeFiles/slc.dir/base/ef12b96310ec8fe51ad0bb487d863844/components/device/silabs/si91x/mcu/drivers/peripheral_drivers/src/rsi_adc.c.obj
                0x08204824                RSI_ADC_ChnlIntrUnMask
 .text.RSI_ADC_ChnlIntrClr
                0x0820487c       0x36 CMakeFiles/slc.dir/base/ef12b96310ec8fe51ad0bb487d863844/components/device/silabs/si91x/mcu/drivers/peripheral_drivers/src/rsi_adc.c.obj
                0x0820487c                RSI_ADC_ChnlIntrClr
 *fill*         0x082048b2        0x2 
 .text.RSI_ADC_PowerControl
                0x082048b4       0x54 CMakeFiles/slc.dir/base/ef12b96310ec8fe51ad0bb487d863844/components/device/silabs/si91x/mcu/drivers/peripheral_drivers/src/rsi_adc.c.obj
                0x082048b4                RSI_ADC_PowerControl
 .text.ADC_Deinit
                0x08204908       0x3c CMakeFiles/slc.dir/base/ef12b96310ec8fe51ad0bb487d863844/components/device/silabs/si91x/mcu/drivers/peripheral_drivers/src/rsi_adc.c.obj
                0x08204908                ADC_Deinit
 .text.RSI_ADC_NoiseAvgMode
                0x08204944       0x20 CMakeFiles/slc.dir/base/ef12b96310ec8fe51ad0bb487d863844/components/device/silabs/si91x/mcu/drivers/peripheral_drivers/src/rsi_adc.c.obj
                0x08204944                RSI_ADC_NoiseAvgMode
 .text.ADC_ChannelConfig
                0x08204964      0x338 CMakeFiles/slc.dir/base/ef12b96310ec8fe51ad0bb487d863844/components/device/silabs/si91x/mcu/drivers/peripheral_drivers/src/rsi_adc.c.obj
                0x08204964                ADC_ChannelConfig
 .text.ADC_Per_ChannelConfig
                0x08204c9c      0x394 CMakeFiles/slc.dir/base/ef12b96310ec8fe51ad0bb487d863844/components/device/silabs/si91x/mcu/drivers/peripheral_drivers/src/rsi_adc.c.obj
                0x08204c9c                ADC_Per_ChannelConfig
 .text.RSI_ADC_TempSensorEnable
                0x08205030       0x10 CMakeFiles/slc.dir/base/ef12b96310ec8fe51ad0bb487d863844/components/device/silabs/si91x/mcu/drivers/peripheral_drivers/src/rsi_adc.c.obj
                0x08205030                RSI_ADC_TempSensorEnable
 .text.RSI_ADC_InterruptHandler
                0x08205040       0xf4 CMakeFiles/slc.dir/base/ef12b96310ec8fe51ad0bb487d863844/components/device/silabs/si91x/mcu/drivers/peripheral_drivers/src/rsi_adc.c.obj
                0x08205040                RSI_ADC_InterruptHandler
 .text.IRQ011_Handler
                0x08205134        0xc CMakeFiles/slc.dir/base/ef12b96310ec8fe51ad0bb487d863844/components/device/silabs/si91x/mcu/drivers/peripheral_drivers/src/rsi_adc.c.obj
                0x08205134                IRQ011_Handler
 .text.RSI_ADC_GainOffsetCal
                0x08205140       0x6c CMakeFiles/slc.dir/base/ef12b96310ec8fe51ad0bb487d863844/components/device/silabs/si91x/mcu/drivers/peripheral_drivers/src/rsi_adc.c.obj
                0x08205140                RSI_ADC_GainOffsetCal
 .text.RSI_ADC_ReadDataStatic
                0x082051ac       0x14 CMakeFiles/slc.dir/base/ef12b96310ec8fe51ad0bb487d863844/components/device/silabs/si91x/mcu/drivers/peripheral_drivers/src/rsi_adc.c.obj
                0x082051ac                RSI_ADC_ReadDataStatic
 .text.RSI_DAC_InterruptMask
                0x082051c0       0x1e CMakeFiles/slc.dir/base/ef12b96310ec8fe51ad0bb487d863844/components/device/silabs/si91x/mcu/drivers/peripheral_drivers/src/rsi_dac.c.obj
                0x082051c0                RSI_DAC_InterruptMask
 .text.RSI_OPAMP1_Config
                0x082051de       0xc6 CMakeFiles/slc.dir/base/b77ed8b95d361a4ab4ad09b40ccdef0d/device/silabs/si91x/mcu/drivers/peripheral_drivers/src/rsi_opamp.c.obj
                0x082051de                RSI_OPAMP1_Config
 .text.RSI_EGPIO_SetPinMux
                0x082052a4       0x14 CMakeFiles/slc.dir/base/b77ed8b95d361a4ab4ad09b40ccdef0d/device/silabs/si91x/mcu/drivers/peripheral_drivers/src/rsi_usart.c.obj
 .text.RSI_EGPIO_UlpSocGpioMode.constprop.0
                0x082052b8       0x18 CMakeFiles/slc.dir/base/b77ed8b95d361a4ab4ad09b40ccdef0d/device/silabs/si91x/mcu/drivers/peripheral_drivers/src/rsi_usart.c.obj
 .text.UDMAx_ChannelDisable.isra.0
                0x082052d0        0xc CMakeFiles/slc.dir/base/b77ed8b95d361a4ab4ad09b40ccdef0d/device/silabs/si91x/mcu/drivers/peripheral_drivers/src/rsi_usart.c.obj
 .text.configure_usart_gpio_pin
                0x082052dc      0x1ac CMakeFiles/slc.dir/base/b77ed8b95d361a4ab4ad09b40ccdef0d/device/silabs/si91x/mcu/drivers/peripheral_drivers/src/rsi_usart.c.obj
 .text.UartIrqHandler
                0x08205488      0x200 CMakeFiles/slc.dir/base/b77ed8b95d361a4ab4ad09b40ccdef0d/device/silabs/si91x/mcu/drivers/peripheral_drivers/src/rsi_usart.c.obj
                0x08205488                UartIrqHandler
 .text.USART_SetBaudrate
                0x08205688       0x50 CMakeFiles/slc.dir/base/b77ed8b95d361a4ab4ad09b40ccdef0d/device/silabs/si91x/mcu/drivers/peripheral_drivers/src/rsi_usart.c.obj
                0x08205688                USART_SetBaudrate
 .text.USART_Initialize
                0x082056d8      0x120 CMakeFiles/slc.dir/base/b77ed8b95d361a4ab4ad09b40ccdef0d/device/silabs/si91x/mcu/drivers/peripheral_drivers/src/rsi_usart.c.obj
                0x082056d8                USART_Initialize
 .text.USART_Uninitialize
                0x082057f8       0xa0 CMakeFiles/slc.dir/base/b77ed8b95d361a4ab4ad09b40ccdef0d/device/silabs/si91x/mcu/drivers/peripheral_drivers/src/rsi_usart.c.obj
                0x082057f8                USART_Uninitialize
 .text.USART_PowerControl
                0x08205898      0x150 CMakeFiles/slc.dir/base/b77ed8b95d361a4ab4ad09b40ccdef0d/device/silabs/si91x/mcu/drivers/peripheral_drivers/src/rsi_usart.c.obj
                0x08205898                USART_PowerControl
 .text.USART_Send_Data
                0x082059e8      0x15c CMakeFiles/slc.dir/base/b77ed8b95d361a4ab4ad09b40ccdef0d/device/silabs/si91x/mcu/drivers/peripheral_drivers/src/rsi_usart.c.obj
                0x082059e8                USART_Send_Data
 .text.USART_Receive_Data
                0x08205b44      0x13c CMakeFiles/slc.dir/base/b77ed8b95d361a4ab4ad09b40ccdef0d/device/silabs/si91x/mcu/drivers/peripheral_drivers/src/rsi_usart.c.obj
                0x08205b44                USART_Receive_Data
 .text.USART_Transfer
                0x08205c80       0x72 CMakeFiles/slc.dir/base/b77ed8b95d361a4ab4ad09b40ccdef0d/device/silabs/si91x/mcu/drivers/peripheral_drivers/src/rsi_usart.c.obj
                0x08205c80                USART_Transfer
 .text.USART_GetTxCount
                0x08205cf2        0x6 CMakeFiles/slc.dir/base/b77ed8b95d361a4ab4ad09b40ccdef0d/device/silabs/si91x/mcu/drivers/peripheral_drivers/src/rsi_usart.c.obj
                0x08205cf2                USART_GetTxCount
 .text.USART_GetRxCount
                0x08205cf8        0x6 CMakeFiles/slc.dir/base/b77ed8b95d361a4ab4ad09b40ccdef0d/device/silabs/si91x/mcu/drivers/peripheral_drivers/src/rsi_usart.c.obj
                0x08205cf8                USART_GetRxCount
 *fill*         0x08205cfe        0x2 
 .text.USART_Control
                0x08205d00      0x47c CMakeFiles/slc.dir/base/b77ed8b95d361a4ab4ad09b40ccdef0d/device/silabs/si91x/mcu/drivers/peripheral_drivers/src/rsi_usart.c.obj
                0x08205d00                USART_Control
 .text.USART_GetStatus
                0x0820617c       0x42 CMakeFiles/slc.dir/base/b77ed8b95d361a4ab4ad09b40ccdef0d/device/silabs/si91x/mcu/drivers/peripheral_drivers/src/rsi_usart.c.obj
                0x0820617c                USART_GetStatus
 *fill*         0x082061be        0x2 
 .text.USART_SetModemControl
                0x082061c0       0x80 CMakeFiles/slc.dir/base/b77ed8b95d361a4ab4ad09b40ccdef0d/device/silabs/si91x/mcu/drivers/peripheral_drivers/src/rsi_usart.c.obj
                0x082061c0                USART_SetModemControl
 .text.USART_GetModemStatus
                0x08206240       0x60 CMakeFiles/slc.dir/base/b77ed8b95d361a4ab4ad09b40ccdef0d/device/silabs/si91x/mcu/drivers/peripheral_drivers/src/rsi_usart.c.obj
                0x08206240                USART_GetModemStatus
 .text.convert_rsi_to_sl_error_code
                0x082062a0       0x58 CMakeFiles/slc.dir/base/067cc5cebcaccc7a4128c8408c9b7619/silabs/si91x/mcu/drivers/service/clock_manager/src/sl_si91x_clock_manager.c.obj
 .text.RSI_CLK_IntfPLLTurnOn.isra.0
                0x082062f8        0xc CMakeFiles/slc.dir/base/067cc5cebcaccc7a4128c8408c9b7619/silabs/si91x/mcu/drivers/service/clock_manager/src/sl_si91x_clock_manager.c.obj
 .text.RSI_CLK_I2sPllTurnOn.isra.0
                0x08206304        0xc CMakeFiles/slc.dir/base/067cc5cebcaccc7a4128c8408c9b7619/silabs/si91x/mcu/drivers/service/clock_manager/src/sl_si91x_clock_manager.c.obj
 .text.RSI_CLK_SocPllTurnOn.isra.0
                0x08206310        0xc CMakeFiles/slc.dir/base/067cc5cebcaccc7a4128c8408c9b7619/silabs/si91x/mcu/drivers/service/clock_manager/src/sl_si91x_clock_manager.c.obj
 .text.sl_si91x_clock_manager_set_pll_freq
                0x0820631c      0x130 CMakeFiles/slc.dir/base/067cc5cebcaccc7a4128c8408c9b7619/silabs/si91x/mcu/drivers/service/clock_manager/src/sl_si91x_clock_manager.c.obj
                0x0820631c                sl_si91x_clock_manager_set_pll_freq
 .text.sl_si91x_clock_manager_m4_set_core_clk.part.0
                0x0820644c       0x8c CMakeFiles/slc.dir/base/067cc5cebcaccc7a4128c8408c9b7619/silabs/si91x/mcu/drivers/service/clock_manager/src/sl_si91x_clock_manager.c.obj
 .text.sl_si91x_clock_manager_init
                0x082064d8       0x24 CMakeFiles/slc.dir/base/067cc5cebcaccc7a4128c8408c9b7619/silabs/si91x/mcu/drivers/service/clock_manager/src/sl_si91x_clock_manager.c.obj
                0x082064d8                sl_si91x_clock_manager_init
 .text.sl_si91x_clock_manager_m4_get_core_clk_src_freq
                0x082064fc       0x18 CMakeFiles/slc.dir/base/067cc5cebcaccc7a4128c8408c9b7619/silabs/si91x/mcu/drivers/service/clock_manager/src/sl_si91x_clock_manager.c.obj
                0x082064fc                sl_si91x_clock_manager_m4_get_core_clk_src_freq
 .text.RSI_BOD_IntrClr
                0x08206514       0x1c CMakeFiles/slc.dir/base/ef12b96310ec8fe51ad0bb487d863844/components/device/silabs/si91x/mcu/drivers/systemlevel/src/rsi_bod.c.obj
                0x08206514                RSI_BOD_IntrClr
 .text.RSI_BOD_SoftTriggerGetBatteryStatus
                0x08206530       0xc8 CMakeFiles/slc.dir/base/ef12b96310ec8fe51ad0bb487d863844/components/device/silabs/si91x/mcu/drivers/systemlevel/src/rsi_bod.c.obj
                0x08206530                RSI_BOD_SoftTriggerGetBatteryStatus
 .text.RSI_IPMU_UpdateIpmuCalibData_efuse
                0x082065f8      0x300 CMakeFiles/slc.dir/base/ef12b96310ec8fe51ad0bb487d863844/components/device/silabs/si91x/mcu/drivers/systemlevel/src/rsi_ipmu.c.obj
                0x082065f8                RSI_IPMU_UpdateIpmuCalibData_efuse
 .text.RSI_Ipmu_Init
                0x082068f8        0x4 CMakeFiles/slc.dir/base/ef12b96310ec8fe51ad0bb487d863844/components/device/silabs/si91x/mcu/drivers/systemlevel/src/rsi_ipmu.c.obj
                0x082068f8                RSI_Ipmu_Init
 .text.RSI_Configure_Ipmu_Mode
                0x082068fc       0x74 CMakeFiles/slc.dir/base/ef12b96310ec8fe51ad0bb487d863844/components/device/silabs/si91x/mcu/drivers/systemlevel/src/rsi_ipmu.c.obj
                0x082068fc                RSI_Configure_Ipmu_Mode
 .text.RSI_IPMU_PowerGateSet
                0x08206970       0x34 CMakeFiles/slc.dir/base/ef12b96310ec8fe51ad0bb487d863844/components/device/silabs/si91x/mcu/drivers/systemlevel/src/rsi_ipmu.c.obj
                0x08206970                RSI_IPMU_PowerGateSet
 .text.RSI_IPMU_PowerGateClr
                0x082069a4       0x4c CMakeFiles/slc.dir/base/ef12b96310ec8fe51ad0bb487d863844/components/device/silabs/si91x/mcu/drivers/systemlevel/src/rsi_ipmu.c.obj
                0x082069a4                RSI_IPMU_PowerGateClr
 .text.RSI_IPMU_ClockMuxSel
                0x082069f0       0x40 CMakeFiles/slc.dir/base/ef12b96310ec8fe51ad0bb487d863844/components/device/silabs/si91x/mcu/drivers/systemlevel/src/rsi_ipmu.c.obj
                0x082069f0                RSI_IPMU_ClockMuxSel
 .text.RSI_IPMU_ProgramConfigData
                0x08206a30       0x6e CMakeFiles/slc.dir/base/ef12b96310ec8fe51ad0bb487d863844/components/device/silabs/si91x/mcu/drivers/systemlevel/src/rsi_ipmu.c.obj
                0x08206a30                RSI_IPMU_ProgramConfigData
 .text.RSI_APB_ProgramConfigData
                0x08206a9e       0x4a CMakeFiles/slc.dir/base/ef12b96310ec8fe51ad0bb487d863844/components/device/silabs/si91x/mcu/drivers/systemlevel/src/rsi_ipmu.c.obj
                0x08206a9e                RSI_APB_ProgramConfigData
 .text.RSI_IPMU_M32rc_OscTrimEfuse
                0x08206ae8       0x28 CMakeFiles/slc.dir/base/ef12b96310ec8fe51ad0bb487d863844/components/device/silabs/si91x/mcu/drivers/systemlevel/src/rsi_ipmu.c.obj
                0x08206ae8                RSI_IPMU_M32rc_OscTrimEfuse
 .text.RSI_IPMU_DBLR32M_TrimEfuse
                0x08206b10       0x18 CMakeFiles/slc.dir/base/ef12b96310ec8fe51ad0bb487d863844/components/device/silabs/si91x/mcu/drivers/systemlevel/src/rsi_ipmu.c.obj
                0x08206b10                RSI_IPMU_DBLR32M_TrimEfuse
 .text.RSI_IPMU_M20roOsc_TrimEfuse
                0x08206b28       0x28 CMakeFiles/slc.dir/base/ef12b96310ec8fe51ad0bb487d863844/components/device/silabs/si91x/mcu/drivers/systemlevel/src/rsi_ipmu.c.obj
                0x08206b28                RSI_IPMU_M20roOsc_TrimEfuse
 .text.RSI_IPMU_RO32khz_TrimEfuse
                0x08206b50       0x18 CMakeFiles/slc.dir/base/ef12b96310ec8fe51ad0bb487d863844/components/device/silabs/si91x/mcu/drivers/systemlevel/src/rsi_ipmu.c.obj
                0x08206b50                RSI_IPMU_RO32khz_TrimEfuse
 .text.RSI_IPMU_RC32khz_TrimEfuse
                0x08206b68       0x18 CMakeFiles/slc.dir/base/ef12b96310ec8fe51ad0bb487d863844/components/device/silabs/si91x/mcu/drivers/systemlevel/src/rsi_ipmu.c.obj
                0x08206b68                RSI_IPMU_RC32khz_TrimEfuse
 .text.RSI_IPMU_Vbg_Tsbjt_Efuse
                0x08206b80        0xc CMakeFiles/slc.dir/base/ef12b96310ec8fe51ad0bb487d863844/components/device/silabs/si91x/mcu/drivers/systemlevel/src/rsi_ipmu.c.obj
                0x08206b80                RSI_IPMU_Vbg_Tsbjt_Efuse
 .text.RSI_IPMU_Auxadcoff_DiffEfuse
                0x08206b8c        0xc CMakeFiles/slc.dir/base/ef12b96310ec8fe51ad0bb487d863844/components/device/silabs/si91x/mcu/drivers/systemlevel/src/rsi_ipmu.c.obj
                0x08206b8c                RSI_IPMU_Auxadcoff_DiffEfuse
 .text.RSI_IPMU_Auxadcgain_DiffEfuse
                0x08206b98        0xc CMakeFiles/slc.dir/base/ef12b96310ec8fe51ad0bb487d863844/components/device/silabs/si91x/mcu/drivers/systemlevel/src/rsi_ipmu.c.obj
                0x08206b98                RSI_IPMU_Auxadcgain_DiffEfuse
 .text.RSI_IPMU_Auxadcoff_SeEfuse
                0x08206ba4        0xc CMakeFiles/slc.dir/base/ef12b96310ec8fe51ad0bb487d863844/components/device/silabs/si91x/mcu/drivers/systemlevel/src/rsi_ipmu.c.obj
                0x08206ba4                RSI_IPMU_Auxadcoff_SeEfuse
 .text.RSI_IPMU_Auxadcgain_SeEfuse
                0x08206bb0        0xc CMakeFiles/slc.dir/base/ef12b96310ec8fe51ad0bb487d863844/components/device/silabs/si91x/mcu/drivers/systemlevel/src/rsi_ipmu.c.obj
                0x08206bb0                RSI_IPMU_Auxadcgain_SeEfuse
 .text.RSI_IPMU_Delvbe_Tsbjt_Efuse
                0x08206bbc        0xc CMakeFiles/slc.dir/base/ef12b96310ec8fe51ad0bb487d863844/components/device/silabs/si91x/mcu/drivers/systemlevel/src/rsi_ipmu.c.obj
                0x08206bbc                RSI_IPMU_Delvbe_Tsbjt_Efuse
 .text._usdelay
                0x08206bc8        0x6 CMakeFiles/slc.dir/base/ef12b96310ec8fe51ad0bb487d863844/components/device/silabs/si91x/mcu/drivers/systemlevel/src/rsi_pll.c.obj
 *fill*         0x08206bce        0x2 
 .text.clk_m4_soc_clk_config
                0x08206bd0       0xc8 CMakeFiles/slc.dir/base/ef12b96310ec8fe51ad0bb487d863844/components/device/silabs/si91x/mcu/drivers/systemlevel/src/rsi_pll.c.obj
                0x08206bd0                clk_m4_soc_clk_config
 .text.ulpss_enable_ref_clks
                0x08206c98       0xf8 CMakeFiles/slc.dir/base/ef12b96310ec8fe51ad0bb487d863844/components/device/silabs/si91x/mcu/drivers/systemlevel/src/rsi_pll.c.obj
                0x08206c98                ulpss_enable_ref_clks
 .text.clk_m4ss_ref_clk_config
                0x08206d90       0xcc CMakeFiles/slc.dir/base/ef12b96310ec8fe51ad0bb487d863844/components/device/silabs/si91x/mcu/drivers/systemlevel/src/rsi_pll.c.obj
                0x08206d90                clk_m4ss_ref_clk_config
 .text.RSI_SetRegSpiDivision
                0x08206e5c       0x18 CMakeFiles/slc.dir/base/ef12b96310ec8fe51ad0bb487d863844/components/device/silabs/si91x/mcu/drivers/systemlevel/src/rsi_ulpss_clk.c.obj
 .text.ulpss_ref_clk_config
                0x08206e74       0xbc CMakeFiles/slc.dir/base/ef12b96310ec8fe51ad0bb487d863844/components/device/silabs/si91x/mcu/drivers/systemlevel/src/rsi_ulpss_clk.c.obj
                0x08206e74                ulpss_ref_clk_config
 .text.ulpss_ulp_proc_clk_config
                0x08206f30      0x14c CMakeFiles/slc.dir/base/ef12b96310ec8fe51ad0bb487d863844/components/device/silabs/si91x/mcu/drivers/systemlevel/src/rsi_ulpss_clk.c.obj
                0x08206f30                ulpss_ulp_proc_clk_config
 .text.convert_rsi_to_sl_error_code
                0x0820707c       0x58 CMakeFiles/slc.dir/base/ef12b96310ec8fe51ad0bb487d863844/components/device/silabs/si91x/mcu/drivers/unified_api/src/sl_si91x_adc.c.obj
 .text.validate_adc_parameters
                0x082070d4       0x18 CMakeFiles/slc.dir/base/ef12b96310ec8fe51ad0bb487d863844/components/device/silabs/si91x/mcu/drivers/unified_api/src/sl_si91x_adc.c.obj
 .text.validate_adc_channel_parameters
                0x082070ec       0xa4 CMakeFiles/slc.dir/base/ef12b96310ec8fe51ad0bb487d863844/components/device/silabs/si91x/mcu/drivers/unified_api/src/sl_si91x_adc.c.obj
 .text.callback_event_handler
                0x08207190       0x14 CMakeFiles/slc.dir/base/ef12b96310ec8fe51ad0bb487d863844/components/device/silabs/si91x/mcu/drivers/unified_api/src/sl_si91x_adc.c.obj
 .text.sl_si91x_adc_get_chip_voltage
                0x082071a4       0x34 CMakeFiles/slc.dir/base/ef12b96310ec8fe51ad0bb487d863844/components/device/silabs/si91x/mcu/drivers/unified_api/src/sl_si91x_adc.c.obj
                0x082071a4                sl_si91x_adc_get_chip_voltage
 .text.sl_si91x_adc_init
                0x082071d8       0xfc CMakeFiles/slc.dir/base/ef12b96310ec8fe51ad0bb487d863844/components/device/silabs/si91x/mcu/drivers/unified_api/src/sl_si91x_adc.c.obj
                0x082071d8                sl_si91x_adc_init
 .text.sl_si91x_adc_set_channel_configuration
                0x082072d4       0x70 CMakeFiles/slc.dir/base/ef12b96310ec8fe51ad0bb487d863844/components/device/silabs/si91x/mcu/drivers/unified_api/src/sl_si91x_adc.c.obj
                0x082072d4                sl_si91x_adc_set_channel_configuration
 .text.sl_si91x_adc_register_event_callback
                0x08207344       0x1c CMakeFiles/slc.dir/base/ef12b96310ec8fe51ad0bb487d863844/components/device/silabs/si91x/mcu/drivers/unified_api/src/sl_si91x_adc.c.obj
                0x08207344                sl_si91x_adc_register_event_callback
 .text.sl_si91x_adc_temperature_sensor_enable
                0x08207360       0x14 CMakeFiles/slc.dir/base/ef12b96310ec8fe51ad0bb487d863844/components/device/silabs/si91x/mcu/drivers/unified_api/src/sl_si91x_adc.c.obj
                0x08207360                sl_si91x_adc_temperature_sensor_enable
 .text.sl_si91x_adc_start
                0x08207374       0x1e CMakeFiles/slc.dir/base/ef12b96310ec8fe51ad0bb487d863844/components/device/silabs/si91x/mcu/drivers/unified_api/src/sl_si91x_adc.c.obj
                0x08207374                sl_si91x_adc_start
 .text.sl_si91x_adc_stop
                0x08207392       0x1e CMakeFiles/slc.dir/base/ef12b96310ec8fe51ad0bb487d863844/components/device/silabs/si91x/mcu/drivers/unified_api/src/sl_si91x_adc.c.obj
                0x08207392                sl_si91x_adc_stop
 .text.sl_si91x_adc_deinit
                0x082073b0       0x28 CMakeFiles/slc.dir/base/ef12b96310ec8fe51ad0bb487d863844/components/device/silabs/si91x/mcu/drivers/unified_api/src/sl_si91x_adc.c.obj
                0x082073b0                sl_si91x_adc_deinit
 .text.callback_event
                0x082073d8       0x10 CMakeFiles/slc.dir/base/067cc5cebcaccc7a4128c8408c9b7619/silabs/si91x/mcu/drivers/unified_api/src/sl_si91x_bjt_temperature_sensor.c.obj
 .text.validate_bjt_channel_parameters
                0x082073e8       0x28 CMakeFiles/slc.dir/base/067cc5cebcaccc7a4128c8408c9b7619/silabs/si91x/mcu/drivers/unified_api/src/sl_si91x_bjt_temperature_sensor.c.obj
 .text.sl_si91x_bjt_temperature_sensor_init
                0x08207410       0x8c CMakeFiles/slc.dir/base/067cc5cebcaccc7a4128c8408c9b7619/silabs/si91x/mcu/drivers/unified_api/src/sl_si91x_bjt_temperature_sensor.c.obj
                0x08207410                sl_si91x_bjt_temperature_sensor_init
 .text.sl_si91x_bjt_temperature_sensor_bg_set_channel_configuration
                0x0820749c       0x68 CMakeFiles/slc.dir/base/067cc5cebcaccc7a4128c8408c9b7619/silabs/si91x/mcu/drivers/unified_api/src/sl_si91x_bjt_temperature_sensor.c.obj
                0x0820749c                sl_si91x_bjt_temperature_sensor_bg_set_channel_configuration
 .text.sl_si91x_bjt_temperature_sensor_set_channel_configuration
                0x08207504       0x4c CMakeFiles/slc.dir/base/067cc5cebcaccc7a4128c8408c9b7619/silabs/si91x/mcu/drivers/unified_api/src/sl_si91x_bjt_temperature_sensor.c.obj
                0x08207504                sl_si91x_bjt_temperature_sensor_set_channel_configuration
 .text.sl_si91x_bjt_temperature_sensor_read_data
                0x08207550      0x170 CMakeFiles/slc.dir/base/067cc5cebcaccc7a4128c8408c9b7619/silabs/si91x/mcu/drivers/unified_api/src/sl_si91x_bjt_temperature_sensor.c.obj
                0x08207550                sl_si91x_bjt_temperature_sensor_read_data
 .text.sl_si91x_bjt_temperature_sensor_deinit
                0x082076c0       0x44 CMakeFiles/slc.dir/base/067cc5cebcaccc7a4128c8408c9b7619/silabs/si91x/mcu/drivers/unified_api/src/sl_si91x_bjt_temperature_sensor.c.obj
                0x082076c0                sl_si91x_bjt_temperature_sensor_deinit
 .text.sl_si91x_dma_init
                0x08207704       0x70 CMakeFiles/slc.dir/base/ef12b96310ec8fe51ad0bb487d863844/components/device/silabs/si91x/mcu/drivers/unified_api/src/sl_si91x_dma.c.obj
                0x08207704                sl_si91x_dma_init
 .text.sl_si91x_dma_allocate_channel
                0x08207774       0xdc CMakeFiles/slc.dir/base/ef12b96310ec8fe51ad0bb487d863844/components/device/silabs/si91x/mcu/drivers/unified_api/src/sl_si91x_dma.c.obj
                0x08207774                sl_si91x_dma_allocate_channel
 .text.sl_si91x_dma_register_callbacks
                0x08207850       0x5c CMakeFiles/slc.dir/base/ef12b96310ec8fe51ad0bb487d863844/components/device/silabs/si91x/mcu/drivers/unified_api/src/sl_si91x_dma.c.obj
                0x08207850                sl_si91x_dma_register_callbacks
 .text.sl_si91x_dma_unregister_callbacks
                0x082078ac       0x88 CMakeFiles/slc.dir/base/ef12b96310ec8fe51ad0bb487d863844/components/device/silabs/si91x/mcu/drivers/unified_api/src/sl_si91x_dma.c.obj
                0x082078ac                sl_si91x_dma_unregister_callbacks
 .text.sl_gpio_clear_interrupts
                0x08207934       0x14 CMakeFiles/slc.dir/base/b77ed8b95d361a4ab4ad09b40ccdef0d/device/silabs/si91x/mcu/drivers/unified_api/src/sl_si91x_driver_gpio.c.obj
 .text.sl_si91x_gpio_driver_enable_pad_receiver
                0x08207948       0x12 CMakeFiles/slc.dir/base/b77ed8b95d361a4ab4ad09b40ccdef0d/device/silabs/si91x/mcu/drivers/unified_api/src/sl_si91x_driver_gpio.c.obj
                0x08207948                sl_si91x_gpio_driver_enable_pad_receiver
 .text.sl_si91x_gpio_driver_enable_pad_selection
                0x0820795a       0x12 CMakeFiles/slc.dir/base/b77ed8b95d361a4ab4ad09b40ccdef0d/device/silabs/si91x/mcu/drivers/unified_api/src/sl_si91x_driver_gpio.c.obj
                0x0820795a                sl_si91x_gpio_driver_enable_pad_selection
 .text.sl_si91x_gpio_driver_enable_host_pad_selection
                0x0820796c       0x16 CMakeFiles/slc.dir/base/b77ed8b95d361a4ab4ad09b40ccdef0d/device/silabs/si91x/mcu/drivers/unified_api/src/sl_si91x_driver_gpio.c.obj
                0x0820796c                sl_si91x_gpio_driver_enable_host_pad_selection
 .text.sl_si91x_gpio_driver_enable_ulp_pad_receiver
                0x08207982       0x12 CMakeFiles/slc.dir/base/b77ed8b95d361a4ab4ad09b40ccdef0d/device/silabs/si91x/mcu/drivers/unified_api/src/sl_si91x_driver_gpio.c.obj
                0x08207982                sl_si91x_gpio_driver_enable_ulp_pad_receiver
 .text.sl_si91x_gpio_driver_set_uulp_npss_pin_mux
                0x08207994       0x16 CMakeFiles/slc.dir/base/b77ed8b95d361a4ab4ad09b40ccdef0d/device/silabs/si91x/mcu/drivers/unified_api/src/sl_si91x_driver_gpio.c.obj
                0x08207994                sl_si91x_gpio_driver_set_uulp_npss_pin_mux
 .text.sl_si91x_gpio_driver_select_uulp_npss_receiver
                0x082079aa       0x16 CMakeFiles/slc.dir/base/b77ed8b95d361a4ab4ad09b40ccdef0d/device/silabs/si91x/mcu/drivers/unified_api/src/sl_si91x_driver_gpio.c.obj
                0x082079aa                sl_si91x_gpio_driver_select_uulp_npss_receiver
 .text.IRQ052_Handler
                0x082079c0       0x18 CMakeFiles/slc.dir/base/b77ed8b95d361a4ab4ad09b40ccdef0d/device/silabs/si91x/mcu/drivers/unified_api/src/sl_si91x_driver_gpio.c.obj
                0x082079c0                IRQ052_Handler
 .text.IRQ053_Handler
                0x082079d8       0x18 CMakeFiles/slc.dir/base/b77ed8b95d361a4ab4ad09b40ccdef0d/device/silabs/si91x/mcu/drivers/unified_api/src/sl_si91x_driver_gpio.c.obj
                0x082079d8                IRQ053_Handler
 .text.IRQ054_Handler
                0x082079f0       0x18 CMakeFiles/slc.dir/base/b77ed8b95d361a4ab4ad09b40ccdef0d/device/silabs/si91x/mcu/drivers/unified_api/src/sl_si91x_driver_gpio.c.obj
                0x082079f0                IRQ054_Handler
 .text.IRQ055_Handler
                0x08207a08       0x18 CMakeFiles/slc.dir/base/b77ed8b95d361a4ab4ad09b40ccdef0d/device/silabs/si91x/mcu/drivers/unified_api/src/sl_si91x_driver_gpio.c.obj
                0x08207a08                IRQ055_Handler
 .text.IRQ056_Handler
                0x08207a20       0x18 CMakeFiles/slc.dir/base/b77ed8b95d361a4ab4ad09b40ccdef0d/device/silabs/si91x/mcu/drivers/unified_api/src/sl_si91x_driver_gpio.c.obj
                0x08207a20                IRQ056_Handler
 .text.IRQ057_Handler
                0x08207a38       0x18 CMakeFiles/slc.dir/base/b77ed8b95d361a4ab4ad09b40ccdef0d/device/silabs/si91x/mcu/drivers/unified_api/src/sl_si91x_driver_gpio.c.obj
                0x08207a38                IRQ057_Handler
 .text.IRQ058_Handler
                0x08207a50       0x18 CMakeFiles/slc.dir/base/b77ed8b95d361a4ab4ad09b40ccdef0d/device/silabs/si91x/mcu/drivers/unified_api/src/sl_si91x_driver_gpio.c.obj
                0x08207a50                IRQ058_Handler
 .text.IRQ059_Handler
                0x08207a68       0x18 CMakeFiles/slc.dir/base/b77ed8b95d361a4ab4ad09b40ccdef0d/device/silabs/si91x/mcu/drivers/unified_api/src/sl_si91x_driver_gpio.c.obj
                0x08207a68                IRQ059_Handler
 .text.IRQ050_Handler
                0x08207a80       0x18 CMakeFiles/slc.dir/base/b77ed8b95d361a4ab4ad09b40ccdef0d/device/silabs/si91x/mcu/drivers/unified_api/src/sl_si91x_driver_gpio.c.obj
                0x08207a80                IRQ050_Handler
 .text.IRQ051_Handler
                0x08207a98       0x18 CMakeFiles/slc.dir/base/b77ed8b95d361a4ab4ad09b40ccdef0d/device/silabs/si91x/mcu/drivers/unified_api/src/sl_si91x_driver_gpio.c.obj
                0x08207a98                IRQ051_Handler
 .text.IRQ021_Handler
                0x08207ab0       0x68 CMakeFiles/slc.dir/base/b77ed8b95d361a4ab4ad09b40ccdef0d/device/silabs/si91x/mcu/drivers/unified_api/src/sl_si91x_driver_gpio.c.obj
                0x08207ab0                IRQ021_Handler
 .text.IRQ018_Handler
                0x08207b18       0xa4 CMakeFiles/slc.dir/base/b77ed8b95d361a4ab4ad09b40ccdef0d/device/silabs/si91x/mcu/drivers/unified_api/src/sl_si91x_driver_gpio.c.obj
                0x08207b18                IRQ018_Handler
 .text.IRQ019_Handler
                0x08207bbc       0x3c CMakeFiles/slc.dir/base/b77ed8b95d361a4ab4ad09b40ccdef0d/device/silabs/si91x/mcu/drivers/unified_api/src/sl_si91x_driver_gpio.c.obj
                0x08207bbc                IRQ019_Handler
 .text.sl_si91x_gpio_validate_soc_peri_on_ulp_gpio
                0x08207bf8       0x18 CMakeFiles/slc.dir/base/b77ed8b95d361a4ab4ad09b40ccdef0d/device/silabs/si91x/mcu/drivers/unified_api/src/sl_si91x_driver_gpio.c.obj
                0x08207bf8                sl_si91x_gpio_validate_soc_peri_on_ulp_gpio
 .text.sl_gpio_validation
                0x08207c10       0x3e CMakeFiles/slc.dir/base/b77ed8b95d361a4ab4ad09b40ccdef0d/device/silabs/si91x/mcu/drivers/unified_api/src/sl_si91x_driver_gpio.c.obj
 .text.sl_gpio_driver_set_pin_mode
                0x08207c4e       0x30 CMakeFiles/slc.dir/base/b77ed8b95d361a4ab4ad09b40ccdef0d/device/silabs/si91x/mcu/drivers/unified_api/src/sl_si91x_driver_gpio.c.obj
                0x08207c4e                sl_gpio_driver_set_pin_mode
 *fill*         0x08207c7e        0x2 
 .text.sl_gpio_set_configuration
                0x08207c80       0xdc CMakeFiles/slc.dir/base/b77ed8b95d361a4ab4ad09b40ccdef0d/device/silabs/si91x/mcu/drivers/unified_api/src/sl_si91x_driver_gpio.c.obj
                0x08207c80                sl_gpio_set_configuration
 .text.sl_si91x_gpio_driver_set_soc_peri_on_ulp_pin_mode
                0x08207d5c       0x50 CMakeFiles/slc.dir/base/b77ed8b95d361a4ab4ad09b40ccdef0d/device/silabs/si91x/mcu/drivers/unified_api/src/sl_si91x_driver_gpio.c.obj
                0x08207d5c                sl_si91x_gpio_driver_set_soc_peri_on_ulp_pin_mode
 .text.sl_si91x_gpio_driver_set_ulp_peri_on_soc_pin_mode
                0x08207dac      0x144 CMakeFiles/slc.dir/base/b77ed8b95d361a4ab4ad09b40ccdef0d/device/silabs/si91x/mcu/drivers/unified_api/src/sl_si91x_driver_gpio.c.obj
                0x08207dac                sl_si91x_gpio_driver_set_ulp_peri_on_soc_pin_mode
 .text.get_i2c_base_address
                0x08207ef0       0x24 CMakeFiles/slc.dir/base/ef12b96310ec8fe51ad0bb487d863844/components/device/silabs/si91x/mcu/drivers/unified_api/src/sl_si91x_i2c.c.obj
 .text.get_i2c_tick_count.constprop.0
                0x08207f14       0x44 CMakeFiles/slc.dir/base/ef12b96310ec8fe51ad0bb487d863844/components/device/silabs/si91x/mcu/drivers/unified_api/src/sl_si91x_i2c.c.obj
 .text.RSI_CLK_I2CClkConfig.constprop.0.isra.0
                0x08207f58       0x18 CMakeFiles/slc.dir/base/ef12b96310ec8fe51ad0bb487d863844/components/device/silabs/si91x/mcu/drivers/unified_api/src/sl_si91x_i2c.c.obj
 .text.sl_si91x_i2c_disable_interrupts.constprop.0
                0x08207f70       0x4c CMakeFiles/slc.dir/base/ef12b96310ec8fe51ad0bb487d863844/components/device/silabs/si91x/mcu/drivers/unified_api/src/sl_si91x_i2c.c.obj
 .text.i2c_handler
                0x08207fbc       0x58 CMakeFiles/slc.dir/base/ef12b96310ec8fe51ad0bb487d863844/components/device/silabs/si91x/mcu/drivers/unified_api/src/sl_si91x_i2c.c.obj
 .text.sl_i2c_driver_init
                0x08208014      0x140 CMakeFiles/slc.dir/base/ef12b96310ec8fe51ad0bb487d863844/components/device/silabs/si91x/mcu/drivers/unified_api/src/sl_si91x_i2c.c.obj
                0x08208014                sl_i2c_driver_init
 .text.sl_i2c_driver_configure_fifo_threshold
                0x08208154       0x32 CMakeFiles/slc.dir/base/ef12b96310ec8fe51ad0bb487d863844/components/device/silabs/si91x/mcu/drivers/unified_api/src/sl_si91x_i2c.c.obj
                0x08208154                sl_i2c_driver_configure_fifo_threshold
 *fill*         0x08208186        0x2 
 .text.sl_i2c_driver_send_data_blocking
                0x08208188       0xe4 CMakeFiles/slc.dir/base/ef12b96310ec8fe51ad0bb487d863844/components/device/silabs/si91x/mcu/drivers/unified_api/src/sl_si91x_i2c.c.obj
                0x08208188                sl_i2c_driver_send_data_blocking
 .text.sl_i2c_driver_receive_data_blocking
                0x0820826c      0x104 CMakeFiles/slc.dir/base/ef12b96310ec8fe51ad0bb487d863844/components/device/silabs/si91x/mcu/drivers/unified_api/src/sl_si91x_i2c.c.obj
                0x0820826c                sl_i2c_driver_receive_data_blocking
 .text.sl_i2c_driver_enable_repeated_start
                0x08208370       0x18 CMakeFiles/slc.dir/base/ef12b96310ec8fe51ad0bb487d863844/components/device/silabs/si91x/mcu/drivers/unified_api/src/sl_si91x_i2c.c.obj
                0x08208370                sl_i2c_driver_enable_repeated_start
 .text.sl_si91x_i2c_pin_init
                0x08208388      0x124 CMakeFiles/slc.dir/base/ef12b96310ec8fe51ad0bb487d863844/components/device/silabs/si91x/mcu/drivers/unified_api/src/sl_si91x_i2c.c.obj
                0x08208388                sl_si91x_i2c_pin_init
 .text.IRQ042_Handler
                0x082084ac        0xc CMakeFiles/slc.dir/base/ef12b96310ec8fe51ad0bb487d863844/components/device/silabs/si91x/mcu/drivers/unified_api/src/sl_si91x_i2c.c.obj
                0x082084ac                IRQ042_Handler
 .text.IRQ061_Handler
                0x082084b8        0xc CMakeFiles/slc.dir/base/ef12b96310ec8fe51ad0bb487d863844/components/device/silabs/si91x/mcu/drivers/unified_api/src/sl_si91x_i2c.c.obj
                0x082084b8                IRQ061_Handler
 .text.IRQ013_Handler
                0x082084c4        0xc CMakeFiles/slc.dir/base/ef12b96310ec8fe51ad0bb487d863844/components/device/silabs/si91x/mcu/drivers/unified_api/src/sl_si91x_i2c.c.obj
                0x082084c4                IRQ013_Handler
 .text.sl_si91x_gpio_enable_pad_selection
                0x082084d0       0x2c CMakeFiles/slc.dir/base/2cbb4684082ecbe6971181304a30dad6/si91x/mcu/drivers/unified_peripheral_drivers/src/sl_si91x_peripheral_gpio.c.obj
                0x082084d0                sl_si91x_gpio_enable_pad_selection
 .text.sl_si91x_gpio_enable_host_pad_selection
                0x082084fc       0x28 CMakeFiles/slc.dir/base/2cbb4684082ecbe6971181304a30dad6/si91x/mcu/drivers/unified_peripheral_drivers/src/sl_si91x_peripheral_gpio.c.obj
                0x082084fc                sl_si91x_gpio_enable_host_pad_selection
 .text.sl_si91x_gpio_clear_group_interrupt
                0x08208524       0x14 CMakeFiles/slc.dir/base/2cbb4684082ecbe6971181304a30dad6/si91x/mcu/drivers/unified_peripheral_drivers/src/sl_si91x_peripheral_gpio.c.obj
                0x08208524                sl_si91x_gpio_clear_group_interrupt
 .text.sl_si91x_gpio_get_uulp_interrupt_status
                0x08208538       0x10 CMakeFiles/slc.dir/base/2cbb4684082ecbe6971181304a30dad6/si91x/mcu/drivers/unified_peripheral_drivers/src/sl_si91x_peripheral_gpio.c.obj
                0x08208538                sl_si91x_gpio_get_uulp_interrupt_status
 .text.sl_si91x_gpio_get_ulp_interrupt_status
                0x08208548       0x10 CMakeFiles/slc.dir/base/2cbb4684082ecbe6971181304a30dad6/si91x/mcu/drivers/unified_peripheral_drivers/src/sl_si91x_peripheral_gpio.c.obj
                0x08208548                sl_si91x_gpio_get_ulp_interrupt_status
 .text.sl_si91x_gpio_clear_ulp_interrupt
                0x08208558       0x14 CMakeFiles/slc.dir/base/2cbb4684082ecbe6971181304a30dad6/si91x/mcu/drivers/unified_peripheral_drivers/src/sl_si91x_peripheral_gpio.c.obj
                0x08208558                sl_si91x_gpio_clear_ulp_interrupt
 .text.sl_si91x_gpio_clear_ulp_group_interrupt
                0x0820856c       0x14 CMakeFiles/slc.dir/base/2cbb4684082ecbe6971181304a30dad6/si91x/mcu/drivers/unified_peripheral_drivers/src/sl_si91x_peripheral_gpio.c.obj
                0x0820856c                sl_si91x_gpio_clear_ulp_group_interrupt
 .text.sl_assert_failed
                0x08208580       0x10 CMakeFiles/slc.dir/base/2cbb4684082ecbe6971181304a30dad6/si91x/mcu/drivers/unified_peripheral_drivers/src/sl_si91x_peripheral_gpio.c.obj
                0x08208580                sl_assert_failed
 .text.sl_gpio_set_pin_output
                0x08208590       0x94 CMakeFiles/slc.dir/base/2cbb4684082ecbe6971181304a30dad6/si91x/mcu/drivers/unified_peripheral_drivers/src/sl_si91x_peripheral_gpio.c.obj
 .text.sl_gpio_clear_pin_output
                0x08208624       0x94 CMakeFiles/slc.dir/base/2cbb4684082ecbe6971181304a30dad6/si91x/mcu/drivers/unified_peripheral_drivers/src/sl_si91x_peripheral_gpio.c.obj
 .text.sl_gpio_set_pin_mode
                0x082086b8      0x100 CMakeFiles/slc.dir/base/2cbb4684082ecbe6971181304a30dad6/si91x/mcu/drivers/unified_peripheral_drivers/src/sl_si91x_peripheral_gpio.c.obj
                0x082086b8                sl_gpio_set_pin_mode
 .text.sl_si91x_gpio_set_pin_direction
                0x082087b8       0xc8 CMakeFiles/slc.dir/base/2cbb4684082ecbe6971181304a30dad6/si91x/mcu/drivers/unified_peripheral_drivers/src/sl_si91x_peripheral_gpio.c.obj
                0x082087b8                sl_si91x_gpio_set_pin_direction
 .text.sl_si91x_gpio_enable_pad_receiver
                0x08208880       0x2c CMakeFiles/slc.dir/base/2cbb4684082ecbe6971181304a30dad6/si91x/mcu/drivers/unified_peripheral_drivers/src/sl_si91x_peripheral_gpio.c.obj
                0x08208880                sl_si91x_gpio_enable_pad_receiver
 .text.sl_si91x_gpio_select_pad_driver_disable_state
                0x082088ac       0x3c CMakeFiles/slc.dir/base/2cbb4684082ecbe6971181304a30dad6/si91x/mcu/drivers/unified_peripheral_drivers/src/sl_si91x_peripheral_gpio.c.obj
                0x082088ac                sl_si91x_gpio_select_pad_driver_disable_state
 .text.sl_si91x_gpio_enable_clock
                0x082088e8       0x48 CMakeFiles/slc.dir/base/2cbb4684082ecbe6971181304a30dad6/si91x/mcu/drivers/unified_peripheral_drivers/src/sl_si91x_peripheral_gpio.c.obj
                0x082088e8                sl_si91x_gpio_enable_clock
 .text.sl_si91x_gpio_get_group_interrupt_status
                0x08208930       0x58 CMakeFiles/slc.dir/base/2cbb4684082ecbe6971181304a30dad6/si91x/mcu/drivers/unified_peripheral_drivers/src/sl_si91x_peripheral_gpio.c.obj
                0x08208930                sl_si91x_gpio_get_group_interrupt_status
 .text.sl_si91x_gpio_enable_ulp_pad_receiver
                0x08208988       0x28 CMakeFiles/slc.dir/base/2cbb4684082ecbe6971181304a30dad6/si91x/mcu/drivers/unified_peripheral_drivers/src/sl_si91x_peripheral_gpio.c.obj
                0x08208988                sl_si91x_gpio_enable_ulp_pad_receiver
 .text.sl_si91x_gpio_select_ulp_pad_driver_disable_state
                0x082089b0       0x68 CMakeFiles/slc.dir/base/2cbb4684082ecbe6971181304a30dad6/si91x/mcu/drivers/unified_peripheral_drivers/src/sl_si91x_peripheral_gpio.c.obj
                0x082089b0                sl_si91x_gpio_select_ulp_pad_driver_disable_state
 .text.sl_si91x_gpio_set_uulp_npss_pin_mux
                0x08208a18       0x38 CMakeFiles/slc.dir/base/2cbb4684082ecbe6971181304a30dad6/si91x/mcu/drivers/unified_peripheral_drivers/src/sl_si91x_peripheral_gpio.c.obj
                0x08208a18                sl_si91x_gpio_set_uulp_npss_pin_mux
 .text.sl_si91x_gpio_select_uulp_npss_receiver
                0x08208a50       0x38 CMakeFiles/slc.dir/base/2cbb4684082ecbe6971181304a30dad6/si91x/mcu/drivers/unified_peripheral_drivers/src/sl_si91x_peripheral_gpio.c.obj
                0x08208a50                sl_si91x_gpio_select_uulp_npss_receiver
 .text.sl_si91x_gpio_set_uulp_npss_direction
                0x08208a88       0x38 CMakeFiles/slc.dir/base/2cbb4684082ecbe6971181304a30dad6/si91x/mcu/drivers/unified_peripheral_drivers/src/sl_si91x_peripheral_gpio.c.obj
                0x08208a88                sl_si91x_gpio_set_uulp_npss_direction
 .text.sl_si91x_gpio_clear_uulp_npss_interrupt
                0x08208ac0       0x24 CMakeFiles/slc.dir/base/2cbb4684082ecbe6971181304a30dad6/si91x/mcu/drivers/unified_peripheral_drivers/src/sl_si91x_peripheral_gpio.c.obj
                0x08208ac0                sl_si91x_gpio_clear_uulp_npss_interrupt
 .text.sl_si91x_i2c_reset
                0x08208ae4       0x64 CMakeFiles/slc.dir/base/2cbb4684082ecbe6971181304a30dad6/si91x/mcu/drivers/unified_peripheral_drivers/src/sl_si91x_peripheral_i2c.c.obj
                0x08208ae4                sl_si91x_i2c_reset
 .text.sl_si91x_i2c_set_frequency
                0x08208b48      0x1a4 CMakeFiles/slc.dir/base/2cbb4684082ecbe6971181304a30dad6/si91x/mcu/drivers/unified_peripheral_drivers/src/sl_si91x_peripheral_i2c.c.obj
                0x08208b48                sl_si91x_i2c_set_frequency
 .text.sl_si91x_i2c_init
                0x08208cec       0x98 CMakeFiles/slc.dir/base/2cbb4684082ecbe6971181304a30dad6/si91x/mcu/drivers/unified_peripheral_drivers/src/sl_si91x_peripheral_i2c.c.obj
                0x08208cec                sl_si91x_i2c_init
 .text          0x08208d84      0x378 c:/users/wsanu/.silabs/slt/installs/conan/p/gcc-ab83b3403fdca6/p/bin/../lib/gcc/arm-none-eabi/12.2.1/thumb/v7e-m+fp/softfp\libgcc.a(_arm_addsubdf3.o)
                0x08208d84                __aeabi_drsub
                0x08208d8c                __aeabi_dsub
                0x08208d8c                __subdf3
                0x08208d90                __aeabi_dadd
                0x08208d90                __adddf3
                0x08209008                __floatunsidf
                0x08209008                __aeabi_ui2d
                0x08209028                __floatsidf
                0x08209028                __aeabi_i2d
                0x0820904c                __aeabi_f2d
                0x0820904c                __extendsfdf2
                0x08209090                __floatundidf
                0x08209090                __aeabi_ul2d
                0x082090a0                __floatdidf
                0x082090a0                __aeabi_l2d
 .text          0x082090fc      0x424 c:/users/wsanu/.silabs/slt/installs/conan/p/gcc-ab83b3403fdca6/p/bin/../lib/gcc/arm-none-eabi/12.2.1/thumb/v7e-m+fp/softfp\libgcc.a(_arm_muldivdf3.o)
                0x082090fc                __aeabi_dmul
                0x082090fc                __muldf3
                0x08209350                __divdf3
                0x08209350                __aeabi_ddiv
 .text          0x08209520      0x110 c:/users/wsanu/.silabs/slt/installs/conan/p/gcc-ab83b3403fdca6/p/bin/../lib/gcc/arm-none-eabi/12.2.1/thumb/v7e-m+fp/softfp\libgcc.a(_arm_cmpdf2.o)
                0x08209520                __gtdf2
                0x08209520                __gedf2
                0x08209528                __ltdf2
                0x08209528                __ledf2
                0x08209530                __nedf2
                0x08209530                __eqdf2
                0x08209530                __cmpdf2
                0x082095ac                __aeabi_cdrcmple
                0x082095bc                __aeabi_cdcmpeq
                0x082095bc                __aeabi_cdcmple
                0x082095cc                __aeabi_dcmpeq
                0x082095e0                __aeabi_dcmplt
                0x082095f4                __aeabi_dcmple
                0x08209608                __aeabi_dcmpge
                0x0820961c                __aeabi_dcmpgt
 .text          0x08209630       0x40 c:/users/wsanu/.silabs/slt/installs/conan/p/gcc-ab83b3403fdca6/p/bin/../lib/gcc/arm-none-eabi/12.2.1/thumb/v7e-m+fp/softfp\libgcc.a(_arm_fixunsdfsi.o)
                0x08209630                __aeabi_d2uiz
                0x08209630                __fixunsdfsi
 .text.__cvt    0x08209670       0xce c:/users/wsanu/.silabs/slt/installs/conan/p/gcc-ab83b3403fdca6/p/bin/../lib/gcc/arm-none-eabi/12.2.1/thumb/v7e-m+fp/softfp\libc_nano.a(libc_a-nano-vfprintf_float.o)
                0x08209670                __cvt
 .text.__exponent
                0x0820973e       0x74 c:/users/wsanu/.silabs/slt/installs/conan/p/gcc-ab83b3403fdca6/p/bin/../lib/gcc/arm-none-eabi/12.2.1/thumb/v7e-m+fp/softfp\libc_nano.a(libc_a-nano-vfprintf_float.o)
                0x0820973e                __exponent
 *fill*         0x082097b2        0x2 
 .text._printf_float
                0x082097b4      0x46c c:/users/wsanu/.silabs/slt/installs/conan/p/gcc-ab83b3403fdca6/p/bin/../lib/gcc/arm-none-eabi/12.2.1/thumb/v7e-m+fp/softfp\libc_nano.a(libc_a-nano-vfprintf_float.o)
                0x082097b4                _printf_float
 .text._printf_common
                0x08209c20       0xda c:/users/wsanu/.silabs/slt/installs/conan/p/gcc-ab83b3403fdca6/p/bin/../lib/gcc/arm-none-eabi/12.2.1/thumb/v7e-m+fp/softfp\libc_nano.a(libc_a-nano-vfprintf_i.o)
                0x08209c20                _printf_common
 *fill*         0x08209cfa        0x2 
 .text._printf_i
                0x08209cfc      0x258 c:/users/wsanu/.silabs/slt/installs/conan/p/gcc-ab83b3403fdca6/p/bin/../lib/gcc/arm-none-eabi/12.2.1/thumb/v7e-m+fp/softfp\libc_nano.a(libc_a-nano-vfprintf_i.o)
                0x08209cfc                _printf_i
 .text.std      0x08209f54       0x6c c:/users/wsanu/.silabs/slt/installs/conan/p/gcc-ab83b3403fdca6/p/bin/../lib/gcc/arm-none-eabi/12.2.1/thumb/v7e-m+fp/softfp\libc_nano.a(libc_a-findfp.o)
 .text.stdio_exit_handler
                0x08209fc0       0x18 c:/users/wsanu/.silabs/slt/installs/conan/p/gcc-ab83b3403fdca6/p/bin/../lib/gcc/arm-none-eabi/12.2.1/thumb/v7e-m+fp/softfp\libc_nano.a(libc_a-findfp.o)
 .text.cleanup_stdio
                0x08209fd8       0x40 c:/users/wsanu/.silabs/slt/installs/conan/p/gcc-ab83b3403fdca6/p/bin/../lib/gcc/arm-none-eabi/12.2.1/thumb/v7e-m+fp/softfp\libc_nano.a(libc_a-findfp.o)
 .text.global_stdio_init.part.0
                0x0820a018       0x3c c:/users/wsanu/.silabs/slt/installs/conan/p/gcc-ab83b3403fdca6/p/bin/../lib/gcc/arm-none-eabi/12.2.1/thumb/v7e-m+fp/softfp\libc_nano.a(libc_a-findfp.o)
 .text.__sfp_lock_acquire
                0x0820a054        0xc c:/users/wsanu/.silabs/slt/installs/conan/p/gcc-ab83b3403fdca6/p/bin/../lib/gcc/arm-none-eabi/12.2.1/thumb/v7e-m+fp/softfp\libc_nano.a(libc_a-findfp.o)
                0x0820a054                __sfp_lock_acquire
 .text.__sfp_lock_release
                0x0820a060        0xc c:/users/wsanu/.silabs/slt/installs/conan/p/gcc-ab83b3403fdca6/p/bin/../lib/gcc/arm-none-eabi/12.2.1/thumb/v7e-m+fp/softfp\libc_nano.a(libc_a-findfp.o)
                0x0820a060                __sfp_lock_release
 .text.__sinit  0x0820a06c       0x30 c:/users/wsanu/.silabs/slt/installs/conan/p/gcc-ab83b3403fdca6/p/bin/../lib/gcc/arm-none-eabi/12.2.1/thumb/v7e-m+fp/softfp\libc_nano.a(libc_a-findfp.o)
                0x0820a06c                __sinit
 .text._fwalk_sglue
                0x0820a09c       0x3c c:/users/wsanu/.silabs/slt/installs/conan/p/gcc-ab83b3403fdca6/p/bin/../lib/gcc/arm-none-eabi/12.2.1/thumb/v7e-m+fp/softfp\libc_nano.a(libc_a-fwalk.o)
                0x0820a09c                _fwalk_sglue
 .text.printf   0x0820a0d8       0x24 c:/users/wsanu/.silabs/slt/installs/conan/p/gcc-ab83b3403fdca6/p/bin/../lib/gcc/arm-none-eabi/12.2.1/thumb/v7e-m+fp/softfp\libc_nano.a(libc_a-printf.o)
                0x0820a0d8                iprintf
                0x0820a0d8                printf
 .text._puts_r  0x0820a0fc       0xaa c:/users/wsanu/.silabs/slt/installs/conan/p/gcc-ab83b3403fdca6/p/bin/../lib/gcc/arm-none-eabi/12.2.1/thumb/v7e-m+fp/softfp\libc_nano.a(libc_a-puts.o)
                0x0820a0fc                _puts_r
 *fill*         0x0820a1a6        0x2 
 .text.puts     0x0820a1a8       0x10 c:/users/wsanu/.silabs/slt/installs/conan/p/gcc-ab83b3403fdca6/p/bin/../lib/gcc/arm-none-eabi/12.2.1/thumb/v7e-m+fp/softfp\libc_nano.a(libc_a-puts.o)
                0x0820a1a8                puts
 .text.__sread  0x0820a1b8       0x22 c:/users/wsanu/.silabs/slt/installs/conan/p/gcc-ab83b3403fdca6/p/bin/../lib/gcc/arm-none-eabi/12.2.1/thumb/v7e-m+fp/softfp\libc_nano.a(libc_a-stdio.o)
                0x0820a1b8                __sread
 .text.__swrite
                0x0820a1da       0x38 c:/users/wsanu/.silabs/slt/installs/conan/p/gcc-ab83b3403fdca6/p/bin/../lib/gcc/arm-none-eabi/12.2.1/thumb/v7e-m+fp/softfp\libc_nano.a(libc_a-stdio.o)
                0x0820a1da                __swrite
 .text.__sseek  0x0820a212       0x24 c:/users/wsanu/.silabs/slt/installs/conan/p/gcc-ab83b3403fdca6/p/bin/../lib/gcc/arm-none-eabi/12.2.1/thumb/v7e-m+fp/softfp\libc_nano.a(libc_a-stdio.o)
                0x0820a212                __sseek
 .text.__sclose
                0x0820a236        0x8 c:/users/wsanu/.silabs/slt/installs/conan/p/gcc-ab83b3403fdca6/p/bin/../lib/gcc/arm-none-eabi/12.2.1/thumb/v7e-m+fp/softfp\libc_nano.a(libc_a-stdio.o)
                0x0820a236                __sclose
 .text.__swbuf_r
                0x0820a23e       0x7c c:/users/wsanu/.silabs/slt/installs/conan/p/gcc-ab83b3403fdca6/p/bin/../lib/gcc/arm-none-eabi/12.2.1/thumb/v7e-m+fp/softfp\libc_nano.a(libc_a-wbuf.o)
                0x0820a23e                __swbuf_r
 *fill*         0x0820a2ba        0x2 
 .text.__swsetup_r
                0x0820a2bc       0xac c:/users/wsanu/.silabs/slt/installs/conan/p/gcc-ab83b3403fdca6/p/bin/../lib/gcc/arm-none-eabi/12.2.1/thumb/v7e-m+fp/softfp\libc_nano.a(libc_a-wsetup.o)
                0x0820a2bc                __swsetup_r
 .text.memset   0x0820a368       0x10 c:/users/wsanu/.silabs/slt/installs/conan/p/gcc-ab83b3403fdca6/p/bin/../lib/gcc/arm-none-eabi/12.2.1/thumb/v7e-m+fp/softfp\libc_nano.a(libc_a-memset.o)
                0x0820a368                memset
 .text._localeconv_r
                0x0820a378        0x8 c:/users/wsanu/.silabs/slt/installs/conan/p/gcc-ab83b3403fdca6/p/bin/../lib/gcc/arm-none-eabi/12.2.1/thumb/v7e-m+fp/softfp\libc_nano.a(libc_a-localeconv.o)
                0x0820a378                _localeconv_r
 .text._close_r
                0x0820a380       0x20 c:/users/wsanu/.silabs/slt/installs/conan/p/gcc-ab83b3403fdca6/p/bin/../lib/gcc/arm-none-eabi/12.2.1/thumb/v7e-m+fp/softfp\libc_nano.a(libc_a-closer.o)
                0x0820a380                _close_r
 .text._lseek_r
                0x0820a3a0       0x24 c:/users/wsanu/.silabs/slt/installs/conan/p/gcc-ab83b3403fdca6/p/bin/../lib/gcc/arm-none-eabi/12.2.1/thumb/v7e-m+fp/softfp\libc_nano.a(libc_a-lseekr.o)
                0x0820a3a0                _lseek_r
 .text._read_r  0x0820a3c4       0x24 c:/users/wsanu/.silabs/slt/installs/conan/p/gcc-ab83b3403fdca6/p/bin/../lib/gcc/arm-none-eabi/12.2.1/thumb/v7e-m+fp/softfp\libc_nano.a(libc_a-readr.o)
                0x0820a3c4                _read_r
 .text._write_r
                0x0820a3e8       0x24 c:/users/wsanu/.silabs/slt/installs/conan/p/gcc-ab83b3403fdca6/p/bin/../lib/gcc/arm-none-eabi/12.2.1/thumb/v7e-m+fp/softfp\libc_nano.a(libc_a-writer.o)
                0x0820a3e8                _write_r
 .text.__errno  0x0820a40c        0xc c:/users/wsanu/.silabs/slt/installs/conan/p/gcc-ab83b3403fdca6/p/bin/../lib/gcc/arm-none-eabi/12.2.1/thumb/v7e-m+fp/softfp\libc_nano.a(libc_a-errno.o)
                0x0820a40c                __errno
 .text.__retarget_lock_init_recursive
                0x0820a418        0x2 c:/users/wsanu/.silabs/slt/installs/conan/p/gcc-ab83b3403fdca6/p/bin/../lib/gcc/arm-none-eabi/12.2.1/thumb/v7e-m+fp/softfp\libc_nano.a(libc_a-lock.o)
                0x0820a418                __retarget_lock_init_recursive
 .text.__retarget_lock_acquire_recursive
                0x0820a41a        0x2 c:/users/wsanu/.silabs/slt/installs/conan/p/gcc-ab83b3403fdca6/p/bin/../lib/gcc/arm-none-eabi/12.2.1/thumb/v7e-m+fp/softfp\libc_nano.a(libc_a-lock.o)
                0x0820a41a                __retarget_lock_acquire_recursive
 .text.__retarget_lock_release_recursive
                0x0820a41c        0x2 c:/users/wsanu/.silabs/slt/installs/conan/p/gcc-ab83b3403fdca6/p/bin/../lib/gcc/arm-none-eabi/12.2.1/thumb/v7e-m+fp/softfp\libc_nano.a(libc_a-lock.o)
                0x0820a41c                __retarget_lock_release_recursive
 *fill*         0x0820a41e        0x2 
 .text          0x0820a420       0xa0 c:/users/wsanu/.silabs/slt/installs/conan/p/gcc-ab83b3403fdca6/p/bin/../lib/gcc/arm-none-eabi/12.2.1/thumb/v7e-m+fp/softfp\libc_nano.a(libc_a-memchr.o)
                0x0820a420                memchr
 .text.memcpy   0x0820a4c0       0x1c c:/users/wsanu/.silabs/slt/installs/conan/p/gcc-ab83b3403fdca6/p/bin/../lib/gcc/arm-none-eabi/12.2.1/thumb/v7e-m+fp/softfp\libc_nano.a(libc_a-memcpy-stub.o)
                0x0820a4c0                memcpy
 .text          0x0820a4dc       0x10 c:/users/wsanu/.silabs/slt/installs/conan/p/gcc-ab83b3403fdca6/p/bin/../lib/gcc/arm-none-eabi/12.2.1/thumb/v7e-m+fp/softfp\libc_nano.a(libc_a-strlen.o)
                0x0820a4dc                strlen
 .text.quorem   0x0820a4ec      0x110 c:/users/wsanu/.silabs/slt/installs/conan/p/gcc-ab83b3403fdca6/p/bin/../lib/gcc/arm-none-eabi/12.2.1/thumb/v7e-m+fp/softfp\libc_nano.a(libc_a-dtoa.o)
 *fill*         0x0820a5fc        0x4 